Archive member included to satisfy reference by file (symbol)

c:/intelfpga_lite/22.1std/nios2eds/bin/gnu/h-x86_64-mingw32/bin/../lib/gcc/nios2-elf/12.1.1/../../../../../H-x86_64-mingw32/nios2-elf/lib\libsmallc.a(lib_a-printf.o)
                              obj/default/hello_world_small.o (printf)
c:/intelfpga_lite/22.1std/nios2eds/bin/gnu/h-x86_64-mingw32/bin/../lib/gcc/nios2-elf/12.1.1/../../../../../H-x86_64-mingw32/nios2-elf/lib\libsmallc.a(lib_a-vfprintf.o)
                              c:/intelfpga_lite/22.1std/nios2eds/bin/gnu/h-x86_64-mingw32/bin/../lib/gcc/nios2-elf/12.1.1/../../../../../H-x86_64-mingw32/nios2-elf/lib\libsmallc.a(lib_a-printf.o) (___vfprintf_internal_r)
c:/intelfpga_lite/22.1std/nios2eds/bin/gnu/h-x86_64-mingw32/bin/../lib/gcc/nios2-elf/12.1.1/../../../../../H-x86_64-mingw32/nios2-elf/lib\libsmallc.a(lib_a-fvwrite_small_dev.o)
                              c:/intelfpga_lite/22.1std/nios2eds/bin/gnu/h-x86_64-mingw32/bin/../lib/gcc/nios2-elf/12.1.1/../../../../../H-x86_64-mingw32/nios2-elf/lib\libsmallc.a(lib_a-printf.o) (__sfvwrite_small_dev)
c:/intelfpga_lite/22.1std/nios2eds/bin/gnu/h-x86_64-mingw32/bin/../lib/gcc/nios2-elf/12.1.1/../../../../../H-x86_64-mingw32/nios2-elf/lib\libsmallc.a(lib_a-impure.o)
                              c:/intelfpga_lite/22.1std/nios2eds/bin/gnu/h-x86_64-mingw32/bin/../lib/gcc/nios2-elf/12.1.1/../../../../../H-x86_64-mingw32/nios2-elf/lib\libsmallc.a(lib_a-printf.o) (_impure_ptr)
c:/intelfpga_lite/22.1std/nios2eds/bin/gnu/h-x86_64-mingw32/bin/../lib/gcc/nios2-elf/12.1.1/../../../../../H-x86_64-mingw32/nios2-elf/lib\libsmallc.a(lib_a-strlen.o)
                              c:/intelfpga_lite/22.1std/nios2eds/bin/gnu/h-x86_64-mingw32/bin/../lib/gcc/nios2-elf/12.1.1/../../../../../H-x86_64-mingw32/nios2-elf/lib\libsmallc.a(lib_a-vfprintf.o) (strlen)
c:/intelfpga_lite/22.1std/nios2eds/bin/gnu/h-x86_64-mingw32/bin/../lib/gcc/nios2-elf/12.1.1/../../../../../H-x86_64-mingw32/nios2-elf/lib\libsmallc.a(lib_a-writer.o)
                              c:/intelfpga_lite/22.1std/nios2eds/bin/gnu/h-x86_64-mingw32/bin/../lib/gcc/nios2-elf/12.1.1/../../../../../H-x86_64-mingw32/nios2-elf/lib\libsmallc.a(lib_a-fvwrite_small_dev.o) (_write_r)
c:/intelfpga_lite/22.1std/nios2eds/bin/gnu/h-x86_64-mingw32/bin/../lib/gcc/nios2-elf/12.1.1/../../../../../H-x86_64-mingw32/nios2-elf/lib\libsmallc.a(lib_a-int_errno.o)
                              c:/intelfpga_lite/22.1std/nios2eds/bin/gnu/h-x86_64-mingw32/bin/../lib/gcc/nios2-elf/12.1.1/../../../../../H-x86_64-mingw32/nios2-elf/lib\libsmallc.a(lib_a-writer.o) (errno)
c:/intelfpga_lite/22.1std/nios2eds/bin/gnu/h-x86_64-mingw32/bin/../lib/gcc/nios2-elf/12.1.1\libgcc.a(lib2-divmod.o)
                              c:/intelfpga_lite/22.1std/nios2eds/bin/gnu/h-x86_64-mingw32/bin/../lib/gcc/nios2-elf/12.1.1/../../../../../H-x86_64-mingw32/nios2-elf/lib\libsmallc.a(lib_a-vfprintf.o) (__udivsi3)
c:/Users/ailen/Desktop/licenta/Nios_Custom_periherial_1/software/NiosCustomIP_bsp/\libhal_bsp.a(alt_load.o)
                              c:/Users/ailen/Desktop/licenta/Nios_Custom_periherial_1/software/NiosCustomIP_bsp//obj/HAL/src/crt0.o (alt_load)
c:/Users/ailen/Desktop/licenta/Nios_Custom_periherial_1/software/NiosCustomIP_bsp/\libhal_bsp.a(alt_main.o)
                              c:/Users/ailen/Desktop/licenta/Nios_Custom_periherial_1/software/NiosCustomIP_bsp//obj/HAL/src/crt0.o (alt_main)
c:/Users/ailen/Desktop/licenta/Nios_Custom_periherial_1/software/NiosCustomIP_bsp/\libhal_bsp.a(alt_write.o)
                              c:/intelfpga_lite/22.1std/nios2eds/bin/gnu/h-x86_64-mingw32/bin/../lib/gcc/nios2-elf/12.1.1/../../../../../H-x86_64-mingw32/nios2-elf/lib\libsmallc.a(lib_a-writer.o) (write)
c:/Users/ailen/Desktop/licenta/Nios_Custom_periherial_1/software/NiosCustomIP_bsp/\libhal_bsp.a(alt_sys_init.o)
                              c:/Users/ailen/Desktop/licenta/Nios_Custom_periherial_1/software/NiosCustomIP_bsp/\libhal_bsp.a(alt_main.o) (alt_irq_init)
c:/Users/ailen/Desktop/licenta/Nios_Custom_periherial_1/software/NiosCustomIP_bsp/\libhal_bsp.a(altera_avalon_jtag_uart_write.o)
                              c:/Users/ailen/Desktop/licenta/Nios_Custom_periherial_1/software/NiosCustomIP_bsp/\libhal_bsp.a(alt_write.o) (altera_avalon_jtag_uart_write)
c:/Users/ailen/Desktop/licenta/Nios_Custom_periherial_1/software/NiosCustomIP_bsp/\libhal_bsp.a(alt_dcache_flush_all.o)
                              c:/Users/ailen/Desktop/licenta/Nios_Custom_periherial_1/software/NiosCustomIP_bsp/\libhal_bsp.a(alt_load.o) (alt_dcache_flush_all)
c:/Users/ailen/Desktop/licenta/Nios_Custom_periherial_1/software/NiosCustomIP_bsp/\libhal_bsp.a(alt_errno.o)
                              c:/Users/ailen/Desktop/licenta/Nios_Custom_periherial_1/software/NiosCustomIP_bsp/\libhal_bsp.a(alt_write.o) (alt_errno)
c:/Users/ailen/Desktop/licenta/Nios_Custom_periherial_1/software/NiosCustomIP_bsp/\libhal_bsp.a(alt_icache_flush_all.o)
                              c:/Users/ailen/Desktop/licenta/Nios_Custom_periherial_1/software/NiosCustomIP_bsp/\libhal_bsp.a(alt_load.o) (alt_icache_flush_all)
c:/Users/ailen/Desktop/licenta/Nios_Custom_periherial_1/software/NiosCustomIP_bsp/\libhal_bsp.a(altera_nios2_gen2_irq.o)
                              c:/Users/ailen/Desktop/licenta/Nios_Custom_periherial_1/software/NiosCustomIP_bsp/\libhal_bsp.a(alt_sys_init.o) (altera_nios2_gen2_irq_init)
c:/Users/ailen/Desktop/licenta/Nios_Custom_periherial_1/software/NiosCustomIP_bsp/\libhal_bsp.a(alt_icache_flush.o)
                              c:/Users/ailen/Desktop/licenta/Nios_Custom_periherial_1/software/NiosCustomIP_bsp/\libhal_bsp.a(alt_icache_flush_all.o) (alt_icache_flush)
c:/intelfpga_lite/22.1std/nios2eds/bin/gnu/h-x86_64-mingw32/bin/../lib/gcc/nios2-elf/12.1.1/../../../../../H-x86_64-mingw32/nios2-elf/lib\libsmallc.a(lib_a-memcpy.o)
                              c:/Users/ailen/Desktop/licenta/Nios_Custom_periherial_1/software/NiosCustomIP_bsp/\libhal_bsp.a(alt_load.o) (memcpy)

Memory Configuration

Name             Origin             Length             Attributes
reset            0x0000000000010000 0x0000000000000020
SRAM             0x0000000000010020 0x0000000000009fe0
*default*        0x0000000000000000 0xffffffffffffffff

Linker script and memory map

LOAD c:/Users/ailen/Desktop/licenta/Nios_Custom_periherial_1/software/NiosCustomIP_bsp//obj/HAL/src/crt0.o
LOAD obj/default/hello_world_small.o
LOAD c:/intelfpga_lite/22.1std/nios2eds/bin/gnu/h-x86_64-mingw32/bin/../lib/gcc/nios2-elf/12.1.1/../../../../../H-x86_64-mingw32/nios2-elf/lib\libstdc++.a
LOAD c:/intelfpga_lite/22.1std/nios2eds/bin/gnu/h-x86_64-mingw32/bin/../lib/gcc/nios2-elf/12.1.1/../../../../../H-x86_64-mingw32/nios2-elf/lib\libm.a
LOAD c:/intelfpga_lite/22.1std/nios2eds/bin/gnu/h-x86_64-mingw32/bin/../lib/gcc/nios2-elf/12.1.1\libgcc.a
START GROUP
LOAD c:/intelfpga_lite/22.1std/nios2eds/bin/gnu/h-x86_64-mingw32/bin/../lib/gcc/nios2-elf/12.1.1/../../../../../H-x86_64-mingw32/nios2-elf/lib\libsmallc.a
LOAD c:/intelfpga_lite/22.1std/nios2eds/bin/gnu/h-x86_64-mingw32/bin/../lib/gcc/nios2-elf/12.1.1\libgcc.a
LOAD c:/Users/ailen/Desktop/licenta/Nios_Custom_periherial_1/software/NiosCustomIP_bsp/\libhal_bsp.a
LOAD c:/intelfpga_lite/22.1std/nios2eds/bin/gnu/h-x86_64-mingw32/bin/../lib/gcc/nios2-elf/12.1.1/../../../../../H-x86_64-mingw32/nios2-elf/lib\libm.a
END GROUP
LOAD c:/intelfpga_lite/22.1std/nios2eds/bin/gnu/h-x86_64-mingw32/bin/../lib/gcc/nios2-elf/12.1.1\libgcc.a
                0x0000000000010000                __alt_mem_SRAM = 0x10000

.entry          0x0000000000010000       0x20
 *(.entry)
 .entry         0x0000000000010000       0x20 c:/Users/ailen/Desktop/licenta/Nios_Custom_periherial_1/software/NiosCustomIP_bsp//obj/HAL/src/crt0.o
                0x0000000000010000                __reset
                0x000000000001001c                _exit

.exceptions     0x0000000000010020        0x0
                0x0000000000010020                PROVIDE (__ram_exceptions_start = ABSOLUTE (.))
                0x0000000000010020                . = ALIGN (0x20)
 *(.irq)
 *(.exceptions.entry.label)
 *(.exceptions.entry.user)
 *(.exceptions.entry.ecc_fatal)
 *(.exceptions.entry)
 *(.exceptions.irqtest.user)
 *(.exceptions.irqtest)
 *(.exceptions.irqhandler.user)
 *(.exceptions.irqhandler)
 *(.exceptions.irqreturn.user)
 *(.exceptions.irqreturn)
 *(.exceptions.notirq.label)
 *(.exceptions.notirq.user)
 *(.exceptions.notirq)
 *(.exceptions.soft.user)
 *(.exceptions.soft)
 *(.exceptions.unknown.user)
 *(.exceptions.unknown)
 *(.exceptions.exit.label)
 *(.exceptions.exit.user)
 *(.exceptions.exit)
 *(.exceptions)
                0x0000000000010020                PROVIDE (__ram_exceptions_end = ABSOLUTE (.))
                0x0000000000010020                PROVIDE (__flash_exceptions_start = LOADADDR (.exceptions))

.text           0x0000000000010020      0xb5c
                [!provide]                        PROVIDE (stext = ABSOLUTE (.))
 *(.interp)
 *(.hash)
 *(.dynsym)
 *(.dynstr)
 *(.gnu.version)
 *(.gnu.version_d)
 *(.gnu.version_r)
 *(.rel.init)
 *(.rela.init)
 *(.rel.text .rel.text.* .rel.gnu.linkonce.t.*)
 *(.rela.text .rela.text.* .rela.gnu.linkonce.t.*)
 *(.rel.fini)
 *(.rela.fini)
 *(.rel.rodata .rel.rodata.* .rel.gnu.linkonce.r.*)
 *(.rela.rodata .rela.rodata.* .rela.gnu.linkonce.r.*)
 *(.rel.data .rel.data.* .rel.gnu.linkonce.d.*)
 *(.rela.data .rela.data.* .rela.gnu.linkonce.d.*)
 *(.rel.tdata .rel.tdata.* .rel.gnu.linkonce.td.*)
 *(.rela.tdata .rela.tdata.* .rela.gnu.linkonce.td.*)
 *(.rel.tbss .rel.tbss.* .rel.gnu.linkonce.tb.*)
 *(.rela.tbss .rela.tbss.* .rela.gnu.linkonce.tb.*)
 *(.rel.ctors)
 *(.rela.ctors)
 *(.rel.dtors)
 *(.rela.dtors)
 *(.rel.got)
 *(.rela.got)
 *(.rel.sdata .rel.sdata.* .rel.gnu.linkonce.s.*)
 *(.rela.sdata .rela.sdata.* .rela.gnu.linkonce.s.*)
 *(.rel.sbss .rel.sbss.* .rel.gnu.linkonce.sb.*)
 *(.rela.sbss .rela.sbss.* .rela.gnu.linkonce.sb.*)
 *(.rel.sdata2 .rel.sdata2.* .rel.gnu.linkonce.s2.*)
 *(.rela.sdata2 .rela.sdata2.* .rela.gnu.linkonce.s2.*)
 *(.rel.sbss2 .rel.sbss2.* .rel.gnu.linkonce.sb2.*)
 *(.rela.sbss2 .rela.sbss2.* .rela.gnu.linkonce.sb2.*)
 *(.rel.bss .rel.bss.* .rel.gnu.linkonce.b.*)
 *(.rela.bss .rela.bss.* .rela.gnu.linkonce.b.*)
 *(.rel.plt)
 *(.rela.plt)
 *(.rel.dyn)
 *(.init)
 *(.plt)
 *(.text .stub .text.* .gnu.linkonce.t.*)
 .text          0x0000000000010020       0x4c c:/Users/ailen/Desktop/licenta/Nios_Custom_periherial_1/software/NiosCustomIP_bsp//obj/HAL/src/crt0.o
                0x0000000000010020                _start
 .text          0x000000000001006c        0x0 obj/default/hello_world_small.o
 .text.startup  0x000000000001006c       0x34 obj/default/hello_world_small.o
                0x000000000001006c                main
 .text          0x00000000000100a0        0x0 c:/intelfpga_lite/22.1std/nios2eds/bin/gnu/h-x86_64-mingw32/bin/../lib/gcc/nios2-elf/12.1.1/../../../../../H-x86_64-mingw32/nios2-elf/lib\libsmallc.a(lib_a-printf.o)
 .text._printf_r
                0x00000000000100a0       0x3c c:/intelfpga_lite/22.1std/nios2eds/bin/gnu/h-x86_64-mingw32/bin/../lib/gcc/nios2-elf/12.1.1/../../../../../H-x86_64-mingw32/nios2-elf/lib\libsmallc.a(lib_a-printf.o)
                0x00000000000100a0                _printf_r
 .text.printf   0x00000000000100dc       0x48 c:/intelfpga_lite/22.1std/nios2eds/bin/gnu/h-x86_64-mingw32/bin/../lib/gcc/nios2-elf/12.1.1/../../../../../H-x86_64-mingw32/nios2-elf/lib\libsmallc.a(lib_a-printf.o)
                0x00000000000100dc                printf
 .text          0x0000000000010124        0x0 c:/intelfpga_lite/22.1std/nios2eds/bin/gnu/h-x86_64-mingw32/bin/../lib/gcc/nios2-elf/12.1.1/../../../../../H-x86_64-mingw32/nios2-elf/lib\libsmallc.a(lib_a-vfprintf.o)
 .text.print_repeat
                0x0000000000010124       0x6c c:/intelfpga_lite/22.1std/nios2eds/bin/gnu/h-x86_64-mingw32/bin/../lib/gcc/nios2-elf/12.1.1/../../../../../H-x86_64-mingw32/nios2-elf/lib\libsmallc.a(lib_a-vfprintf.o)
 .text.___vfprintf_internal_r
                0x0000000000010190      0x4fc c:/intelfpga_lite/22.1std/nios2eds/bin/gnu/h-x86_64-mingw32/bin/../lib/gcc/nios2-elf/12.1.1/../../../../../H-x86_64-mingw32/nios2-elf/lib\libsmallc.a(lib_a-vfprintf.o)
                0x0000000000010190                ___vfprintf_internal_r
 .text.__vfprintf_internal
                0x000000000001068c       0x18 c:/intelfpga_lite/22.1std/nios2eds/bin/gnu/h-x86_64-mingw32/bin/../lib/gcc/nios2-elf/12.1.1/../../../../../H-x86_64-mingw32/nios2-elf/lib\libsmallc.a(lib_a-vfprintf.o)
                0x000000000001068c                __vfprintf_internal
 .text          0x00000000000106a4        0x0 c:/intelfpga_lite/22.1std/nios2eds/bin/gnu/h-x86_64-mingw32/bin/../lib/gcc/nios2-elf/12.1.1/../../../../../H-x86_64-mingw32/nios2-elf/lib\libsmallc.a(lib_a-fvwrite_small_dev.o)
 .text.__sfvwrite_small_dev
                0x00000000000106a4       0xa8 c:/intelfpga_lite/22.1std/nios2eds/bin/gnu/h-x86_64-mingw32/bin/../lib/gcc/nios2-elf/12.1.1/../../../../../H-x86_64-mingw32/nios2-elf/lib\libsmallc.a(lib_a-fvwrite_small_dev.o)
                0x00000000000106a4                __sfvwrite_small_dev
 .text          0x000000000001074c        0x0 c:/intelfpga_lite/22.1std/nios2eds/bin/gnu/h-x86_64-mingw32/bin/../lib/gcc/nios2-elf/12.1.1/../../../../../H-x86_64-mingw32/nios2-elf/lib\libsmallc.a(lib_a-impure.o)
 .text          0x000000000001074c        0x0 c:/intelfpga_lite/22.1std/nios2eds/bin/gnu/h-x86_64-mingw32/bin/../lib/gcc/nios2-elf/12.1.1/../../../../../H-x86_64-mingw32/nios2-elf/lib\libsmallc.a(lib_a-strlen.o)
 .text.strlen   0x000000000001074c       0x1c c:/intelfpga_lite/22.1std/nios2eds/bin/gnu/h-x86_64-mingw32/bin/../lib/gcc/nios2-elf/12.1.1/../../../../../H-x86_64-mingw32/nios2-elf/lib\libsmallc.a(lib_a-strlen.o)
                0x000000000001074c                strlen
 .text          0x0000000000010768        0x0 c:/intelfpga_lite/22.1std/nios2eds/bin/gnu/h-x86_64-mingw32/bin/../lib/gcc/nios2-elf/12.1.1/../../../../../H-x86_64-mingw32/nios2-elf/lib\libsmallc.a(lib_a-writer.o)
 .text._write_r
                0x0000000000010768       0x50 c:/intelfpga_lite/22.1std/nios2eds/bin/gnu/h-x86_64-mingw32/bin/../lib/gcc/nios2-elf/12.1.1/../../../../../H-x86_64-mingw32/nios2-elf/lib\libsmallc.a(lib_a-writer.o)
                0x0000000000010768                _write_r
 .text          0x00000000000107b8        0x0 c:/intelfpga_lite/22.1std/nios2eds/bin/gnu/h-x86_64-mingw32/bin/../lib/gcc/nios2-elf/12.1.1/../../../../../H-x86_64-mingw32/nios2-elf/lib\libsmallc.a(lib_a-int_errno.o)
 .text          0x00000000000107b8      0x1b4 c:/intelfpga_lite/22.1std/nios2eds/bin/gnu/h-x86_64-mingw32/bin/../lib/gcc/nios2-elf/12.1.1\libgcc.a(lib2-divmod.o)
                0x00000000000107b8                __divsi3
                0x0000000000010838                __modsi3
                0x00000000000108ac                __udivsi3
                0x0000000000010910                __umodsi3
 .text          0x000000000001096c       0x84 c:/Users/ailen/Desktop/licenta/Nios_Custom_periherial_1/software/NiosCustomIP_bsp/\libhal_bsp.a(alt_load.o)
                0x000000000001096c                alt_load
 .text          0x00000000000109f0       0x2c c:/Users/ailen/Desktop/licenta/Nios_Custom_periherial_1/software/NiosCustomIP_bsp/\libhal_bsp.a(alt_main.o)
                0x00000000000109f0                alt_main
 .text          0x0000000000010a1c       0x5c c:/Users/ailen/Desktop/licenta/Nios_Custom_periherial_1/software/NiosCustomIP_bsp/\libhal_bsp.a(alt_write.o)
                0x0000000000010a1c                write
 .text          0x0000000000010a78       0x24 c:/Users/ailen/Desktop/licenta/Nios_Custom_periherial_1/software/NiosCustomIP_bsp/\libhal_bsp.a(alt_sys_init.o)
                0x0000000000010a78                alt_irq_init
                0x0000000000010a98                alt_sys_init
 .text          0x0000000000010a9c       0x30 c:/Users/ailen/Desktop/licenta/Nios_Custom_periherial_1/software/NiosCustomIP_bsp/\libhal_bsp.a(altera_avalon_jtag_uart_write.o)
                0x0000000000010a9c                altera_avalon_jtag_uart_write
 .text          0x0000000000010acc       0x18 c:/Users/ailen/Desktop/licenta/Nios_Custom_periherial_1/software/NiosCustomIP_bsp/\libhal_bsp.a(alt_dcache_flush_all.o)
                0x0000000000010acc                alt_dcache_flush_all
 .text          0x0000000000010ae4        0x0 c:/Users/ailen/Desktop/licenta/Nios_Custom_periherial_1/software/NiosCustomIP_bsp/\libhal_bsp.a(alt_errno.o)
 .text          0x0000000000010ae4        0xc c:/Users/ailen/Desktop/licenta/Nios_Custom_periherial_1/software/NiosCustomIP_bsp/\libhal_bsp.a(alt_icache_flush_all.o)
                0x0000000000010ae4                alt_icache_flush_all
 .text          0x0000000000010af0        0x8 c:/Users/ailen/Desktop/licenta/Nios_Custom_periherial_1/software/NiosCustomIP_bsp/\libhal_bsp.a(altera_nios2_gen2_irq.o)
                0x0000000000010af0                altera_nios2_gen2_irq_init
 .text          0x0000000000010af8       0x5c c:/Users/ailen/Desktop/licenta/Nios_Custom_periherial_1/software/NiosCustomIP_bsp/\libhal_bsp.a(alt_icache_flush.o)
                0x0000000000010af8                alt_icache_flush
 .text          0x0000000000010b54        0x0 c:/intelfpga_lite/22.1std/nios2eds/bin/gnu/h-x86_64-mingw32/bin/../lib/gcc/nios2-elf/12.1.1/../../../../../H-x86_64-mingw32/nios2-elf/lib\libsmallc.a(lib_a-memcpy.o)
 .text.memcpy   0x0000000000010b54       0x28 c:/intelfpga_lite/22.1std/nios2eds/bin/gnu/h-x86_64-mingw32/bin/../lib/gcc/nios2-elf/12.1.1/../../../../../H-x86_64-mingw32/nios2-elf/lib\libsmallc.a(lib_a-memcpy.o)
                0x0000000000010b54                memcpy
 *(.gnu.warning.*)
 *(.fini)
                [!provide]                        PROVIDE (__etext = ABSOLUTE (.))
                [!provide]                        PROVIDE (_etext = ABSOLUTE (.))
                [!provide]                        PROVIDE (etext = ABSOLUTE (.))
 *(.eh_frame_hdr)
                0x0000000000010b7c                . = ALIGN (0x4)
                [!provide]                        PROVIDE (__preinit_array_start = ABSOLUTE (.))
 *(.preinit_array)
                [!provide]                        PROVIDE (__preinit_array_end = ABSOLUTE (.))
                [!provide]                        PROVIDE (__init_array_start = ABSOLUTE (.))
 *(.init_array)
                [!provide]                        PROVIDE (__init_array_end = ABSOLUTE (.))
                [!provide]                        PROVIDE (__fini_array_start = ABSOLUTE (.))
 *(.fini_array)
                [!provide]                        PROVIDE (__fini_array_end = ABSOLUTE (.))
 *(.eh_frame)
 *(.gcc_except_table .gcc_except_table.*)
 *(.dynamic)
                [!provide]                        PROVIDE (__CTOR_LIST__ = ABSOLUTE (.))
 *(.ctors)
 *(SORT_BY_NAME(.ctors.*))
                [!provide]                        PROVIDE (__CTOR_END__ = ABSOLUTE (.))
                [!provide]                        PROVIDE (__DTOR_LIST__ = ABSOLUTE (.))
 *(.dtors)
 *(SORT_BY_NAME(.dtors.*))
                [!provide]                        PROVIDE (__DTOR_END__ = ABSOLUTE (.))
 *(.jcr)
                0x0000000000010b7c                . = ALIGN (0x4)

.rodata         0x0000000000010b7c       0x40
                0x0000000000010b7c                PROVIDE (__ram_rodata_start = ABSOLUTE (.))
                0x0000000000010b7c                . = ALIGN (0x4)
 *(.rodata .rodata.* .gnu.linkonce.r.*)
 .rodata.str1.4
                0x0000000000010b7c       0x3d obj/default/hello_world_small.o
 *(.rodata1)
                0x0000000000010bbc                . = ALIGN (0x4)
 *fill*         0x0000000000010bb9        0x3 
                0x0000000000010bbc                PROVIDE (__ram_rodata_end = ABSOLUTE (.))
                0x0000000000010b7c                PROVIDE (__flash_rodata_start = LOADADDR (.rodata))

.rwdata         0x0000000000010bbc       0xf4 load address 0x0000000000010cb0
                0x0000000000010bbc                PROVIDE (__ram_rwdata_start = ABSOLUTE (.))
                0x0000000000010bbc                . = ALIGN (0x4)
 *(.got.plt)
 *(.got)
 *(.data1)
 *(.data .data.* .gnu.linkonce.d.*)
 .data          0x0000000000010bbc        0x0 c:/Users/ailen/Desktop/licenta/Nios_Custom_periherial_1/software/NiosCustomIP_bsp//obj/HAL/src/crt0.o
 .data          0x0000000000010bbc        0x0 obj/default/hello_world_small.o
 .data          0x0000000000010bbc        0x0 c:/intelfpga_lite/22.1std/nios2eds/bin/gnu/h-x86_64-mingw32/bin/../lib/gcc/nios2-elf/12.1.1/../../../../../H-x86_64-mingw32/nios2-elf/lib\libsmallc.a(lib_a-printf.o)
 .data          0x0000000000010bbc        0x0 c:/intelfpga_lite/22.1std/nios2eds/bin/gnu/h-x86_64-mingw32/bin/../lib/gcc/nios2-elf/12.1.1/../../../../../H-x86_64-mingw32/nios2-elf/lib\libsmallc.a(lib_a-vfprintf.o)
 .data          0x0000000000010bbc        0x0 c:/intelfpga_lite/22.1std/nios2eds/bin/gnu/h-x86_64-mingw32/bin/../lib/gcc/nios2-elf/12.1.1/../../../../../H-x86_64-mingw32/nios2-elf/lib\libsmallc.a(lib_a-fvwrite_small_dev.o)
 .data          0x0000000000010bbc        0x0 c:/intelfpga_lite/22.1std/nios2eds/bin/gnu/h-x86_64-mingw32/bin/../lib/gcc/nios2-elf/12.1.1/../../../../../H-x86_64-mingw32/nios2-elf/lib\libsmallc.a(lib_a-impure.o)
 .data.impure_data
                0x0000000000010bbc       0xe4 c:/intelfpga_lite/22.1std/nios2eds/bin/gnu/h-x86_64-mingw32/bin/../lib/gcc/nios2-elf/12.1.1/../../../../../H-x86_64-mingw32/nios2-elf/lib\libsmallc.a(lib_a-impure.o)
 .data          0x0000000000010ca0        0x0 c:/intelfpga_lite/22.1std/nios2eds/bin/gnu/h-x86_64-mingw32/bin/../lib/gcc/nios2-elf/12.1.1/../../../../../H-x86_64-mingw32/nios2-elf/lib\libsmallc.a(lib_a-strlen.o)
 .data          0x0000000000010ca0        0x0 c:/intelfpga_lite/22.1std/nios2eds/bin/gnu/h-x86_64-mingw32/bin/../lib/gcc/nios2-elf/12.1.1/../../../../../H-x86_64-mingw32/nios2-elf/lib\libsmallc.a(lib_a-writer.o)
 .data          0x0000000000010ca0        0x0 c:/intelfpga_lite/22.1std/nios2eds/bin/gnu/h-x86_64-mingw32/bin/../lib/gcc/nios2-elf/12.1.1/../../../../../H-x86_64-mingw32/nios2-elf/lib\libsmallc.a(lib_a-int_errno.o)
 .data          0x0000000000010ca0        0x0 c:/intelfpga_lite/22.1std/nios2eds/bin/gnu/h-x86_64-mingw32/bin/../lib/gcc/nios2-elf/12.1.1\libgcc.a(lib2-divmod.o)
 .data          0x0000000000010ca0        0x0 c:/Users/ailen/Desktop/licenta/Nios_Custom_periherial_1/software/NiosCustomIP_bsp/\libhal_bsp.a(alt_load.o)
 .data          0x0000000000010ca0        0x0 c:/Users/ailen/Desktop/licenta/Nios_Custom_periherial_1/software/NiosCustomIP_bsp/\libhal_bsp.a(alt_main.o)
 .data          0x0000000000010ca0        0x0 c:/Users/ailen/Desktop/licenta/Nios_Custom_periherial_1/software/NiosCustomIP_bsp/\libhal_bsp.a(alt_write.o)
 .data          0x0000000000010ca0        0x0 c:/Users/ailen/Desktop/licenta/Nios_Custom_periherial_1/software/NiosCustomIP_bsp/\libhal_bsp.a(alt_sys_init.o)
 .data          0x0000000000010ca0        0x0 c:/Users/ailen/Desktop/licenta/Nios_Custom_periherial_1/software/NiosCustomIP_bsp/\libhal_bsp.a(altera_avalon_jtag_uart_write.o)
 .data          0x0000000000010ca0        0x0 c:/Users/ailen/Desktop/licenta/Nios_Custom_periherial_1/software/NiosCustomIP_bsp/\libhal_bsp.a(alt_dcache_flush_all.o)
 .data          0x0000000000010ca0        0x0 c:/Users/ailen/Desktop/licenta/Nios_Custom_periherial_1/software/NiosCustomIP_bsp/\libhal_bsp.a(alt_errno.o)
 .data          0x0000000000010ca0        0x0 c:/Users/ailen/Desktop/licenta/Nios_Custom_periherial_1/software/NiosCustomIP_bsp/\libhal_bsp.a(alt_icache_flush_all.o)
 .data          0x0000000000010ca0        0x0 c:/Users/ailen/Desktop/licenta/Nios_Custom_periherial_1/software/NiosCustomIP_bsp/\libhal_bsp.a(altera_nios2_gen2_irq.o)
 .data          0x0000000000010ca0        0x0 c:/Users/ailen/Desktop/licenta/Nios_Custom_periherial_1/software/NiosCustomIP_bsp/\libhal_bsp.a(alt_icache_flush.o)
 .data          0x0000000000010ca0        0x0 c:/intelfpga_lite/22.1std/nios2eds/bin/gnu/h-x86_64-mingw32/bin/../lib/gcc/nios2-elf/12.1.1/../../../../../H-x86_64-mingw32/nios2-elf/lib\libsmallc.a(lib_a-memcpy.o)
                0x0000000000018ca0                _gp = ABSOLUTE ((. + 0x8000))
                [!provide]                        PROVIDE (gp = _gp)
 *(.rwdata .rwdata.*)
 *(.sdata .sdata.* .gnu.linkonce.s.*)
 .sdata._global_impure_ptr
                0x0000000000010ca0        0x4 c:/intelfpga_lite/22.1std/nios2eds/bin/gnu/h-x86_64-mingw32/bin/../lib/gcc/nios2-elf/12.1.1/../../../../../H-x86_64-mingw32/nios2-elf/lib\libsmallc.a(lib_a-impure.o)
                0x0000000000010ca0                _global_impure_ptr
 .sdata._impure_ptr
                0x0000000000010ca4        0x4 c:/intelfpga_lite/22.1std/nios2eds/bin/gnu/h-x86_64-mingw32/bin/../lib/gcc/nios2-elf/12.1.1/../../../../../H-x86_64-mingw32/nios2-elf/lib\libsmallc.a(lib_a-impure.o)
                0x0000000000010ca4                _impure_ptr
 .sdata         0x0000000000010ca8        0x4 c:/Users/ailen/Desktop/licenta/Nios_Custom_periherial_1/software/NiosCustomIP_bsp/\libhal_bsp.a(alt_sys_init.o)
                0x0000000000010ca8                DEBUG
 .sdata         0x0000000000010cac        0x4 c:/Users/ailen/Desktop/licenta/Nios_Custom_periherial_1/software/NiosCustomIP_bsp/\libhal_bsp.a(alt_errno.o)
                0x0000000000010cac                alt_errno
 *(.sdata2 .sdata2.* .gnu.linkonce.s2.*)
                0x0000000000010cb0                . = ALIGN (0x4)
                0x0000000000010cb0                _edata = ABSOLUTE (.)
                [!provide]                        PROVIDE (edata = ABSOLUTE (.))
                0x0000000000010cb0                PROVIDE (__ram_rwdata_end = ABSOLUTE (.))
                0x0000000000010cb0                PROVIDE (__flash_rwdata_start = LOADADDR (.rwdata))

.bss            0x0000000000010da4       0x10
                0x0000000000010da4                __bss_start = ABSOLUTE (.)
                [!provide]                        PROVIDE (__sbss_start = ABSOLUTE (.))
                [!provide]                        PROVIDE (___sbss_start = ABSOLUTE (.))
 *(.dynsbss)
 *(.sbss .sbss.* .gnu.linkonce.sb.*)
 .sbss.errno    0x0000000000010da4        0x4 c:/intelfpga_lite/22.1std/nios2eds/bin/gnu/h-x86_64-mingw32/bin/../lib/gcc/nios2-elf/12.1.1/../../../../../H-x86_64-mingw32/nios2-elf/lib\libsmallc.a(lib_a-int_errno.o)
                0x0000000000010da4                errno
 .sbss          0x0000000000010da8        0xc c:/Users/ailen/Desktop/licenta/Nios_Custom_periherial_1/software/NiosCustomIP_bsp/\libhal_bsp.a(alt_main.o)
                0x0000000000010da8                alt_envp
                0x0000000000010dac                alt_argv
                0x0000000000010db0                alt_argc
 *(.sbss2 .sbss2.* .gnu.linkonce.sb2.*)
 *(.scommon)
                [!provide]                        PROVIDE (__sbss_end = ABSOLUTE (.))
                [!provide]                        PROVIDE (___sbss_end = ABSOLUTE (.))
 *(.dynbss)
 *(.bss .bss.* .gnu.linkonce.b.*)
 .bss           0x0000000000010db4        0x0 c:/Users/ailen/Desktop/licenta/Nios_Custom_periherial_1/software/NiosCustomIP_bsp//obj/HAL/src/crt0.o
 .bss           0x0000000000010db4        0x0 obj/default/hello_world_small.o
 .bss           0x0000000000010db4        0x0 c:/intelfpga_lite/22.1std/nios2eds/bin/gnu/h-x86_64-mingw32/bin/../lib/gcc/nios2-elf/12.1.1/../../../../../H-x86_64-mingw32/nios2-elf/lib\libsmallc.a(lib_a-printf.o)
 .bss           0x0000000000010db4        0x0 c:/intelfpga_lite/22.1std/nios2eds/bin/gnu/h-x86_64-mingw32/bin/../lib/gcc/nios2-elf/12.1.1/../../../../../H-x86_64-mingw32/nios2-elf/lib\libsmallc.a(lib_a-vfprintf.o)
 .bss           0x0000000000010db4        0x0 c:/intelfpga_lite/22.1std/nios2eds/bin/gnu/h-x86_64-mingw32/bin/../lib/gcc/nios2-elf/12.1.1/../../../../../H-x86_64-mingw32/nios2-elf/lib\libsmallc.a(lib_a-fvwrite_small_dev.o)
 .bss           0x0000000000010db4        0x0 c:/intelfpga_lite/22.1std/nios2eds/bin/gnu/h-x86_64-mingw32/bin/../lib/gcc/nios2-elf/12.1.1/../../../../../H-x86_64-mingw32/nios2-elf/lib\libsmallc.a(lib_a-impure.o)
 .bss           0x0000000000010db4        0x0 c:/intelfpga_lite/22.1std/nios2eds/bin/gnu/h-x86_64-mingw32/bin/../lib/gcc/nios2-elf/12.1.1/../../../../../H-x86_64-mingw32/nios2-elf/lib\libsmallc.a(lib_a-strlen.o)
 .bss           0x0000000000010db4        0x0 c:/intelfpga_lite/22.1std/nios2eds/bin/gnu/h-x86_64-mingw32/bin/../lib/gcc/nios2-elf/12.1.1/../../../../../H-x86_64-mingw32/nios2-elf/lib\libsmallc.a(lib_a-writer.o)
 .bss           0x0000000000010db4        0x0 c:/intelfpga_lite/22.1std/nios2eds/bin/gnu/h-x86_64-mingw32/bin/../lib/gcc/nios2-elf/12.1.1/../../../../../H-x86_64-mingw32/nios2-elf/lib\libsmallc.a(lib_a-int_errno.o)
 .bss           0x0000000000010db4        0x0 c:/intelfpga_lite/22.1std/nios2eds/bin/gnu/h-x86_64-mingw32/bin/../lib/gcc/nios2-elf/12.1.1\libgcc.a(lib2-divmod.o)
 .bss           0x0000000000010db4        0x0 c:/Users/ailen/Desktop/licenta/Nios_Custom_periherial_1/software/NiosCustomIP_bsp/\libhal_bsp.a(alt_load.o)
 .bss           0x0000000000010db4        0x0 c:/Users/ailen/Desktop/licenta/Nios_Custom_periherial_1/software/NiosCustomIP_bsp/\libhal_bsp.a(alt_main.o)
 .bss           0x0000000000010db4        0x0 c:/Users/ailen/Desktop/licenta/Nios_Custom_periherial_1/software/NiosCustomIP_bsp/\libhal_bsp.a(alt_write.o)
 .bss           0x0000000000010db4        0x0 c:/Users/ailen/Desktop/licenta/Nios_Custom_periherial_1/software/NiosCustomIP_bsp/\libhal_bsp.a(alt_sys_init.o)
 .bss           0x0000000000010db4        0x0 c:/Users/ailen/Desktop/licenta/Nios_Custom_periherial_1/software/NiosCustomIP_bsp/\libhal_bsp.a(altera_avalon_jtag_uart_write.o)
 .bss           0x0000000000010db4        0x0 c:/Users/ailen/Desktop/licenta/Nios_Custom_periherial_1/software/NiosCustomIP_bsp/\libhal_bsp.a(alt_dcache_flush_all.o)
 .bss           0x0000000000010db4        0x0 c:/Users/ailen/Desktop/licenta/Nios_Custom_periherial_1/software/NiosCustomIP_bsp/\libhal_bsp.a(alt_errno.o)
 .bss           0x0000000000010db4        0x0 c:/Users/ailen/Desktop/licenta/Nios_Custom_periherial_1/software/NiosCustomIP_bsp/\libhal_bsp.a(alt_icache_flush_all.o)
 .bss           0x0000000000010db4        0x0 c:/Users/ailen/Desktop/licenta/Nios_Custom_periherial_1/software/NiosCustomIP_bsp/\libhal_bsp.a(altera_nios2_gen2_irq.o)
 .bss           0x0000000000010db4        0x0 c:/Users/ailen/Desktop/licenta/Nios_Custom_periherial_1/software/NiosCustomIP_bsp/\libhal_bsp.a(alt_icache_flush.o)
 .bss           0x0000000000010db4        0x0 c:/intelfpga_lite/22.1std/nios2eds/bin/gnu/h-x86_64-mingw32/bin/../lib/gcc/nios2-elf/12.1.1/../../../../../H-x86_64-mingw32/nios2-elf/lib\libsmallc.a(lib_a-memcpy.o)
 *(COMMON)
                0x0000000000010db4                . = ALIGN (0x4)
                0x0000000000010db4                __bss_end = ABSOLUTE (.)

.SRAM           0x0000000000010db4        0x0
                [!provide]                        PROVIDE (_alt_partition_SRAM_start = ABSOLUTE (.))
 *(.SRAM .SRAM. SRAM.*)
                0x0000000000010db4                . = ALIGN (0x4)
                [!provide]                        PROVIDE (_alt_partition_SRAM_end = ABSOLUTE (.))
                0x0000000000010db4                _end = ABSOLUTE (.)
                0x0000000000010db4                end = ABSOLUTE (.)
                0x0000000000010db4                __alt_stack_base = ABSOLUTE (.)
                [!provide]                        PROVIDE (_alt_partition_SRAM_load_addr = LOADADDR (.SRAM))

.stab
 *(.stab)

.stabstr
 *(.stabstr)

.stab.excl
 *(.stab.excl)

.stab.exclstr
 *(.stab.exclstr)

.stab.index
 *(.stab.index)

.stab.indexstr
 *(.stab.indexstr)

.comment        0x0000000000000000       0x2d
 *(.comment)
 .comment       0x0000000000000000       0x2d obj/default/hello_world_small.o
                                         0x2e (size before relaxing)
 .comment       0x000000000000002d       0x2e c:/intelfpga_lite/22.1std/nios2eds/bin/gnu/h-x86_64-mingw32/bin/../lib/gcc/nios2-elf/12.1.1/../../../../../H-x86_64-mingw32/nios2-elf/lib\libsmallc.a(lib_a-printf.o)
 .comment       0x000000000000002d       0x2e c:/intelfpga_lite/22.1std/nios2eds/bin/gnu/h-x86_64-mingw32/bin/../lib/gcc/nios2-elf/12.1.1/../../../../../H-x86_64-mingw32/nios2-elf/lib\libsmallc.a(lib_a-vfprintf.o)
 .comment       0x000000000000002d       0x2e c:/intelfpga_lite/22.1std/nios2eds/bin/gnu/h-x86_64-mingw32/bin/../lib/gcc/nios2-elf/12.1.1/../../../../../H-x86_64-mingw32/nios2-elf/lib\libsmallc.a(lib_a-fvwrite_small_dev.o)
 .comment       0x000000000000002d       0x2e c:/intelfpga_lite/22.1std/nios2eds/bin/gnu/h-x86_64-mingw32/bin/../lib/gcc/nios2-elf/12.1.1/../../../../../H-x86_64-mingw32/nios2-elf/lib\libsmallc.a(lib_a-impure.o)
 .comment       0x000000000000002d       0x2e c:/intelfpga_lite/22.1std/nios2eds/bin/gnu/h-x86_64-mingw32/bin/../lib/gcc/nios2-elf/12.1.1/../../../../../H-x86_64-mingw32/nios2-elf/lib\libsmallc.a(lib_a-strlen.o)
 .comment       0x000000000000002d       0x2e c:/intelfpga_lite/22.1std/nios2eds/bin/gnu/h-x86_64-mingw32/bin/../lib/gcc/nios2-elf/12.1.1/../../../../../H-x86_64-mingw32/nios2-elf/lib\libsmallc.a(lib_a-writer.o)
 .comment       0x000000000000002d       0x2e c:/intelfpga_lite/22.1std/nios2eds/bin/gnu/h-x86_64-mingw32/bin/../lib/gcc/nios2-elf/12.1.1/../../../../../H-x86_64-mingw32/nios2-elf/lib\libsmallc.a(lib_a-int_errno.o)
 .comment       0x000000000000002d       0x2e c:/intelfpga_lite/22.1std/nios2eds/bin/gnu/h-x86_64-mingw32/bin/../lib/gcc/nios2-elf/12.1.1\libgcc.a(lib2-divmod.o)
 .comment       0x000000000000002d       0x2e c:/Users/ailen/Desktop/licenta/Nios_Custom_periherial_1/software/NiosCustomIP_bsp/\libhal_bsp.a(alt_load.o)
 .comment       0x000000000000002d       0x2e c:/Users/ailen/Desktop/licenta/Nios_Custom_periherial_1/software/NiosCustomIP_bsp/\libhal_bsp.a(alt_main.o)
 .comment       0x000000000000002d       0x2e c:/Users/ailen/Desktop/licenta/Nios_Custom_periherial_1/software/NiosCustomIP_bsp/\libhal_bsp.a(alt_write.o)
 .comment       0x000000000000002d       0x2e c:/Users/ailen/Desktop/licenta/Nios_Custom_periherial_1/software/NiosCustomIP_bsp/\libhal_bsp.a(alt_sys_init.o)
 .comment       0x000000000000002d       0x2e c:/Users/ailen/Desktop/licenta/Nios_Custom_periherial_1/software/NiosCustomIP_bsp/\libhal_bsp.a(altera_avalon_jtag_uart_write.o)
 .comment       0x000000000000002d       0x2e c:/Users/ailen/Desktop/licenta/Nios_Custom_periherial_1/software/NiosCustomIP_bsp/\libhal_bsp.a(alt_dcache_flush_all.o)
 .comment       0x000000000000002d       0x2e c:/Users/ailen/Desktop/licenta/Nios_Custom_periherial_1/software/NiosCustomIP_bsp/\libhal_bsp.a(alt_errno.o)
 .comment       0x000000000000002d       0x2e c:/Users/ailen/Desktop/licenta/Nios_Custom_periherial_1/software/NiosCustomIP_bsp/\libhal_bsp.a(alt_icache_flush_all.o)
 .comment       0x000000000000002d       0x2e c:/Users/ailen/Desktop/licenta/Nios_Custom_periherial_1/software/NiosCustomIP_bsp/\libhal_bsp.a(altera_nios2_gen2_irq.o)
 .comment       0x000000000000002d       0x2e c:/Users/ailen/Desktop/licenta/Nios_Custom_periherial_1/software/NiosCustomIP_bsp/\libhal_bsp.a(alt_icache_flush.o)
 .comment       0x000000000000002d       0x2e c:/intelfpga_lite/22.1std/nios2eds/bin/gnu/h-x86_64-mingw32/bin/../lib/gcc/nios2-elf/12.1.1/../../../../../H-x86_64-mingw32/nios2-elf/lib\libsmallc.a(lib_a-memcpy.o)

.debug
 *(.debug)

.line
 *(.line)

.debug_srcinfo
 *(.debug_srcinfo)

.debug_sfnames
 *(.debug_sfnames)

.debug_aranges  0x0000000000000000      0x2a8
 *(.debug_aranges)
 .debug_aranges
                0x0000000000000000       0x28 c:/Users/ailen/Desktop/licenta/Nios_Custom_periherial_1/software/NiosCustomIP_bsp//obj/HAL/src/crt0.o
 .debug_aranges
                0x0000000000000028       0x20 obj/default/hello_world_small.o
 .debug_aranges
                0x0000000000000048       0x28 c:/intelfpga_lite/22.1std/nios2eds/bin/gnu/h-x86_64-mingw32/bin/../lib/gcc/nios2-elf/12.1.1/../../../../../H-x86_64-mingw32/nios2-elf/lib\libsmallc.a(lib_a-printf.o)
 .debug_aranges
                0x0000000000000070       0x30 c:/intelfpga_lite/22.1std/nios2eds/bin/gnu/h-x86_64-mingw32/bin/../lib/gcc/nios2-elf/12.1.1/../../../../../H-x86_64-mingw32/nios2-elf/lib\libsmallc.a(lib_a-vfprintf.o)
 .debug_aranges
                0x00000000000000a0       0x20 c:/intelfpga_lite/22.1std/nios2eds/bin/gnu/h-x86_64-mingw32/bin/../lib/gcc/nios2-elf/12.1.1/../../../../../H-x86_64-mingw32/nios2-elf/lib\libsmallc.a(lib_a-fvwrite_small_dev.o)
 .debug_aranges
                0x00000000000000c0       0x18 c:/intelfpga_lite/22.1std/nios2eds/bin/gnu/h-x86_64-mingw32/bin/../lib/gcc/nios2-elf/12.1.1/../../../../../H-x86_64-mingw32/nios2-elf/lib\libsmallc.a(lib_a-impure.o)
 .debug_aranges
                0x00000000000000d8       0x20 c:/intelfpga_lite/22.1std/nios2eds/bin/gnu/h-x86_64-mingw32/bin/../lib/gcc/nios2-elf/12.1.1/../../../../../H-x86_64-mingw32/nios2-elf/lib\libsmallc.a(lib_a-strlen.o)
 .debug_aranges
                0x00000000000000f8       0x20 c:/intelfpga_lite/22.1std/nios2eds/bin/gnu/h-x86_64-mingw32/bin/../lib/gcc/nios2-elf/12.1.1/../../../../../H-x86_64-mingw32/nios2-elf/lib\libsmallc.a(lib_a-writer.o)
 .debug_aranges
                0x0000000000000118       0x18 c:/intelfpga_lite/22.1std/nios2eds/bin/gnu/h-x86_64-mingw32/bin/../lib/gcc/nios2-elf/12.1.1/../../../../../H-x86_64-mingw32/nios2-elf/lib\libsmallc.a(lib_a-int_errno.o)
 .debug_aranges
                0x0000000000000130       0x20 c:/intelfpga_lite/22.1std/nios2eds/bin/gnu/h-x86_64-mingw32/bin/../lib/gcc/nios2-elf/12.1.1\libgcc.a(lib2-divmod.o)
 .debug_aranges
                0x0000000000000150       0x20 c:/Users/ailen/Desktop/licenta/Nios_Custom_periherial_1/software/NiosCustomIP_bsp/\libhal_bsp.a(alt_load.o)
 .debug_aranges
                0x0000000000000170       0x20 c:/Users/ailen/Desktop/licenta/Nios_Custom_periherial_1/software/NiosCustomIP_bsp/\libhal_bsp.a(alt_main.o)
 .debug_aranges
                0x0000000000000190       0x20 c:/Users/ailen/Desktop/licenta/Nios_Custom_periherial_1/software/NiosCustomIP_bsp/\libhal_bsp.a(alt_write.o)
 .debug_aranges
                0x00000000000001b0       0x20 c:/Users/ailen/Desktop/licenta/Nios_Custom_periherial_1/software/NiosCustomIP_bsp/\libhal_bsp.a(alt_sys_init.o)
 .debug_aranges
                0x00000000000001d0       0x20 c:/Users/ailen/Desktop/licenta/Nios_Custom_periherial_1/software/NiosCustomIP_bsp/\libhal_bsp.a(altera_avalon_jtag_uart_write.o)
 .debug_aranges
                0x00000000000001f0       0x20 c:/Users/ailen/Desktop/licenta/Nios_Custom_periherial_1/software/NiosCustomIP_bsp/\libhal_bsp.a(alt_dcache_flush_all.o)
 .debug_aranges
                0x0000000000000210       0x18 c:/Users/ailen/Desktop/licenta/Nios_Custom_periherial_1/software/NiosCustomIP_bsp/\libhal_bsp.a(alt_errno.o)
 .debug_aranges
                0x0000000000000228       0x20 c:/Users/ailen/Desktop/licenta/Nios_Custom_periherial_1/software/NiosCustomIP_bsp/\libhal_bsp.a(alt_icache_flush_all.o)
 .debug_aranges
                0x0000000000000248       0x20 c:/Users/ailen/Desktop/licenta/Nios_Custom_periherial_1/software/NiosCustomIP_bsp/\libhal_bsp.a(altera_nios2_gen2_irq.o)
 .debug_aranges
                0x0000000000000268       0x20 c:/Users/ailen/Desktop/licenta/Nios_Custom_periherial_1/software/NiosCustomIP_bsp/\libhal_bsp.a(alt_icache_flush.o)
 .debug_aranges
                0x0000000000000288       0x20 c:/intelfpga_lite/22.1std/nios2eds/bin/gnu/h-x86_64-mingw32/bin/../lib/gcc/nios2-elf/12.1.1/../../../../../H-x86_64-mingw32/nios2-elf/lib\libsmallc.a(lib_a-memcpy.o)

.debug_pubnames
 *(.debug_pubnames)

.debug_info     0x0000000000000000     0x3a30
 *(.debug_info .gnu.linkonce.wi.*)
 .debug_info    0x0000000000000000       0x22 c:/Users/ailen/Desktop/licenta/Nios_Custom_periherial_1/software/NiosCustomIP_bsp//obj/HAL/src/crt0.o
 .debug_info    0x0000000000000022       0xea obj/default/hello_world_small.o
 .debug_info    0x000000000000010c      0x733 c:/intelfpga_lite/22.1std/nios2eds/bin/gnu/h-x86_64-mingw32/bin/../lib/gcc/nios2-elf/12.1.1/../../../../../H-x86_64-mingw32/nios2-elf/lib\libsmallc.a(lib_a-printf.o)
 .debug_info    0x000000000000083f      0xe43 c:/intelfpga_lite/22.1std/nios2eds/bin/gnu/h-x86_64-mingw32/bin/../lib/gcc/nios2-elf/12.1.1/../../../../../H-x86_64-mingw32/nios2-elf/lib\libsmallc.a(lib_a-vfprintf.o)
 .debug_info    0x0000000000001682      0x691 c:/intelfpga_lite/22.1std/nios2eds/bin/gnu/h-x86_64-mingw32/bin/../lib/gcc/nios2-elf/12.1.1/../../../../../H-x86_64-mingw32/nios2-elf/lib\libsmallc.a(lib_a-fvwrite_small_dev.o)
 .debug_info    0x0000000000001d13      0x5cf c:/intelfpga_lite/22.1std/nios2eds/bin/gnu/h-x86_64-mingw32/bin/../lib/gcc/nios2-elf/12.1.1/../../../../../H-x86_64-mingw32/nios2-elf/lib\libsmallc.a(lib_a-impure.o)
 .debug_info    0x00000000000022e2       0xd1 c:/intelfpga_lite/22.1std/nios2eds/bin/gnu/h-x86_64-mingw32/bin/../lib/gcc/nios2-elf/12.1.1/../../../../../H-x86_64-mingw32/nios2-elf/lib\libsmallc.a(lib_a-strlen.o)
 .debug_info    0x00000000000023b3      0x671 c:/intelfpga_lite/22.1std/nios2eds/bin/gnu/h-x86_64-mingw32/bin/../lib/gcc/nios2-elf/12.1.1/../../../../../H-x86_64-mingw32/nios2-elf/lib\libsmallc.a(lib_a-writer.o)
 .debug_info    0x0000000000002a24       0x85 c:/intelfpga_lite/22.1std/nios2eds/bin/gnu/h-x86_64-mingw32/bin/../lib/gcc/nios2-elf/12.1.1/../../../../../H-x86_64-mingw32/nios2-elf/lib\libsmallc.a(lib_a-int_errno.o)
 .debug_info    0x0000000000002aa9      0x347 c:/intelfpga_lite/22.1std/nios2eds/bin/gnu/h-x86_64-mingw32/bin/../lib/gcc/nios2-elf/12.1.1\libgcc.a(lib2-divmod.o)
 .debug_info    0x0000000000002df0      0x239 c:/Users/ailen/Desktop/licenta/Nios_Custom_periherial_1/software/NiosCustomIP_bsp/\libhal_bsp.a(alt_load.o)
 .debug_info    0x0000000000003029      0x13e c:/Users/ailen/Desktop/licenta/Nios_Custom_periherial_1/software/NiosCustomIP_bsp/\libhal_bsp.a(alt_main.o)
 .debug_info    0x0000000000003167      0x1a8 c:/Users/ailen/Desktop/licenta/Nios_Custom_periherial_1/software/NiosCustomIP_bsp/\libhal_bsp.a(alt_write.o)
 .debug_info    0x000000000000330f      0x127 c:/Users/ailen/Desktop/licenta/Nios_Custom_periherial_1/software/NiosCustomIP_bsp/\libhal_bsp.a(alt_sys_init.o)
 .debug_info    0x0000000000003436      0x149 c:/Users/ailen/Desktop/licenta/Nios_Custom_periherial_1/software/NiosCustomIP_bsp/\libhal_bsp.a(altera_avalon_jtag_uart_write.o)
 .debug_info    0x000000000000357f       0xa6 c:/Users/ailen/Desktop/licenta/Nios_Custom_periherial_1/software/NiosCustomIP_bsp/\libhal_bsp.a(alt_dcache_flush_all.o)
 .debug_info    0x0000000000003625       0xa8 c:/Users/ailen/Desktop/licenta/Nios_Custom_periherial_1/software/NiosCustomIP_bsp/\libhal_bsp.a(alt_errno.o)
 .debug_info    0x00000000000036cd       0xc9 c:/Users/ailen/Desktop/licenta/Nios_Custom_periherial_1/software/NiosCustomIP_bsp/\libhal_bsp.a(alt_icache_flush_all.o)
 .debug_info    0x0000000000003796       0x8d c:/Users/ailen/Desktop/licenta/Nios_Custom_periherial_1/software/NiosCustomIP_bsp/\libhal_bsp.a(altera_nios2_gen2_irq.o)
 .debug_info    0x0000000000003823       0xec c:/Users/ailen/Desktop/licenta/Nios_Custom_periherial_1/software/NiosCustomIP_bsp/\libhal_bsp.a(alt_icache_flush.o)
 .debug_info    0x000000000000390f      0x121 c:/intelfpga_lite/22.1std/nios2eds/bin/gnu/h-x86_64-mingw32/bin/../lib/gcc/nios2-elf/12.1.1/../../../../../H-x86_64-mingw32/nios2-elf/lib\libsmallc.a(lib_a-memcpy.o)

.debug_abbrev   0x0000000000000000     0x14fa
 *(.debug_abbrev)
 .debug_abbrev  0x0000000000000000       0x12 c:/Users/ailen/Desktop/licenta/Nios_Custom_periherial_1/software/NiosCustomIP_bsp//obj/HAL/src/crt0.o
 .debug_abbrev  0x0000000000000012       0xa4 obj/default/hello_world_small.o
 .debug_abbrev  0x00000000000000b6      0x21e c:/intelfpga_lite/22.1std/nios2eds/bin/gnu/h-x86_64-mingw32/bin/../lib/gcc/nios2-elf/12.1.1/../../../../../H-x86_64-mingw32/nios2-elf/lib\libsmallc.a(lib_a-printf.o)
 .debug_abbrev  0x00000000000002d4      0x2e6 c:/intelfpga_lite/22.1std/nios2eds/bin/gnu/h-x86_64-mingw32/bin/../lib/gcc/nios2-elf/12.1.1/../../../../../H-x86_64-mingw32/nios2-elf/lib\libsmallc.a(lib_a-vfprintf.o)
 .debug_abbrev  0x00000000000005ba      0x1fb c:/intelfpga_lite/22.1std/nios2eds/bin/gnu/h-x86_64-mingw32/bin/../lib/gcc/nios2-elf/12.1.1/../../../../../H-x86_64-mingw32/nios2-elf/lib\libsmallc.a(lib_a-fvwrite_small_dev.o)
 .debug_abbrev  0x00000000000007b5      0x185 c:/intelfpga_lite/22.1std/nios2eds/bin/gnu/h-x86_64-mingw32/bin/../lib/gcc/nios2-elf/12.1.1/../../../../../H-x86_64-mingw32/nios2-elf/lib\libsmallc.a(lib_a-impure.o)
 .debug_abbrev  0x000000000000093a       0x8c c:/intelfpga_lite/22.1std/nios2eds/bin/gnu/h-x86_64-mingw32/bin/../lib/gcc/nios2-elf/12.1.1/../../../../../H-x86_64-mingw32/nios2-elf/lib\libsmallc.a(lib_a-strlen.o)
 .debug_abbrev  0x00000000000009c6      0x1e0 c:/intelfpga_lite/22.1std/nios2eds/bin/gnu/h-x86_64-mingw32/bin/../lib/gcc/nios2-elf/12.1.1/../../../../../H-x86_64-mingw32/nios2-elf/lib\libsmallc.a(lib_a-writer.o)
 .debug_abbrev  0x0000000000000ba6       0x39 c:/intelfpga_lite/22.1std/nios2eds/bin/gnu/h-x86_64-mingw32/bin/../lib/gcc/nios2-elf/12.1.1/../../../../../H-x86_64-mingw32/nios2-elf/lib\libsmallc.a(lib_a-int_errno.o)
 .debug_abbrev  0x0000000000000bdf      0x10c c:/intelfpga_lite/22.1std/nios2eds/bin/gnu/h-x86_64-mingw32/bin/../lib/gcc/nios2-elf/12.1.1\libgcc.a(lib2-divmod.o)
 .debug_abbrev  0x0000000000000ceb      0x12c c:/Users/ailen/Desktop/licenta/Nios_Custom_periherial_1/software/NiosCustomIP_bsp/\libhal_bsp.a(alt_load.o)
 .debug_abbrev  0x0000000000000e17       0xeb c:/Users/ailen/Desktop/licenta/Nios_Custom_periherial_1/software/NiosCustomIP_bsp/\libhal_bsp.a(alt_main.o)
 .debug_abbrev  0x0000000000000f02      0x117 c:/Users/ailen/Desktop/licenta/Nios_Custom_periherial_1/software/NiosCustomIP_bsp/\libhal_bsp.a(alt_write.o)
 .debug_abbrev  0x0000000000001019      0x107 c:/Users/ailen/Desktop/licenta/Nios_Custom_periherial_1/software/NiosCustomIP_bsp/\libhal_bsp.a(alt_sys_init.o)
 .debug_abbrev  0x0000000000001120       0xdc c:/Users/ailen/Desktop/licenta/Nios_Custom_periherial_1/software/NiosCustomIP_bsp/\libhal_bsp.a(altera_avalon_jtag_uart_write.o)
 .debug_abbrev  0x00000000000011fc       0x60 c:/Users/ailen/Desktop/licenta/Nios_Custom_periherial_1/software/NiosCustomIP_bsp/\libhal_bsp.a(alt_dcache_flush_all.o)
 .debug_abbrev  0x000000000000125c       0x70 c:/Users/ailen/Desktop/licenta/Nios_Custom_periherial_1/software/NiosCustomIP_bsp/\libhal_bsp.a(alt_errno.o)
 .debug_abbrev  0x00000000000012cc       0x8a c:/Users/ailen/Desktop/licenta/Nios_Custom_periherial_1/software/NiosCustomIP_bsp/\libhal_bsp.a(alt_icache_flush_all.o)
 .debug_abbrev  0x0000000000001356       0x43 c:/Users/ailen/Desktop/licenta/Nios_Custom_periherial_1/software/NiosCustomIP_bsp/\libhal_bsp.a(altera_nios2_gen2_irq.o)
 .debug_abbrev  0x0000000000001399       0xa0 c:/Users/ailen/Desktop/licenta/Nios_Custom_periherial_1/software/NiosCustomIP_bsp/\libhal_bsp.a(alt_icache_flush.o)
 .debug_abbrev  0x0000000000001439       0xc1 c:/intelfpga_lite/22.1std/nios2eds/bin/gnu/h-x86_64-mingw32/bin/../lib/gcc/nios2-elf/12.1.1/../../../../../H-x86_64-mingw32/nios2-elf/lib\libsmallc.a(lib_a-memcpy.o)

.debug_line     0x0000000000000000     0x12c0
 *(.debug_line)
 .debug_line    0x0000000000000000       0x72 c:/Users/ailen/Desktop/licenta/Nios_Custom_periherial_1/software/NiosCustomIP_bsp//obj/HAL/src/crt0.o
 .debug_line    0x0000000000000072       0x7b obj/default/hello_world_small.o
 .debug_line    0x00000000000000ed       0xd4 c:/intelfpga_lite/22.1std/nios2eds/bin/gnu/h-x86_64-mingw32/bin/../lib/gcc/nios2-elf/12.1.1/../../../../../H-x86_64-mingw32/nios2-elf/lib\libsmallc.a(lib_a-printf.o)
 .debug_line    0x00000000000001c1      0x589 c:/intelfpga_lite/22.1std/nios2eds/bin/gnu/h-x86_64-mingw32/bin/../lib/gcc/nios2-elf/12.1.1/../../../../../H-x86_64-mingw32/nios2-elf/lib\libsmallc.a(lib_a-vfprintf.o)
 .debug_line    0x000000000000074a       0xd7 c:/intelfpga_lite/22.1std/nios2eds/bin/gnu/h-x86_64-mingw32/bin/../lib/gcc/nios2-elf/12.1.1/../../../../../H-x86_64-mingw32/nios2-elf/lib\libsmallc.a(lib_a-fvwrite_small_dev.o)
 .debug_line    0x0000000000000821       0x51 c:/intelfpga_lite/22.1std/nios2eds/bin/gnu/h-x86_64-mingw32/bin/../lib/gcc/nios2-elf/12.1.1/../../../../../H-x86_64-mingw32/nios2-elf/lib\libsmallc.a(lib_a-impure.o)
 .debug_line    0x0000000000000872       0x7c c:/intelfpga_lite/22.1std/nios2eds/bin/gnu/h-x86_64-mingw32/bin/../lib/gcc/nios2-elf/12.1.1/../../../../../H-x86_64-mingw32/nios2-elf/lib\libsmallc.a(lib_a-strlen.o)
 .debug_line    0x00000000000008ee       0xae c:/intelfpga_lite/22.1std/nios2eds/bin/gnu/h-x86_64-mingw32/bin/../lib/gcc/nios2-elf/12.1.1/../../../../../H-x86_64-mingw32/nios2-elf/lib\libsmallc.a(lib_a-writer.o)
 .debug_line    0x000000000000099c       0x3a c:/intelfpga_lite/22.1std/nios2eds/bin/gnu/h-x86_64-mingw32/bin/../lib/gcc/nios2-elf/12.1.1/../../../../../H-x86_64-mingw32/nios2-elf/lib\libsmallc.a(lib_a-int_errno.o)
 .debug_line    0x00000000000009d6      0x2e3 c:/intelfpga_lite/22.1std/nios2eds/bin/gnu/h-x86_64-mingw32/bin/../lib/gcc/nios2-elf/12.1.1\libgcc.a(lib2-divmod.o)
 .debug_line    0x0000000000000cb9       0xd2 c:/Users/ailen/Desktop/licenta/Nios_Custom_periherial_1/software/NiosCustomIP_bsp/\libhal_bsp.a(alt_load.o)
 .debug_line    0x0000000000000d8b       0xa2 c:/Users/ailen/Desktop/licenta/Nios_Custom_periherial_1/software/NiosCustomIP_bsp/\libhal_bsp.a(alt_main.o)
 .debug_line    0x0000000000000e2d       0xc5 c:/Users/ailen/Desktop/licenta/Nios_Custom_periherial_1/software/NiosCustomIP_bsp/\libhal_bsp.a(alt_write.o)
 .debug_line    0x0000000000000ef2       0x8e c:/Users/ailen/Desktop/licenta/Nios_Custom_periherial_1/software/NiosCustomIP_bsp/\libhal_bsp.a(alt_sys_init.o)
 .debug_line    0x0000000000000f80       0x93 c:/Users/ailen/Desktop/licenta/Nios_Custom_periherial_1/software/NiosCustomIP_bsp/\libhal_bsp.a(altera_avalon_jtag_uart_write.o)
 .debug_line    0x0000000000001013       0x70 c:/Users/ailen/Desktop/licenta/Nios_Custom_periherial_1/software/NiosCustomIP_bsp/\libhal_bsp.a(alt_dcache_flush_all.o)
 .debug_line    0x0000000000001083       0x4c c:/Users/ailen/Desktop/licenta/Nios_Custom_periherial_1/software/NiosCustomIP_bsp/\libhal_bsp.a(alt_errno.o)
 .debug_line    0x00000000000010cf       0x67 c:/Users/ailen/Desktop/licenta/Nios_Custom_periherial_1/software/NiosCustomIP_bsp/\libhal_bsp.a(alt_icache_flush_all.o)
 .debug_line    0x0000000000001136       0x54 c:/Users/ailen/Desktop/licenta/Nios_Custom_periherial_1/software/NiosCustomIP_bsp/\libhal_bsp.a(altera_nios2_gen2_irq.o)
 .debug_line    0x000000000000118a       0xaa c:/Users/ailen/Desktop/licenta/Nios_Custom_periherial_1/software/NiosCustomIP_bsp/\libhal_bsp.a(alt_icache_flush.o)
 .debug_line    0x0000000000001234       0x8c c:/intelfpga_lite/22.1std/nios2eds/bin/gnu/h-x86_64-mingw32/bin/../lib/gcc/nios2-elf/12.1.1/../../../../../H-x86_64-mingw32/nios2-elf/lib\libsmallc.a(lib_a-memcpy.o)

.debug_frame    0x0000000000000000      0x35c
 *(.debug_frame)
 .debug_frame   0x0000000000000000       0x28 obj/default/hello_world_small.o
 .debug_frame   0x0000000000000028       0x48 c:/intelfpga_lite/22.1std/nios2eds/bin/gnu/h-x86_64-mingw32/bin/../lib/gcc/nios2-elf/12.1.1/../../../../../H-x86_64-mingw32/nios2-elf/lib\libsmallc.a(lib_a-printf.o)
 .debug_frame   0x0000000000000070       0x90 c:/intelfpga_lite/22.1std/nios2eds/bin/gnu/h-x86_64-mingw32/bin/../lib/gcc/nios2-elf/12.1.1/../../../../../H-x86_64-mingw32/nios2-elf/lib\libsmallc.a(lib_a-vfprintf.o)
 .debug_frame   0x0000000000000100       0x3c c:/intelfpga_lite/22.1std/nios2eds/bin/gnu/h-x86_64-mingw32/bin/../lib/gcc/nios2-elf/12.1.1/../../../../../H-x86_64-mingw32/nios2-elf/lib\libsmallc.a(lib_a-fvwrite_small_dev.o)
 .debug_frame   0x000000000000013c       0x20 c:/intelfpga_lite/22.1std/nios2eds/bin/gnu/h-x86_64-mingw32/bin/../lib/gcc/nios2-elf/12.1.1/../../../../../H-x86_64-mingw32/nios2-elf/lib\libsmallc.a(lib_a-strlen.o)
 .debug_frame   0x000000000000015c       0x30 c:/intelfpga_lite/22.1std/nios2eds/bin/gnu/h-x86_64-mingw32/bin/../lib/gcc/nios2-elf/12.1.1/../../../../../H-x86_64-mingw32/nios2-elf/lib\libsmallc.a(lib_a-writer.o)
 .debug_frame   0x000000000000018c       0x50 c:/intelfpga_lite/22.1std/nios2eds/bin/gnu/h-x86_64-mingw32/bin/../lib/gcc/nios2-elf/12.1.1\libgcc.a(lib2-divmod.o)
 .debug_frame   0x00000000000001dc       0x2c c:/Users/ailen/Desktop/licenta/Nios_Custom_periherial_1/software/NiosCustomIP_bsp/\libhal_bsp.a(alt_load.o)
 .debug_frame   0x0000000000000208       0x2c c:/Users/ailen/Desktop/licenta/Nios_Custom_periherial_1/software/NiosCustomIP_bsp/\libhal_bsp.a(alt_main.o)
 .debug_frame   0x0000000000000234       0x2c c:/Users/ailen/Desktop/licenta/Nios_Custom_periherial_1/software/NiosCustomIP_bsp/\libhal_bsp.a(alt_write.o)
 .debug_frame   0x0000000000000260       0x3c c:/Users/ailen/Desktop/licenta/Nios_Custom_periherial_1/software/NiosCustomIP_bsp/\libhal_bsp.a(alt_sys_init.o)
 .debug_frame   0x000000000000029c       0x20 c:/Users/ailen/Desktop/licenta/Nios_Custom_periherial_1/software/NiosCustomIP_bsp/\libhal_bsp.a(altera_avalon_jtag_uart_write.o)
 .debug_frame   0x00000000000002bc       0x20 c:/Users/ailen/Desktop/licenta/Nios_Custom_periherial_1/software/NiosCustomIP_bsp/\libhal_bsp.a(alt_dcache_flush_all.o)
 .debug_frame   0x00000000000002dc       0x20 c:/Users/ailen/Desktop/licenta/Nios_Custom_periherial_1/software/NiosCustomIP_bsp/\libhal_bsp.a(alt_icache_flush_all.o)
 .debug_frame   0x00000000000002fc       0x20 c:/Users/ailen/Desktop/licenta/Nios_Custom_periherial_1/software/NiosCustomIP_bsp/\libhal_bsp.a(altera_nios2_gen2_irq.o)
 .debug_frame   0x000000000000031c       0x20 c:/Users/ailen/Desktop/licenta/Nios_Custom_periherial_1/software/NiosCustomIP_bsp/\libhal_bsp.a(alt_icache_flush.o)
 .debug_frame   0x000000000000033c       0x20 c:/intelfpga_lite/22.1std/nios2eds/bin/gnu/h-x86_64-mingw32/bin/../lib/gcc/nios2-elf/12.1.1/../../../../../H-x86_64-mingw32/nios2-elf/lib\libsmallc.a(lib_a-memcpy.o)

.debug_str      0x0000000000000000      0xa8b
 *(.debug_str)
 .debug_str     0x0000000000000000       0x70 c:/Users/ailen/Desktop/licenta/Nios_Custom_periherial_1/software/NiosCustomIP_bsp//obj/HAL/src/crt0.o
 .debug_str     0x0000000000000070       0xba obj/default/hello_world_small.o
                                         0xf8 (size before relaxing)
 .debug_str     0x000000000000012a      0x374 c:/intelfpga_lite/22.1std/nios2eds/bin/gnu/h-x86_64-mingw32/bin/../lib/gcc/nios2-elf/12.1.1/../../../../../H-x86_64-mingw32/nios2-elf/lib\libsmallc.a(lib_a-printf.o)
                                        0x449 (size before relaxing)
 .debug_str     0x000000000000049e      0x29f c:/intelfpga_lite/22.1std/nios2eds/bin/gnu/h-x86_64-mingw32/bin/../lib/gcc/nios2-elf/12.1.1/../../../../../H-x86_64-mingw32/nios2-elf/lib\libsmallc.a(lib_a-vfprintf.o)
                                        0x787 (size before relaxing)
 .debug_str     0x000000000000073d       0x25 c:/intelfpga_lite/22.1std/nios2eds/bin/gnu/h-x86_64-mingw32/bin/../lib/gcc/nios2-elf/12.1.1/../../../../../H-x86_64-mingw32/nios2-elf/lib\libsmallc.a(lib_a-fvwrite_small_dev.o)
                                        0x404 (size before relaxing)
 .debug_str     0x0000000000000762       0x1f c:/intelfpga_lite/22.1std/nios2eds/bin/gnu/h-x86_64-mingw32/bin/../lib/gcc/nios2-elf/12.1.1/../../../../../H-x86_64-mingw32/nios2-elf/lib\libsmallc.a(lib_a-impure.o)
                                        0x3e9 (size before relaxing)
 .debug_str     0x0000000000000781       0x1f c:/intelfpga_lite/22.1std/nios2eds/bin/gnu/h-x86_64-mingw32/bin/../lib/gcc/nios2-elf/12.1.1/../../../../../H-x86_64-mingw32/nios2-elf/lib\libsmallc.a(lib_a-strlen.o)
                                         0xfb (size before relaxing)
 .debug_str     0x0000000000000781       0x1f c:/intelfpga_lite/22.1std/nios2eds/bin/gnu/h-x86_64-mingw32/bin/../lib/gcc/nios2-elf/12.1.1/../../../../../H-x86_64-mingw32/nios2-elf/lib\libsmallc.a(lib_a-writer.o)
                                        0x3e3 (size before relaxing)
 .debug_str     0x0000000000000781       0xed c:/intelfpga_lite/22.1std/nios2eds/bin/gnu/h-x86_64-mingw32/bin/../lib/gcc/nios2-elf/12.1.1/../../../../../H-x86_64-mingw32/nios2-elf/lib\libsmallc.a(lib_a-int_errno.o)
 .debug_str     0x0000000000000781       0xc1 c:/intelfpga_lite/22.1std/nios2eds/bin/gnu/h-x86_64-mingw32/bin/../lib/gcc/nios2-elf/12.1.1\libgcc.a(lib2-divmod.o)
                                        0x116 (size before relaxing)
 .debug_str     0x0000000000000842      0x119 c:/Users/ailen/Desktop/licenta/Nios_Custom_periherial_1/software/NiosCustomIP_bsp/\libhal_bsp.a(alt_load.o)
                                        0x205 (size before relaxing)
 .debug_str     0x000000000000095b       0x4b c:/Users/ailen/Desktop/licenta/Nios_Custom_periherial_1/software/NiosCustomIP_bsp/\libhal_bsp.a(alt_main.o)
                                        0x135 (size before relaxing)
 .debug_str     0x00000000000009a6       0x5c c:/Users/ailen/Desktop/licenta/Nios_Custom_periherial_1/software/NiosCustomIP_bsp/\libhal_bsp.a(alt_write.o)
                                        0x159 (size before relaxing)
 .debug_str     0x0000000000000a02       0x5c c:/Users/ailen/Desktop/licenta/Nios_Custom_periherial_1/software/NiosCustomIP_bsp/\libhal_bsp.a(alt_sys_init.o)
                                        0x181 (size before relaxing)
 .debug_str     0x0000000000000a5e       0x5c c:/Users/ailen/Desktop/licenta/Nios_Custom_periherial_1/software/NiosCustomIP_bsp/\libhal_bsp.a(altera_avalon_jtag_uart_write.o)
                                        0x159 (size before relaxing)
 .debug_str     0x0000000000000a5e       0xfa c:/Users/ailen/Desktop/licenta/Nios_Custom_periherial_1/software/NiosCustomIP_bsp/\libhal_bsp.a(alt_dcache_flush_all.o)
 .debug_str     0x0000000000000a5e        0x8 c:/Users/ailen/Desktop/licenta/Nios_Custom_periherial_1/software/NiosCustomIP_bsp/\libhal_bsp.a(alt_errno.o)
                                         0xf7 (size before relaxing)
 .debug_str     0x0000000000000a66       0x11 c:/Users/ailen/Desktop/licenta/Nios_Custom_periherial_1/software/NiosCustomIP_bsp/\libhal_bsp.a(alt_icache_flush_all.o)
                                        0x113 (size before relaxing)
 .debug_str     0x0000000000000a77      0x100 c:/Users/ailen/Desktop/licenta/Nios_Custom_periherial_1/software/NiosCustomIP_bsp/\libhal_bsp.a(altera_nios2_gen2_irq.o)
 .debug_str     0x0000000000000a77      0x104 c:/Users/ailen/Desktop/licenta/Nios_Custom_periherial_1/software/NiosCustomIP_bsp/\libhal_bsp.a(alt_icache_flush.o)
 .debug_str     0x0000000000000a77       0x14 c:/intelfpga_lite/22.1std/nios2eds/bin/gnu/h-x86_64-mingw32/bin/../lib/gcc/nios2-elf/12.1.1/../../../../../H-x86_64-mingw32/nios2-elf/lib\libsmallc.a(lib_a-memcpy.o)
                                        0x109 (size before relaxing)

.debug_loc
 *(.debug_loc)

.debug_macinfo
 *(.debug_macinfo)

.debug_weaknames
 *(.debug_weaknames)

.debug_funcnames
 *(.debug_funcnames)

.debug_typenames
 *(.debug_typenames)

.debug_varnames
 *(.debug_varnames)

.debug_alt_sim_info
                0x0000000000000000       0x30
 *(.debug_alt_sim_info)
 .debug_alt_sim_info
                0x0000000000000000       0x30 c:/Users/ailen/Desktop/licenta/Nios_Custom_periherial_1/software/NiosCustomIP_bsp//obj/HAL/src/crt0.o
                0x000000000001a000                __alt_data_end = 0x1a000
                0x000000000001a000                PROVIDE (__alt_stack_pointer = __alt_data_end)
                [!provide]                        PROVIDE (__alt_stack_limit = __alt_stack_base)
                [!provide]                        PROVIDE (__alt_heap_start = end)
                [!provide]                        PROVIDE (__alt_heap_limit = 0x1a000)
OUTPUT(NiosCustomIP.elf elf32-littlenios2)
LOAD linker stubs

.debug_ranges   0x0000000000000000       0x20
 .debug_ranges  0x0000000000000000       0x20 c:/Users/ailen/Desktop/licenta/Nios_Custom_periherial_1/software/NiosCustomIP_bsp//obj/HAL/src/crt0.o

.debug_rnglists
                0x0000000000000000      0x188
 .debug_rnglists
                0x0000000000000000       0x13 obj/default/hello_world_small.o
 .debug_rnglists
                0x0000000000000013       0x19 c:/intelfpga_lite/22.1std/nios2eds/bin/gnu/h-x86_64-mingw32/bin/../lib/gcc/nios2-elf/12.1.1/../../../../../H-x86_64-mingw32/nios2-elf/lib\libsmallc.a(lib_a-printf.o)
 .debug_rnglists
                0x000000000000002c       0x84 c:/intelfpga_lite/22.1std/nios2eds/bin/gnu/h-x86_64-mingw32/bin/../lib/gcc/nios2-elf/12.1.1/../../../../../H-x86_64-mingw32/nios2-elf/lib\libsmallc.a(lib_a-vfprintf.o)
 .debug_rnglists
                0x00000000000000b0       0x14 c:/intelfpga_lite/22.1std/nios2eds/bin/gnu/h-x86_64-mingw32/bin/../lib/gcc/nios2-elf/12.1.1/../../../../../H-x86_64-mingw32/nios2-elf/lib\libsmallc.a(lib_a-fvwrite_small_dev.o)
 .debug_rnglists
                0x00000000000000c4       0x13 c:/intelfpga_lite/22.1std/nios2eds/bin/gnu/h-x86_64-mingw32/bin/../lib/gcc/nios2-elf/12.1.1/../../../../../H-x86_64-mingw32/nios2-elf/lib\libsmallc.a(lib_a-strlen.o)
 .debug_rnglists
                0x00000000000000d7       0x13 c:/intelfpga_lite/22.1std/nios2eds/bin/gnu/h-x86_64-mingw32/bin/../lib/gcc/nios2-elf/12.1.1/../../../../../H-x86_64-mingw32/nios2-elf/lib\libsmallc.a(lib_a-writer.o)
 .debug_rnglists
                0x00000000000000ea       0x3f c:/intelfpga_lite/22.1std/nios2eds/bin/gnu/h-x86_64-mingw32/bin/../lib/gcc/nios2-elf/12.1.1\libgcc.a(lib2-divmod.o)
 .debug_rnglists
                0x0000000000000129       0x23 c:/Users/ailen/Desktop/licenta/Nios_Custom_periherial_1/software/NiosCustomIP_bsp/\libhal_bsp.a(alt_load.o)
 .debug_rnglists
                0x000000000000014c       0x16 c:/Users/ailen/Desktop/licenta/Nios_Custom_periherial_1/software/NiosCustomIP_bsp/\libhal_bsp.a(alt_write.o)
 .debug_rnglists
                0x0000000000000162       0x13 c:/Users/ailen/Desktop/licenta/Nios_Custom_periherial_1/software/NiosCustomIP_bsp/\libhal_bsp.a(alt_icache_flush.o)
 .debug_rnglists
                0x0000000000000175       0x13 c:/intelfpga_lite/22.1std/nios2eds/bin/gnu/h-x86_64-mingw32/bin/../lib/gcc/nios2-elf/12.1.1/../../../../../H-x86_64-mingw32/nios2-elf/lib\libsmallc.a(lib_a-memcpy.o)

.debug_line_str
                0x0000000000000000      0xa9a
 .debug_line_str
                0x0000000000000000      0x11e obj/default/hello_world_small.o
                                        0x194 (size before relaxing)
 .debug_line_str
                0x000000000000011e      0x242 c:/intelfpga_lite/22.1std/nios2eds/bin/gnu/h-x86_64-mingw32/bin/../lib/gcc/nios2-elf/12.1.1/../../../../../H-x86_64-mingw32/nios2-elf/lib\libsmallc.a(lib_a-printf.o)
                                        0x319 (size before relaxing)
 .debug_line_str
                0x0000000000000360       0xa0 c:/intelfpga_lite/22.1std/nios2eds/bin/gnu/h-x86_64-mingw32/bin/../lib/gcc/nios2-elf/12.1.1/../../../../../H-x86_64-mingw32/nios2-elf/lib\libsmallc.a(lib_a-vfprintf.o)
                                        0x379 (size before relaxing)
 .debug_line_str
                0x0000000000000400       0x46 c:/intelfpga_lite/22.1std/nios2eds/bin/gnu/h-x86_64-mingw32/bin/../lib/gcc/nios2-elf/12.1.1/../../../../../H-x86_64-mingw32/nios2-elf/lib\libsmallc.a(lib_a-fvwrite_small_dev.o)
                                        0x31f (size before relaxing)
 .debug_line_str
                0x0000000000000446       0xef c:/intelfpga_lite/22.1std/nios2eds/bin/gnu/h-x86_64-mingw32/bin/../lib/gcc/nios2-elf/12.1.1/../../../../../H-x86_64-mingw32/nios2-elf/lib\libsmallc.a(lib_a-impure.o)
                                        0x29b (size before relaxing)
 .debug_line_str
                0x0000000000000535       0xf2 c:/intelfpga_lite/22.1std/nios2eds/bin/gnu/h-x86_64-mingw32/bin/../lib/gcc/nios2-elf/12.1.1/../../../../../H-x86_64-mingw32/nios2-elf/lib\libsmallc.a(lib_a-strlen.o)
                                        0x294 (size before relaxing)
 .debug_line_str
                0x0000000000000627       0x44 c:/intelfpga_lite/22.1std/nios2eds/bin/gnu/h-x86_64-mingw32/bin/../lib/gcc/nios2-elf/12.1.1/../../../../../H-x86_64-mingw32/nios2-elf/lib\libsmallc.a(lib_a-writer.o)
                                        0x307 (size before relaxing)
 .debug_line_str
                0x000000000000066b       0x3e c:/intelfpga_lite/22.1std/nios2eds/bin/gnu/h-x86_64-mingw32/bin/../lib/gcc/nios2-elf/12.1.1/../../../../../H-x86_64-mingw32/nios2-elf/lib\libsmallc.a(lib_a-int_errno.o)
                                        0x1be (size before relaxing)
 .debug_line_str
                0x00000000000006a9       0xe1 c:/intelfpga_lite/22.1std/nios2eds/bin/gnu/h-x86_64-mingw32/bin/../lib/gcc/nios2-elf/12.1.1\libgcc.a(lib2-divmod.o)
                                        0x197 (size before relaxing)
 .debug_line_str
                0x000000000000078a       0xa7 c:/Users/ailen/Desktop/licenta/Nios_Custom_periherial_1/software/NiosCustomIP_bsp/\libhal_bsp.a(alt_load.o)
                                        0x123 (size before relaxing)
 .debug_line_str
                0x0000000000000831       0x4a c:/Users/ailen/Desktop/licenta/Nios_Custom_periherial_1/software/NiosCustomIP_bsp/\libhal_bsp.a(alt_main.o)
                                        0x122 (size before relaxing)
 .debug_line_str
                0x000000000000087b       0xcf c:/Users/ailen/Desktop/licenta/Nios_Custom_periherial_1/software/NiosCustomIP_bsp/\libhal_bsp.a(alt_write.o)
                                        0x1bb (size before relaxing)
 .debug_line_str
                0x000000000000094a       0x4f c:/Users/ailen/Desktop/licenta/Nios_Custom_periherial_1/software/NiosCustomIP_bsp/\libhal_bsp.a(alt_sys_init.o)
                                        0x133 (size before relaxing)
 .debug_line_str
                0x0000000000000999       0x38 c:/Users/ailen/Desktop/licenta/Nios_Custom_periherial_1/software/NiosCustomIP_bsp/\libhal_bsp.a(altera_avalon_jtag_uart_write.o)
                                        0x166 (size before relaxing)
 .debug_line_str
                0x00000000000009d1       0x1f c:/Users/ailen/Desktop/licenta/Nios_Custom_periherial_1/software/NiosCustomIP_bsp/\libhal_bsp.a(alt_dcache_flush_all.o)
                                        0x101 (size before relaxing)
 .debug_line_str
                0x00000000000009f0       0x14 c:/Users/ailen/Desktop/licenta/Nios_Custom_periherial_1/software/NiosCustomIP_bsp/\libhal_bsp.a(alt_errno.o)
                                        0x154 (size before relaxing)
 .debug_line_str
                0x0000000000000a04       0x1f c:/Users/ailen/Desktop/licenta/Nios_Custom_periherial_1/software/NiosCustomIP_bsp/\libhal_bsp.a(alt_icache_flush_all.o)
                                        0x131 (size before relaxing)
 .debug_line_str
                0x0000000000000a23       0x20 c:/Users/ailen/Desktop/licenta/Nios_Custom_periherial_1/software/NiosCustomIP_bsp/\libhal_bsp.a(altera_nios2_gen2_irq.o)
                                        0x104 (size before relaxing)
 .debug_line_str
                0x0000000000000a43       0x1b c:/Users/ailen/Desktop/licenta/Nios_Custom_periherial_1/software/NiosCustomIP_bsp/\libhal_bsp.a(alt_icache_flush.o)
                                        0x10b (size before relaxing)
 .debug_line_str
                0x0000000000000a5e       0x3c c:/intelfpga_lite/22.1std/nios2eds/bin/gnu/h-x86_64-mingw32/bin/../lib/gcc/nios2-elf/12.1.1/../../../../../H-x86_64-mingw32/nios2-elf/lib\libsmallc.a(lib_a-memcpy.o)
                                        0x294 (size before relaxing)

.debug_loclists
                0x0000000000000000     0x1028
 .debug_loclists
                0x0000000000000000       0xaa c:/intelfpga_lite/22.1std/nios2eds/bin/gnu/h-x86_64-mingw32/bin/../lib/gcc/nios2-elf/12.1.1/../../../../../H-x86_64-mingw32/nios2-elf/lib\libsmallc.a(lib_a-printf.o)
 .debug_loclists
                0x00000000000000aa      0x7fc c:/intelfpga_lite/22.1std/nios2eds/bin/gnu/h-x86_64-mingw32/bin/../lib/gcc/nios2-elf/12.1.1/../../../../../H-x86_64-mingw32/nios2-elf/lib\libsmallc.a(lib_a-vfprintf.o)
 .debug_loclists
                0x00000000000008a6       0xc5 c:/intelfpga_lite/22.1std/nios2eds/bin/gnu/h-x86_64-mingw32/bin/../lib/gcc/nios2-elf/12.1.1/../../../../../H-x86_64-mingw32/nios2-elf/lib\libsmallc.a(lib_a-fvwrite_small_dev.o)
 .debug_loclists
                0x000000000000096b       0x32 c:/intelfpga_lite/22.1std/nios2eds/bin/gnu/h-x86_64-mingw32/bin/../lib/gcc/nios2-elf/12.1.1/../../../../../H-x86_64-mingw32/nios2-elf/lib\libsmallc.a(lib_a-strlen.o)
 .debug_loclists
                0x000000000000099d       0x88 c:/intelfpga_lite/22.1std/nios2eds/bin/gnu/h-x86_64-mingw32/bin/../lib/gcc/nios2-elf/12.1.1/../../../../../H-x86_64-mingw32/nios2-elf/lib\libsmallc.a(lib_a-writer.o)
 .debug_loclists
                0x0000000000000a25      0x37a c:/intelfpga_lite/22.1std/nios2eds/bin/gnu/h-x86_64-mingw32/bin/../lib/gcc/nios2-elf/12.1.1\libgcc.a(lib2-divmod.o)
 .debug_loclists
                0x0000000000000d9f       0x7b c:/Users/ailen/Desktop/licenta/Nios_Custom_periherial_1/software/NiosCustomIP_bsp/\libhal_bsp.a(alt_write.o)
 .debug_loclists
                0x0000000000000e1a       0x1e c:/Users/ailen/Desktop/licenta/Nios_Custom_periherial_1/software/NiosCustomIP_bsp/\libhal_bsp.a(alt_sys_init.o)
 .debug_loclists
                0x0000000000000e38       0x5e c:/Users/ailen/Desktop/licenta/Nios_Custom_periherial_1/software/NiosCustomIP_bsp/\libhal_bsp.a(altera_avalon_jtag_uart_write.o)
 .debug_loclists
                0x0000000000000e96       0x1c c:/Users/ailen/Desktop/licenta/Nios_Custom_periherial_1/software/NiosCustomIP_bsp/\libhal_bsp.a(alt_dcache_flush_all.o)
 .debug_loclists
                0x0000000000000eb2       0xaa c:/Users/ailen/Desktop/licenta/Nios_Custom_periherial_1/software/NiosCustomIP_bsp/\libhal_bsp.a(alt_icache_flush.o)
 .debug_loclists
                0x0000000000000f5c       0xcc c:/intelfpga_lite/22.1std/nios2eds/bin/gnu/h-x86_64-mingw32/bin/../lib/gcc/nios2-elf/12.1.1/../../../../../H-x86_64-mingw32/nios2-elf/lib\libsmallc.a(lib_a-memcpy.o)
