Archive member included to satisfy reference by file (symbol)

c:/intelfpga_lite/22.1std/nios2eds/bin/gnu/h-x86_64-mingw32/bin/../lib/gcc/nios2-elf/12.1.1/../../../../../H-x86_64-mingw32/nios2-elf/lib\libsmallc.a(lib_a-printf.o)
                              obj/default/hello_world_small.o (printf)
c:/intelfpga_lite/22.1std/nios2eds/bin/gnu/h-x86_64-mingw32/bin/../lib/gcc/nios2-elf/12.1.1/../../../../../H-x86_64-mingw32/nios2-elf/lib\libsmallc.a(lib_a-puts.o)
                              obj/default/hello_world_small.o (puts)
c:/intelfpga_lite/22.1std/nios2eds/bin/gnu/h-x86_64-mingw32/bin/../lib/gcc/nios2-elf/12.1.1/../../../../../H-x86_64-mingw32/nios2-elf/lib\libsmallc.a(lib_a-strlen.o)
                              c:/intelfpga_lite/22.1std/nios2eds/bin/gnu/h-x86_64-mingw32/bin/../lib/gcc/nios2-elf/12.1.1/../../../../../H-x86_64-mingw32/nios2-elf/lib\libsmallc.a(lib_a-puts.o) (strlen)
c:/intelfpga_lite/22.1std/nios2eds/bin/gnu/h-x86_64-mingw32/bin/../lib/gcc/nios2-elf/12.1.1/../../../../../H-x86_64-mingw32/nios2-elf/lib\libsmallc.a(lib_a-vfprintf.o)
                              c:/intelfpga_lite/22.1std/nios2eds/bin/gnu/h-x86_64-mingw32/bin/../lib/gcc/nios2-elf/12.1.1/../../../../../H-x86_64-mingw32/nios2-elf/lib\libsmallc.a(lib_a-printf.o) (___vfprintf_internal_r)
c:/intelfpga_lite/22.1std/nios2eds/bin/gnu/h-x86_64-mingw32/bin/../lib/gcc/nios2-elf/12.1.1/../../../../../H-x86_64-mingw32/nios2-elf/lib\libsmallc.a(lib_a-fvwrite_small_dev.o)
                              c:/intelfpga_lite/22.1std/nios2eds/bin/gnu/h-x86_64-mingw32/bin/../lib/gcc/nios2-elf/12.1.1/../../../../../H-x86_64-mingw32/nios2-elf/lib\libsmallc.a(lib_a-printf.o) (__sfvwrite_small_dev)
c:/intelfpga_lite/22.1std/nios2eds/bin/gnu/h-x86_64-mingw32/bin/../lib/gcc/nios2-elf/12.1.1/../../../../../H-x86_64-mingw32/nios2-elf/lib\libsmallc.a(lib_a-impure.o)
                              c:/intelfpga_lite/22.1std/nios2eds/bin/gnu/h-x86_64-mingw32/bin/../lib/gcc/nios2-elf/12.1.1/../../../../../H-x86_64-mingw32/nios2-elf/lib\libsmallc.a(lib_a-printf.o) (_impure_ptr)
c:/intelfpga_lite/22.1std/nios2eds/bin/gnu/h-x86_64-mingw32/bin/../lib/gcc/nios2-elf/12.1.1/../../../../../H-x86_64-mingw32/nios2-elf/lib\libsmallc.a(lib_a-writer.o)
                              c:/intelfpga_lite/22.1std/nios2eds/bin/gnu/h-x86_64-mingw32/bin/../lib/gcc/nios2-elf/12.1.1/../../../../../H-x86_64-mingw32/nios2-elf/lib\libsmallc.a(lib_a-fvwrite_small_dev.o) (_write_r)
c:/intelfpga_lite/22.1std/nios2eds/bin/gnu/h-x86_64-mingw32/bin/../lib/gcc/nios2-elf/12.1.1/../../../../../H-x86_64-mingw32/nios2-elf/lib\libsmallc.a(lib_a-int_errno.o)
                              c:/intelfpga_lite/22.1std/nios2eds/bin/gnu/h-x86_64-mingw32/bin/../lib/gcc/nios2-elf/12.1.1/../../../../../H-x86_64-mingw32/nios2-elf/lib\libsmallc.a(lib_a-writer.o) (errno)
c:/intelfpga_lite/22.1std/nios2eds/bin/gnu/h-x86_64-mingw32/bin/../lib/gcc/nios2-elf/12.1.1\libgcc.a(lib2-divmod.o)
                              c:/intelfpga_lite/22.1std/nios2eds/bin/gnu/h-x86_64-mingw32/bin/../lib/gcc/nios2-elf/12.1.1/../../../../../H-x86_64-mingw32/nios2-elf/lib\libsmallc.a(lib_a-vfprintf.o) (__udivsi3)
c:/Users/ailen/Desktop/licenta/Nios_Custom_Instruction/software/NiosCustomInstruction_bsp/\libhal_bsp.a(alt_load.o)
                              c:/Users/ailen/Desktop/licenta/Nios_Custom_Instruction/software/NiosCustomInstruction_bsp//obj/HAL/src/crt0.o (alt_load)
c:/Users/ailen/Desktop/licenta/Nios_Custom_Instruction/software/NiosCustomInstruction_bsp/\libhal_bsp.a(alt_main.o)
                              c:/Users/ailen/Desktop/licenta/Nios_Custom_Instruction/software/NiosCustomInstruction_bsp//obj/HAL/src/crt0.o (alt_main)
c:/Users/ailen/Desktop/licenta/Nios_Custom_Instruction/software/NiosCustomInstruction_bsp/\libhal_bsp.a(alt_write.o)
                              c:/intelfpga_lite/22.1std/nios2eds/bin/gnu/h-x86_64-mingw32/bin/../lib/gcc/nios2-elf/12.1.1/../../../../../H-x86_64-mingw32/nios2-elf/lib\libsmallc.a(lib_a-writer.o) (write)
c:/Users/ailen/Desktop/licenta/Nios_Custom_Instruction/software/NiosCustomInstruction_bsp/\libhal_bsp.a(alt_sys_init.o)
                              c:/Users/ailen/Desktop/licenta/Nios_Custom_Instruction/software/NiosCustomInstruction_bsp/\libhal_bsp.a(alt_main.o) (alt_irq_init)
c:/Users/ailen/Desktop/licenta/Nios_Custom_Instruction/software/NiosCustomInstruction_bsp/\libhal_bsp.a(altera_avalon_jtag_uart_write.o)
                              c:/Users/ailen/Desktop/licenta/Nios_Custom_Instruction/software/NiosCustomInstruction_bsp/\libhal_bsp.a(alt_write.o) (altera_avalon_jtag_uart_write)
c:/Users/ailen/Desktop/licenta/Nios_Custom_Instruction/software/NiosCustomInstruction_bsp/\libhal_bsp.a(alt_dcache_flush_all.o)
                              c:/Users/ailen/Desktop/licenta/Nios_Custom_Instruction/software/NiosCustomInstruction_bsp/\libhal_bsp.a(alt_load.o) (alt_dcache_flush_all)
c:/Users/ailen/Desktop/licenta/Nios_Custom_Instruction/software/NiosCustomInstruction_bsp/\libhal_bsp.a(alt_errno.o)
                              c:/Users/ailen/Desktop/licenta/Nios_Custom_Instruction/software/NiosCustomInstruction_bsp/\libhal_bsp.a(alt_write.o) (alt_errno)
c:/Users/ailen/Desktop/licenta/Nios_Custom_Instruction/software/NiosCustomInstruction_bsp/\libhal_bsp.a(alt_icache_flush_all.o)
                              c:/Users/ailen/Desktop/licenta/Nios_Custom_Instruction/software/NiosCustomInstruction_bsp/\libhal_bsp.a(alt_load.o) (alt_icache_flush_all)
c:/Users/ailen/Desktop/licenta/Nios_Custom_Instruction/software/NiosCustomInstruction_bsp/\libhal_bsp.a(altera_nios2_gen2_irq.o)
                              c:/Users/ailen/Desktop/licenta/Nios_Custom_Instruction/software/NiosCustomInstruction_bsp/\libhal_bsp.a(alt_sys_init.o) (altera_nios2_gen2_irq_init)
c:/Users/ailen/Desktop/licenta/Nios_Custom_Instruction/software/NiosCustomInstruction_bsp/\libhal_bsp.a(alt_icache_flush.o)
                              c:/Users/ailen/Desktop/licenta/Nios_Custom_Instruction/software/NiosCustomInstruction_bsp/\libhal_bsp.a(alt_icache_flush_all.o) (alt_icache_flush)
c:/intelfpga_lite/22.1std/nios2eds/bin/gnu/h-x86_64-mingw32/bin/../lib/gcc/nios2-elf/12.1.1/../../../../../H-x86_64-mingw32/nios2-elf/lib\libsmallc.a(lib_a-memcpy.o)
                              c:/Users/ailen/Desktop/licenta/Nios_Custom_Instruction/software/NiosCustomInstruction_bsp/\libhal_bsp.a(alt_load.o) (memcpy)

Memory Configuration

Name             Origin             Length             Attributes
reset            0x0000000000010000 0x0000000000000020
SRAM             0x0000000000010020 0x0000000000009fe0
*default*        0x0000000000000000 0xffffffffffffffff

Linker script and memory map

LOAD c:/Users/ailen/Desktop/licenta/Nios_Custom_Instruction/software/NiosCustomInstruction_bsp//obj/HAL/src/crt0.o
LOAD obj/default/hello_world_small.o
LOAD c:/intelfpga_lite/22.1std/nios2eds/bin/gnu/h-x86_64-mingw32/bin/../lib/gcc/nios2-elf/12.1.1/../../../../../H-x86_64-mingw32/nios2-elf/lib\libstdc++.a
LOAD c:/intelfpga_lite/22.1std/nios2eds/bin/gnu/h-x86_64-mingw32/bin/../lib/gcc/nios2-elf/12.1.1/../../../../../H-x86_64-mingw32/nios2-elf/lib\libm.a
LOAD c:/intelfpga_lite/22.1std/nios2eds/bin/gnu/h-x86_64-mingw32/bin/../lib/gcc/nios2-elf/12.1.1\libgcc.a
START GROUP
LOAD c:/intelfpga_lite/22.1std/nios2eds/bin/gnu/h-x86_64-mingw32/bin/../lib/gcc/nios2-elf/12.1.1/../../../../../H-x86_64-mingw32/nios2-elf/lib\libsmallc.a
LOAD c:/intelfpga_lite/22.1std/nios2eds/bin/gnu/h-x86_64-mingw32/bin/../lib/gcc/nios2-elf/12.1.1\libgcc.a
LOAD c:/Users/ailen/Desktop/licenta/Nios_Custom_Instruction/software/NiosCustomInstruction_bsp/\libhal_bsp.a
LOAD c:/intelfpga_lite/22.1std/nios2eds/bin/gnu/h-x86_64-mingw32/bin/../lib/gcc/nios2-elf/12.1.1/../../../../../H-x86_64-mingw32/nios2-elf/lib\libm.a
END GROUP
LOAD c:/intelfpga_lite/22.1std/nios2eds/bin/gnu/h-x86_64-mingw32/bin/../lib/gcc/nios2-elf/12.1.1\libgcc.a
                0x0000000000010000                __alt_mem_SRAM = 0x10000

.entry          0x0000000000010000       0x20
 *(.entry)
 .entry         0x0000000000010000       0x20 c:/Users/ailen/Desktop/licenta/Nios_Custom_Instruction/software/NiosCustomInstruction_bsp//obj/HAL/src/crt0.o
                0x0000000000010000                __reset
                0x000000000001001c                _exit

.exceptions     0x0000000000010020        0x0
                0x0000000000010020                PROVIDE (__ram_exceptions_start = ABSOLUTE (.))
                0x0000000000010020                . = ALIGN (0x20)
 *(.irq)
 *(.exceptions.entry.label)
 *(.exceptions.entry.user)
 *(.exceptions.entry.ecc_fatal)
 *(.exceptions.entry)
 *(.exceptions.irqtest.user)
 *(.exceptions.irqtest)
 *(.exceptions.irqhandler.user)
 *(.exceptions.irqhandler)
 *(.exceptions.irqreturn.user)
 *(.exceptions.irqreturn)
 *(.exceptions.notirq.label)
 *(.exceptions.notirq.user)
 *(.exceptions.notirq)
 *(.exceptions.soft.user)
 *(.exceptions.soft)
 *(.exceptions.unknown.user)
 *(.exceptions.unknown)
 *(.exceptions.exit.label)
 *(.exceptions.exit.user)
 *(.exceptions.exit)
 *(.exceptions)
                0x0000000000010020                PROVIDE (__ram_exceptions_end = ABSOLUTE (.))
                0x0000000000010020                PROVIDE (__flash_exceptions_start = LOADADDR (.exceptions))

.text           0x0000000000010020      0xbf0
                [!provide]                        PROVIDE (stext = ABSOLUTE (.))
 *(.interp)
 *(.hash)
 *(.dynsym)
 *(.dynstr)
 *(.gnu.version)
 *(.gnu.version_d)
 *(.gnu.version_r)
 *(.rel.init)
 *(.rela.init)
 *(.rel.text .rel.text.* .rel.gnu.linkonce.t.*)
 *(.rela.text .rela.text.* .rela.gnu.linkonce.t.*)
 *(.rel.fini)
 *(.rela.fini)
 *(.rel.rodata .rel.rodata.* .rel.gnu.linkonce.r.*)
 *(.rela.rodata .rela.rodata.* .rela.gnu.linkonce.r.*)
 *(.rel.data .rel.data.* .rel.gnu.linkonce.d.*)
 *(.rela.data .rela.data.* .rela.gnu.linkonce.d.*)
 *(.rel.tdata .rel.tdata.* .rel.gnu.linkonce.td.*)
 *(.rela.tdata .rela.tdata.* .rela.gnu.linkonce.td.*)
 *(.rel.tbss .rel.tbss.* .rel.gnu.linkonce.tb.*)
 *(.rela.tbss .rela.tbss.* .rela.gnu.linkonce.tb.*)
 *(.rel.ctors)
 *(.rela.ctors)
 *(.rel.dtors)
 *(.rela.dtors)
 *(.rel.got)
 *(.rela.got)
 *(.rel.sdata .rel.sdata.* .rel.gnu.linkonce.s.*)
 *(.rela.sdata .rela.sdata.* .rela.gnu.linkonce.s.*)
 *(.rel.sbss .rel.sbss.* .rel.gnu.linkonce.sb.*)
 *(.rela.sbss .rela.sbss.* .rela.gnu.linkonce.sb.*)
 *(.rel.sdata2 .rel.sdata2.* .rel.gnu.linkonce.s2.*)
 *(.rela.sdata2 .rela.sdata2.* .rela.gnu.linkonce.s2.*)
 *(.rel.sbss2 .rel.sbss2.* .rel.gnu.linkonce.sb2.*)
 *(.rela.sbss2 .rela.sbss2.* .rela.gnu.linkonce.sb2.*)
 *(.rel.bss .rel.bss.* .rel.gnu.linkonce.b.*)
 *(.rela.bss .rela.bss.* .rela.gnu.linkonce.b.*)
 *(.rel.plt)
 *(.rela.plt)
 *(.rel.dyn)
 *(.init)
 *(.plt)
 *(.text .stub .text.* .gnu.linkonce.t.*)
 .text          0x0000000000010020       0x4c c:/Users/ailen/Desktop/licenta/Nios_Custom_Instruction/software/NiosCustomInstruction_bsp//obj/HAL/src/crt0.o
                0x0000000000010020                _start
 .text          0x000000000001006c        0x0 obj/default/hello_world_small.o
 .text.startup  0x000000000001006c       0x38 obj/default/hello_world_small.o
                0x000000000001006c                main
 .text          0x00000000000100a4        0x0 c:/intelfpga_lite/22.1std/nios2eds/bin/gnu/h-x86_64-mingw32/bin/../lib/gcc/nios2-elf/12.1.1/../../../../../H-x86_64-mingw32/nios2-elf/lib\libsmallc.a(lib_a-printf.o)
 .text._printf_r
                0x00000000000100a4       0x3c c:/intelfpga_lite/22.1std/nios2eds/bin/gnu/h-x86_64-mingw32/bin/../lib/gcc/nios2-elf/12.1.1/../../../../../H-x86_64-mingw32/nios2-elf/lib\libsmallc.a(lib_a-printf.o)
                0x00000000000100a4                _printf_r
 .text.printf   0x00000000000100e0       0x48 c:/intelfpga_lite/22.1std/nios2eds/bin/gnu/h-x86_64-mingw32/bin/../lib/gcc/nios2-elf/12.1.1/../../../../../H-x86_64-mingw32/nios2-elf/lib\libsmallc.a(lib_a-printf.o)
                0x00000000000100e0                printf
 .text          0x0000000000010128        0x0 c:/intelfpga_lite/22.1std/nios2eds/bin/gnu/h-x86_64-mingw32/bin/../lib/gcc/nios2-elf/12.1.1/../../../../../H-x86_64-mingw32/nios2-elf/lib\libsmallc.a(lib_a-puts.o)
 .text._puts_r  0x0000000000010128       0x80 c:/intelfpga_lite/22.1std/nios2eds/bin/gnu/h-x86_64-mingw32/bin/../lib/gcc/nios2-elf/12.1.1/../../../../../H-x86_64-mingw32/nios2-elf/lib\libsmallc.a(lib_a-puts.o)
                0x0000000000010128                _puts_r
 .text.puts     0x00000000000101a8       0x10 c:/intelfpga_lite/22.1std/nios2eds/bin/gnu/h-x86_64-mingw32/bin/../lib/gcc/nios2-elf/12.1.1/../../../../../H-x86_64-mingw32/nios2-elf/lib\libsmallc.a(lib_a-puts.o)
                0x00000000000101a8                puts
 .text          0x00000000000101b8        0x0 c:/intelfpga_lite/22.1std/nios2eds/bin/gnu/h-x86_64-mingw32/bin/../lib/gcc/nios2-elf/12.1.1/../../../../../H-x86_64-mingw32/nios2-elf/lib\libsmallc.a(lib_a-strlen.o)
 .text.strlen   0x00000000000101b8       0x1c c:/intelfpga_lite/22.1std/nios2eds/bin/gnu/h-x86_64-mingw32/bin/../lib/gcc/nios2-elf/12.1.1/../../../../../H-x86_64-mingw32/nios2-elf/lib\libsmallc.a(lib_a-strlen.o)
                0x00000000000101b8                strlen
 .text          0x00000000000101d4        0x0 c:/intelfpga_lite/22.1std/nios2eds/bin/gnu/h-x86_64-mingw32/bin/../lib/gcc/nios2-elf/12.1.1/../../../../../H-x86_64-mingw32/nios2-elf/lib\libsmallc.a(lib_a-vfprintf.o)
 .text.print_repeat
                0x00000000000101d4       0x6c c:/intelfpga_lite/22.1std/nios2eds/bin/gnu/h-x86_64-mingw32/bin/../lib/gcc/nios2-elf/12.1.1/../../../../../H-x86_64-mingw32/nios2-elf/lib\libsmallc.a(lib_a-vfprintf.o)
 .text.___vfprintf_internal_r
                0x0000000000010240      0x4fc c:/intelfpga_lite/22.1std/nios2eds/bin/gnu/h-x86_64-mingw32/bin/../lib/gcc/nios2-elf/12.1.1/../../../../../H-x86_64-mingw32/nios2-elf/lib\libsmallc.a(lib_a-vfprintf.o)
                0x0000000000010240                ___vfprintf_internal_r
 .text.__vfprintf_internal
                0x000000000001073c       0x18 c:/intelfpga_lite/22.1std/nios2eds/bin/gnu/h-x86_64-mingw32/bin/../lib/gcc/nios2-elf/12.1.1/../../../../../H-x86_64-mingw32/nios2-elf/lib\libsmallc.a(lib_a-vfprintf.o)
                0x000000000001073c                __vfprintf_internal
 .text          0x0000000000010754        0x0 c:/intelfpga_lite/22.1std/nios2eds/bin/gnu/h-x86_64-mingw32/bin/../lib/gcc/nios2-elf/12.1.1/../../../../../H-x86_64-mingw32/nios2-elf/lib\libsmallc.a(lib_a-fvwrite_small_dev.o)
 .text.__sfvwrite_small_dev
                0x0000000000010754       0xa8 c:/intelfpga_lite/22.1std/nios2eds/bin/gnu/h-x86_64-mingw32/bin/../lib/gcc/nios2-elf/12.1.1/../../../../../H-x86_64-mingw32/nios2-elf/lib\libsmallc.a(lib_a-fvwrite_small_dev.o)
                0x0000000000010754                __sfvwrite_small_dev
 .text          0x00000000000107fc        0x0 c:/intelfpga_lite/22.1std/nios2eds/bin/gnu/h-x86_64-mingw32/bin/../lib/gcc/nios2-elf/12.1.1/../../../../../H-x86_64-mingw32/nios2-elf/lib\libsmallc.a(lib_a-impure.o)
 .text          0x00000000000107fc        0x0 c:/intelfpga_lite/22.1std/nios2eds/bin/gnu/h-x86_64-mingw32/bin/../lib/gcc/nios2-elf/12.1.1/../../../../../H-x86_64-mingw32/nios2-elf/lib\libsmallc.a(lib_a-writer.o)
 .text._write_r
                0x00000000000107fc       0x50 c:/intelfpga_lite/22.1std/nios2eds/bin/gnu/h-x86_64-mingw32/bin/../lib/gcc/nios2-elf/12.1.1/../../../../../H-x86_64-mingw32/nios2-elf/lib\libsmallc.a(lib_a-writer.o)
                0x00000000000107fc                _write_r
 .text          0x000000000001084c        0x0 c:/intelfpga_lite/22.1std/nios2eds/bin/gnu/h-x86_64-mingw32/bin/../lib/gcc/nios2-elf/12.1.1/../../../../../H-x86_64-mingw32/nios2-elf/lib\libsmallc.a(lib_a-int_errno.o)
 .text          0x000000000001084c      0x1b4 c:/intelfpga_lite/22.1std/nios2eds/bin/gnu/h-x86_64-mingw32/bin/../lib/gcc/nios2-elf/12.1.1\libgcc.a(lib2-divmod.o)
                0x000000000001084c                __divsi3
                0x00000000000108cc                __modsi3
                0x0000000000010940                __udivsi3
                0x00000000000109a4                __umodsi3
 .text          0x0000000000010a00       0x84 c:/Users/ailen/Desktop/licenta/Nios_Custom_Instruction/software/NiosCustomInstruction_bsp/\libhal_bsp.a(alt_load.o)
                0x0000000000010a00                alt_load
 .text          0x0000000000010a84       0x2c c:/Users/ailen/Desktop/licenta/Nios_Custom_Instruction/software/NiosCustomInstruction_bsp/\libhal_bsp.a(alt_main.o)
                0x0000000000010a84                alt_main
 .text          0x0000000000010ab0       0x5c c:/Users/ailen/Desktop/licenta/Nios_Custom_Instruction/software/NiosCustomInstruction_bsp/\libhal_bsp.a(alt_write.o)
                0x0000000000010ab0                write
 .text          0x0000000000010b0c       0x24 c:/Users/ailen/Desktop/licenta/Nios_Custom_Instruction/software/NiosCustomInstruction_bsp/\libhal_bsp.a(alt_sys_init.o)
                0x0000000000010b0c                alt_irq_init
                0x0000000000010b2c                alt_sys_init
 .text          0x0000000000010b30       0x30 c:/Users/ailen/Desktop/licenta/Nios_Custom_Instruction/software/NiosCustomInstruction_bsp/\libhal_bsp.a(altera_avalon_jtag_uart_write.o)
                0x0000000000010b30                altera_avalon_jtag_uart_write
 .text          0x0000000000010b60       0x18 c:/Users/ailen/Desktop/licenta/Nios_Custom_Instruction/software/NiosCustomInstruction_bsp/\libhal_bsp.a(alt_dcache_flush_all.o)
                0x0000000000010b60                alt_dcache_flush_all
 .text          0x0000000000010b78        0x0 c:/Users/ailen/Desktop/licenta/Nios_Custom_Instruction/software/NiosCustomInstruction_bsp/\libhal_bsp.a(alt_errno.o)
 .text          0x0000000000010b78        0xc c:/Users/ailen/Desktop/licenta/Nios_Custom_Instruction/software/NiosCustomInstruction_bsp/\libhal_bsp.a(alt_icache_flush_all.o)
                0x0000000000010b78                alt_icache_flush_all
 .text          0x0000000000010b84        0x8 c:/Users/ailen/Desktop/licenta/Nios_Custom_Instruction/software/NiosCustomInstruction_bsp/\libhal_bsp.a(altera_nios2_gen2_irq.o)
                0x0000000000010b84                altera_nios2_gen2_irq_init
 .text          0x0000000000010b8c       0x5c c:/Users/ailen/Desktop/licenta/Nios_Custom_Instruction/software/NiosCustomInstruction_bsp/\libhal_bsp.a(alt_icache_flush.o)
                0x0000000000010b8c                alt_icache_flush
 .text          0x0000000000010be8        0x0 c:/intelfpga_lite/22.1std/nios2eds/bin/gnu/h-x86_64-mingw32/bin/../lib/gcc/nios2-elf/12.1.1/../../../../../H-x86_64-mingw32/nios2-elf/lib\libsmallc.a(lib_a-memcpy.o)
 .text.memcpy   0x0000000000010be8       0x28 c:/intelfpga_lite/22.1std/nios2eds/bin/gnu/h-x86_64-mingw32/bin/../lib/gcc/nios2-elf/12.1.1/../../../../../H-x86_64-mingw32/nios2-elf/lib\libsmallc.a(lib_a-memcpy.o)
                0x0000000000010be8                memcpy
 *(.gnu.warning.*)
 *(.fini)
                [!provide]                        PROVIDE (__etext = ABSOLUTE (.))
                [!provide]                        PROVIDE (_etext = ABSOLUTE (.))
                [!provide]                        PROVIDE (etext = ABSOLUTE (.))
 *(.eh_frame_hdr)
                0x0000000000010c10                . = ALIGN (0x4)
                [!provide]                        PROVIDE (__preinit_array_start = ABSOLUTE (.))
 *(.preinit_array)
                [!provide]                        PROVIDE (__preinit_array_end = ABSOLUTE (.))
                [!provide]                        PROVIDE (__init_array_start = ABSOLUTE (.))
 *(.init_array)
                [!provide]                        PROVIDE (__init_array_end = ABSOLUTE (.))
                [!provide]                        PROVIDE (__fini_array_start = ABSOLUTE (.))
 *(.fini_array)
                [!provide]                        PROVIDE (__fini_array_end = ABSOLUTE (.))
 *(.eh_frame)
 *(.gcc_except_table .gcc_except_table.*)
 *(.dynamic)
                [!provide]                        PROVIDE (__CTOR_LIST__ = ABSOLUTE (.))
 *(.ctors)
 *(SORT_BY_NAME(.ctors.*))
                [!provide]                        PROVIDE (__CTOR_END__ = ABSOLUTE (.))
                [!provide]                        PROVIDE (__DTOR_LIST__ = ABSOLUTE (.))
 *(.dtors)
 *(SORT_BY_NAME(.dtors.*))
                [!provide]                        PROVIDE (__DTOR_END__ = ABSOLUTE (.))
 *(.jcr)
                0x0000000000010c10                . = ALIGN (0x4)

.rodata         0x0000000000010c10       0x50
                0x0000000000010c10                PROVIDE (__ram_rodata_start = ABSOLUTE (.))
                0x0000000000010c10                . = ALIGN (0x4)
 *(.rodata .rodata.* .gnu.linkonce.r.*)
 .rodata.str1.4
                0x0000000000010c10       0x4c obj/default/hello_world_small.o
 .rodata._puts_r.str1.4
                0x0000000000010c5c        0x2 c:/intelfpga_lite/22.1std/nios2eds/bin/gnu/h-x86_64-mingw32/bin/../lib/gcc/nios2-elf/12.1.1/../../../../../H-x86_64-mingw32/nios2-elf/lib\libsmallc.a(lib_a-puts.o)
 *(.rodata1)
                0x0000000000010c60                . = ALIGN (0x4)
 *fill*         0x0000000000010c5e        0x2 
                0x0000000000010c60                PROVIDE (__ram_rodata_end = ABSOLUTE (.))
                0x0000000000010c10                PROVIDE (__flash_rodata_start = LOADADDR (.rodata))

.rwdata         0x0000000000010c60       0xf4 load address 0x0000000000010d54
                0x0000000000010c60                PROVIDE (__ram_rwdata_start = ABSOLUTE (.))
                0x0000000000010c60                . = ALIGN (0x4)
 *(.got.plt)
 *(.got)
 *(.data1)
 *(.data .data.* .gnu.linkonce.d.*)
 .data          0x0000000000010c60        0x0 c:/Users/ailen/Desktop/licenta/Nios_Custom_Instruction/software/NiosCustomInstruction_bsp//obj/HAL/src/crt0.o
 .data          0x0000000000010c60        0x0 obj/default/hello_world_small.o
 .data          0x0000000000010c60        0x0 c:/intelfpga_lite/22.1std/nios2eds/bin/gnu/h-x86_64-mingw32/bin/../lib/gcc/nios2-elf/12.1.1/../../../../../H-x86_64-mingw32/nios2-elf/lib\libsmallc.a(lib_a-printf.o)
 .data          0x0000000000010c60        0x0 c:/intelfpga_lite/22.1std/nios2eds/bin/gnu/h-x86_64-mingw32/bin/../lib/gcc/nios2-elf/12.1.1/../../../../../H-x86_64-mingw32/nios2-elf/lib\libsmallc.a(lib_a-puts.o)
 .data          0x0000000000010c60        0x0 c:/intelfpga_lite/22.1std/nios2eds/bin/gnu/h-x86_64-mingw32/bin/../lib/gcc/nios2-elf/12.1.1/../../../../../H-x86_64-mingw32/nios2-elf/lib\libsmallc.a(lib_a-strlen.o)
 .data          0x0000000000010c60        0x0 c:/intelfpga_lite/22.1std/nios2eds/bin/gnu/h-x86_64-mingw32/bin/../lib/gcc/nios2-elf/12.1.1/../../../../../H-x86_64-mingw32/nios2-elf/lib\libsmallc.a(lib_a-vfprintf.o)
 .data          0x0000000000010c60        0x0 c:/intelfpga_lite/22.1std/nios2eds/bin/gnu/h-x86_64-mingw32/bin/../lib/gcc/nios2-elf/12.1.1/../../../../../H-x86_64-mingw32/nios2-elf/lib\libsmallc.a(lib_a-fvwrite_small_dev.o)
 .data          0x0000000000010c60        0x0 c:/intelfpga_lite/22.1std/nios2eds/bin/gnu/h-x86_64-mingw32/bin/../lib/gcc/nios2-elf/12.1.1/../../../../../H-x86_64-mingw32/nios2-elf/lib\libsmallc.a(lib_a-impure.o)
 .data.impure_data
                0x0000000000010c60       0xe4 c:/intelfpga_lite/22.1std/nios2eds/bin/gnu/h-x86_64-mingw32/bin/../lib/gcc/nios2-elf/12.1.1/../../../../../H-x86_64-mingw32/nios2-elf/lib\libsmallc.a(lib_a-impure.o)
 .data          0x0000000000010d44        0x0 c:/intelfpga_lite/22.1std/nios2eds/bin/gnu/h-x86_64-mingw32/bin/../lib/gcc/nios2-elf/12.1.1/../../../../../H-x86_64-mingw32/nios2-elf/lib\libsmallc.a(lib_a-writer.o)
 .data          0x0000000000010d44        0x0 c:/intelfpga_lite/22.1std/nios2eds/bin/gnu/h-x86_64-mingw32/bin/../lib/gcc/nios2-elf/12.1.1/../../../../../H-x86_64-mingw32/nios2-elf/lib\libsmallc.a(lib_a-int_errno.o)
 .data          0x0000000000010d44        0x0 c:/intelfpga_lite/22.1std/nios2eds/bin/gnu/h-x86_64-mingw32/bin/../lib/gcc/nios2-elf/12.1.1\libgcc.a(lib2-divmod.o)
 .data          0x0000000000010d44        0x0 c:/Users/ailen/Desktop/licenta/Nios_Custom_Instruction/software/NiosCustomInstruction_bsp/\libhal_bsp.a(alt_load.o)
 .data          0x0000000000010d44        0x0 c:/Users/ailen/Desktop/licenta/Nios_Custom_Instruction/software/NiosCustomInstruction_bsp/\libhal_bsp.a(alt_main.o)
 .data          0x0000000000010d44        0x0 c:/Users/ailen/Desktop/licenta/Nios_Custom_Instruction/software/NiosCustomInstruction_bsp/\libhal_bsp.a(alt_write.o)
 .data          0x0000000000010d44        0x0 c:/Users/ailen/Desktop/licenta/Nios_Custom_Instruction/software/NiosCustomInstruction_bsp/\libhal_bsp.a(alt_sys_init.o)
 .data          0x0000000000010d44        0x0 c:/Users/ailen/Desktop/licenta/Nios_Custom_Instruction/software/NiosCustomInstruction_bsp/\libhal_bsp.a(altera_avalon_jtag_uart_write.o)
 .data          0x0000000000010d44        0x0 c:/Users/ailen/Desktop/licenta/Nios_Custom_Instruction/software/NiosCustomInstruction_bsp/\libhal_bsp.a(alt_dcache_flush_all.o)
 .data          0x0000000000010d44        0x0 c:/Users/ailen/Desktop/licenta/Nios_Custom_Instruction/software/NiosCustomInstruction_bsp/\libhal_bsp.a(alt_errno.o)
 .data          0x0000000000010d44        0x0 c:/Users/ailen/Desktop/licenta/Nios_Custom_Instruction/software/NiosCustomInstruction_bsp/\libhal_bsp.a(alt_icache_flush_all.o)
 .data          0x0000000000010d44        0x0 c:/Users/ailen/Desktop/licenta/Nios_Custom_Instruction/software/NiosCustomInstruction_bsp/\libhal_bsp.a(altera_nios2_gen2_irq.o)
 .data          0x0000000000010d44        0x0 c:/Users/ailen/Desktop/licenta/Nios_Custom_Instruction/software/NiosCustomInstruction_bsp/\libhal_bsp.a(alt_icache_flush.o)
 .data          0x0000000000010d44        0x0 c:/intelfpga_lite/22.1std/nios2eds/bin/gnu/h-x86_64-mingw32/bin/../lib/gcc/nios2-elf/12.1.1/../../../../../H-x86_64-mingw32/nios2-elf/lib\libsmallc.a(lib_a-memcpy.o)
                0x0000000000018d44                _gp = ABSOLUTE ((. + 0x8000))
                [!provide]                        PROVIDE (gp = _gp)
 *(.rwdata .rwdata.*)
 *(.sdata .sdata.* .gnu.linkonce.s.*)
 .sdata._global_impure_ptr
                0x0000000000010d44        0x4 c:/intelfpga_lite/22.1std/nios2eds/bin/gnu/h-x86_64-mingw32/bin/../lib/gcc/nios2-elf/12.1.1/../../../../../H-x86_64-mingw32/nios2-elf/lib\libsmallc.a(lib_a-impure.o)
                0x0000000000010d44                _global_impure_ptr
 .sdata._impure_ptr
                0x0000000000010d48        0x4 c:/intelfpga_lite/22.1std/nios2eds/bin/gnu/h-x86_64-mingw32/bin/../lib/gcc/nios2-elf/12.1.1/../../../../../H-x86_64-mingw32/nios2-elf/lib\libsmallc.a(lib_a-impure.o)
                0x0000000000010d48                _impure_ptr
 .sdata         0x0000000000010d4c        0x4 c:/Users/ailen/Desktop/licenta/Nios_Custom_Instruction/software/NiosCustomInstruction_bsp/\libhal_bsp.a(alt_sys_init.o)
                0x0000000000010d4c                DEBUG
 .sdata         0x0000000000010d50        0x4 c:/Users/ailen/Desktop/licenta/Nios_Custom_Instruction/software/NiosCustomInstruction_bsp/\libhal_bsp.a(alt_errno.o)
                0x0000000000010d50                alt_errno
 *(.sdata2 .sdata2.* .gnu.linkonce.s2.*)
                0x0000000000010d54                . = ALIGN (0x4)
                0x0000000000010d54                _edata = ABSOLUTE (.)
                [!provide]                        PROVIDE (edata = ABSOLUTE (.))
                0x0000000000010d54                PROVIDE (__ram_rwdata_end = ABSOLUTE (.))
                0x0000000000010d54                PROVIDE (__flash_rwdata_start = LOADADDR (.rwdata))

.bss            0x0000000000010e48       0x10
                0x0000000000010e48                __bss_start = ABSOLUTE (.)
                [!provide]                        PROVIDE (__sbss_start = ABSOLUTE (.))
                [!provide]                        PROVIDE (___sbss_start = ABSOLUTE (.))
 *(.dynsbss)
 *(.sbss .sbss.* .gnu.linkonce.sb.*)
 .sbss.errno    0x0000000000010e48        0x4 c:/intelfpga_lite/22.1std/nios2eds/bin/gnu/h-x86_64-mingw32/bin/../lib/gcc/nios2-elf/12.1.1/../../../../../H-x86_64-mingw32/nios2-elf/lib\libsmallc.a(lib_a-int_errno.o)
                0x0000000000010e48                errno
 .sbss          0x0000000000010e4c        0xc c:/Users/ailen/Desktop/licenta/Nios_Custom_Instruction/software/NiosCustomInstruction_bsp/\libhal_bsp.a(alt_main.o)
                0x0000000000010e4c                alt_envp
                0x0000000000010e50                alt_argv
                0x0000000000010e54                alt_argc
 *(.sbss2 .sbss2.* .gnu.linkonce.sb2.*)
 *(.scommon)
                [!provide]                        PROVIDE (__sbss_end = ABSOLUTE (.))
                [!provide]                        PROVIDE (___sbss_end = ABSOLUTE (.))
 *(.dynbss)
 *(.bss .bss.* .gnu.linkonce.b.*)
 .bss           0x0000000000010e58        0x0 c:/Users/ailen/Desktop/licenta/Nios_Custom_Instruction/software/NiosCustomInstruction_bsp//obj/HAL/src/crt0.o
 .bss           0x0000000000010e58        0x0 obj/default/hello_world_small.o
 .bss           0x0000000000010e58        0x0 c:/intelfpga_lite/22.1std/nios2eds/bin/gnu/h-x86_64-mingw32/bin/../lib/gcc/nios2-elf/12.1.1/../../../../../H-x86_64-mingw32/nios2-elf/lib\libsmallc.a(lib_a-printf.o)
 .bss           0x0000000000010e58        0x0 c:/intelfpga_lite/22.1std/nios2eds/bin/gnu/h-x86_64-mingw32/bin/../lib/gcc/nios2-elf/12.1.1/../../../../../H-x86_64-mingw32/nios2-elf/lib\libsmallc.a(lib_a-puts.o)
 .bss           0x0000000000010e58        0x0 c:/intelfpga_lite/22.1std/nios2eds/bin/gnu/h-x86_64-mingw32/bin/../lib/gcc/nios2-elf/12.1.1/../../../../../H-x86_64-mingw32/nios2-elf/lib\libsmallc.a(lib_a-strlen.o)
 .bss           0x0000000000010e58        0x0 c:/intelfpga_lite/22.1std/nios2eds/bin/gnu/h-x86_64-mingw32/bin/../lib/gcc/nios2-elf/12.1.1/../../../../../H-x86_64-mingw32/nios2-elf/lib\libsmallc.a(lib_a-vfprintf.o)
 .bss           0x0000000000010e58        0x0 c:/intelfpga_lite/22.1std/nios2eds/bin/gnu/h-x86_64-mingw32/bin/../lib/gcc/nios2-elf/12.1.1/../../../../../H-x86_64-mingw32/nios2-elf/lib\libsmallc.a(lib_a-fvwrite_small_dev.o)
 .bss           0x0000000000010e58        0x0 c:/intelfpga_lite/22.1std/nios2eds/bin/gnu/h-x86_64-mingw32/bin/../lib/gcc/nios2-elf/12.1.1/../../../../../H-x86_64-mingw32/nios2-elf/lib\libsmallc.a(lib_a-impure.o)
 .bss           0x0000000000010e58        0x0 c:/intelfpga_lite/22.1std/nios2eds/bin/gnu/h-x86_64-mingw32/bin/../lib/gcc/nios2-elf/12.1.1/../../../../../H-x86_64-mingw32/nios2-elf/lib\libsmallc.a(lib_a-writer.o)
 .bss           0x0000000000010e58        0x0 c:/intelfpga_lite/22.1std/nios2eds/bin/gnu/h-x86_64-mingw32/bin/../lib/gcc/nios2-elf/12.1.1/../../../../../H-x86_64-mingw32/nios2-elf/lib\libsmallc.a(lib_a-int_errno.o)
 .bss           0x0000000000010e58        0x0 c:/intelfpga_lite/22.1std/nios2eds/bin/gnu/h-x86_64-mingw32/bin/../lib/gcc/nios2-elf/12.1.1\libgcc.a(lib2-divmod.o)
 .bss           0x0000000000010e58        0x0 c:/Users/ailen/Desktop/licenta/Nios_Custom_Instruction/software/NiosCustomInstruction_bsp/\libhal_bsp.a(alt_load.o)
 .bss           0x0000000000010e58        0x0 c:/Users/ailen/Desktop/licenta/Nios_Custom_Instruction/software/NiosCustomInstruction_bsp/\libhal_bsp.a(alt_main.o)
 .bss           0x0000000000010e58        0x0 c:/Users/ailen/Desktop/licenta/Nios_Custom_Instruction/software/NiosCustomInstruction_bsp/\libhal_bsp.a(alt_write.o)
 .bss           0x0000000000010e58        0x0 c:/Users/ailen/Desktop/licenta/Nios_Custom_Instruction/software/NiosCustomInstruction_bsp/\libhal_bsp.a(alt_sys_init.o)
 .bss           0x0000000000010e58        0x0 c:/Users/ailen/Desktop/licenta/Nios_Custom_Instruction/software/NiosCustomInstruction_bsp/\libhal_bsp.a(altera_avalon_jtag_uart_write.o)
 .bss           0x0000000000010e58        0x0 c:/Users/ailen/Desktop/licenta/Nios_Custom_Instruction/software/NiosCustomInstruction_bsp/\libhal_bsp.a(alt_dcache_flush_all.o)
 .bss           0x0000000000010e58        0x0 c:/Users/ailen/Desktop/licenta/Nios_Custom_Instruction/software/NiosCustomInstruction_bsp/\libhal_bsp.a(alt_errno.o)
 .bss           0x0000000000010e58        0x0 c:/Users/ailen/Desktop/licenta/Nios_Custom_Instruction/software/NiosCustomInstruction_bsp/\libhal_bsp.a(alt_icache_flush_all.o)
 .bss           0x0000000000010e58        0x0 c:/Users/ailen/Desktop/licenta/Nios_Custom_Instruction/software/NiosCustomInstruction_bsp/\libhal_bsp.a(altera_nios2_gen2_irq.o)
 .bss           0x0000000000010e58        0x0 c:/Users/ailen/Desktop/licenta/Nios_Custom_Instruction/software/NiosCustomInstruction_bsp/\libhal_bsp.a(alt_icache_flush.o)
 .bss           0x0000000000010e58        0x0 c:/intelfpga_lite/22.1std/nios2eds/bin/gnu/h-x86_64-mingw32/bin/../lib/gcc/nios2-elf/12.1.1/../../../../../H-x86_64-mingw32/nios2-elf/lib\libsmallc.a(lib_a-memcpy.o)
 *(COMMON)
                0x0000000000010e58                . = ALIGN (0x4)
                0x0000000000010e58                __bss_end = ABSOLUTE (.)

.SRAM           0x0000000000010e58        0x0
                [!provide]                        PROVIDE (_alt_partition_SRAM_start = ABSOLUTE (.))
 *(.SRAM .SRAM. SRAM.*)
                0x0000000000010e58                . = ALIGN (0x4)
                [!provide]                        PROVIDE (_alt_partition_SRAM_end = ABSOLUTE (.))
                0x0000000000010e58                _end = ABSOLUTE (.)
                0x0000000000010e58                end = ABSOLUTE (.)
                0x0000000000010e58                __alt_stack_base = ABSOLUTE (.)
                [!provide]                        PROVIDE (_alt_partition_SRAM_load_addr = LOADADDR (.SRAM))

.stab
 *(.stab)

.stabstr
 *(.stabstr)

.stab.excl
 *(.stab.excl)

.stab.exclstr
 *(.stab.exclstr)

.stab.index
 *(.stab.index)

.stab.indexstr
 *(.stab.indexstr)

.comment        0x0000000000000000       0x2d
 *(.comment)
 .comment       0x0000000000000000       0x2d obj/default/hello_world_small.o
                                         0x2e (size before relaxing)
 .comment       0x000000000000002d       0x2e c:/intelfpga_lite/22.1std/nios2eds/bin/gnu/h-x86_64-mingw32/bin/../lib/gcc/nios2-elf/12.1.1/../../../../../H-x86_64-mingw32/nios2-elf/lib\libsmallc.a(lib_a-printf.o)
 .comment       0x000000000000002d       0x2e c:/intelfpga_lite/22.1std/nios2eds/bin/gnu/h-x86_64-mingw32/bin/../lib/gcc/nios2-elf/12.1.1/../../../../../H-x86_64-mingw32/nios2-elf/lib\libsmallc.a(lib_a-puts.o)
 .comment       0x000000000000002d       0x2e c:/intelfpga_lite/22.1std/nios2eds/bin/gnu/h-x86_64-mingw32/bin/../lib/gcc/nios2-elf/12.1.1/../../../../../H-x86_64-mingw32/nios2-elf/lib\libsmallc.a(lib_a-strlen.o)
 .comment       0x000000000000002d       0x2e c:/intelfpga_lite/22.1std/nios2eds/bin/gnu/h-x86_64-mingw32/bin/../lib/gcc/nios2-elf/12.1.1/../../../../../H-x86_64-mingw32/nios2-elf/lib\libsmallc.a(lib_a-vfprintf.o)
 .comment       0x000000000000002d       0x2e c:/intelfpga_lite/22.1std/nios2eds/bin/gnu/h-x86_64-mingw32/bin/../lib/gcc/nios2-elf/12.1.1/../../../../../H-x86_64-mingw32/nios2-elf/lib\libsmallc.a(lib_a-fvwrite_small_dev.o)
 .comment       0x000000000000002d       0x2e c:/intelfpga_lite/22.1std/nios2eds/bin/gnu/h-x86_64-mingw32/bin/../lib/gcc/nios2-elf/12.1.1/../../../../../H-x86_64-mingw32/nios2-elf/lib\libsmallc.a(lib_a-impure.o)
 .comment       0x000000000000002d       0x2e c:/intelfpga_lite/22.1std/nios2eds/bin/gnu/h-x86_64-mingw32/bin/../lib/gcc/nios2-elf/12.1.1/../../../../../H-x86_64-mingw32/nios2-elf/lib\libsmallc.a(lib_a-writer.o)
 .comment       0x000000000000002d       0x2e c:/intelfpga_lite/22.1std/nios2eds/bin/gnu/h-x86_64-mingw32/bin/../lib/gcc/nios2-elf/12.1.1/../../../../../H-x86_64-mingw32/nios2-elf/lib\libsmallc.a(lib_a-int_errno.o)
 .comment       0x000000000000002d       0x2e c:/intelfpga_lite/22.1std/nios2eds/bin/gnu/h-x86_64-mingw32/bin/../lib/gcc/nios2-elf/12.1.1\libgcc.a(lib2-divmod.o)
 .comment       0x000000000000002d       0x2e c:/Users/ailen/Desktop/licenta/Nios_Custom_Instruction/software/NiosCustomInstruction_bsp/\libhal_bsp.a(alt_load.o)
 .comment       0x000000000000002d       0x2e c:/Users/ailen/Desktop/licenta/Nios_Custom_Instruction/software/NiosCustomInstruction_bsp/\libhal_bsp.a(alt_main.o)
 .comment       0x000000000000002d       0x2e c:/Users/ailen/Desktop/licenta/Nios_Custom_Instruction/software/NiosCustomInstruction_bsp/\libhal_bsp.a(alt_write.o)
 .comment       0x000000000000002d       0x2e c:/Users/ailen/Desktop/licenta/Nios_Custom_Instruction/software/NiosCustomInstruction_bsp/\libhal_bsp.a(alt_sys_init.o)
 .comment       0x000000000000002d       0x2e c:/Users/ailen/Desktop/licenta/Nios_Custom_Instruction/software/NiosCustomInstruction_bsp/\libhal_bsp.a(altera_avalon_jtag_uart_write.o)
 .comment       0x000000000000002d       0x2e c:/Users/ailen/Desktop/licenta/Nios_Custom_Instruction/software/NiosCustomInstruction_bsp/\libhal_bsp.a(alt_dcache_flush_all.o)
 .comment       0x000000000000002d       0x2e c:/Users/ailen/Desktop/licenta/Nios_Custom_Instruction/software/NiosCustomInstruction_bsp/\libhal_bsp.a(alt_errno.o)
 .comment       0x000000000000002d       0x2e c:/Users/ailen/Desktop/licenta/Nios_Custom_Instruction/software/NiosCustomInstruction_bsp/\libhal_bsp.a(alt_icache_flush_all.o)
 .comment       0x000000000000002d       0x2e c:/Users/ailen/Desktop/licenta/Nios_Custom_Instruction/software/NiosCustomInstruction_bsp/\libhal_bsp.a(altera_nios2_gen2_irq.o)
 .comment       0x000000000000002d       0x2e c:/Users/ailen/Desktop/licenta/Nios_Custom_Instruction/software/NiosCustomInstruction_bsp/\libhal_bsp.a(alt_icache_flush.o)
 .comment       0x000000000000002d       0x2e c:/intelfpga_lite/22.1std/nios2eds/bin/gnu/h-x86_64-mingw32/bin/../lib/gcc/nios2-elf/12.1.1/../../../../../H-x86_64-mingw32/nios2-elf/lib\libsmallc.a(lib_a-memcpy.o)

.debug
 *(.debug)

.line
 *(.line)

.debug_srcinfo
 *(.debug_srcinfo)

.debug_sfnames
 *(.debug_sfnames)

.debug_aranges  0x0000000000000000      0x2d0
 *(.debug_aranges)
 .debug_aranges
                0x0000000000000000       0x28 c:/Users/ailen/Desktop/licenta/Nios_Custom_Instruction/software/NiosCustomInstruction_bsp//obj/HAL/src/crt0.o
 .debug_aranges
                0x0000000000000028       0x20 obj/default/hello_world_small.o
 .debug_aranges
                0x0000000000000048       0x28 c:/intelfpga_lite/22.1std/nios2eds/bin/gnu/h-x86_64-mingw32/bin/../lib/gcc/nios2-elf/12.1.1/../../../../../H-x86_64-mingw32/nios2-elf/lib\libsmallc.a(lib_a-printf.o)
 .debug_aranges
                0x0000000000000070       0x28 c:/intelfpga_lite/22.1std/nios2eds/bin/gnu/h-x86_64-mingw32/bin/../lib/gcc/nios2-elf/12.1.1/../../../../../H-x86_64-mingw32/nios2-elf/lib\libsmallc.a(lib_a-puts.o)
 .debug_aranges
                0x0000000000000098       0x20 c:/intelfpga_lite/22.1std/nios2eds/bin/gnu/h-x86_64-mingw32/bin/../lib/gcc/nios2-elf/12.1.1/../../../../../H-x86_64-mingw32/nios2-elf/lib\libsmallc.a(lib_a-strlen.o)
 .debug_aranges
                0x00000000000000b8       0x30 c:/intelfpga_lite/22.1std/nios2eds/bin/gnu/h-x86_64-mingw32/bin/../lib/gcc/nios2-elf/12.1.1/../../../../../H-x86_64-mingw32/nios2-elf/lib\libsmallc.a(lib_a-vfprintf.o)
 .debug_aranges
                0x00000000000000e8       0x20 c:/intelfpga_lite/22.1std/nios2eds/bin/gnu/h-x86_64-mingw32/bin/../lib/gcc/nios2-elf/12.1.1/../../../../../H-x86_64-mingw32/nios2-elf/lib\libsmallc.a(lib_a-fvwrite_small_dev.o)
 .debug_aranges
                0x0000000000000108       0x18 c:/intelfpga_lite/22.1std/nios2eds/bin/gnu/h-x86_64-mingw32/bin/../lib/gcc/nios2-elf/12.1.1/../../../../../H-x86_64-mingw32/nios2-elf/lib\libsmallc.a(lib_a-impure.o)
 .debug_aranges
                0x0000000000000120       0x20 c:/intelfpga_lite/22.1std/nios2eds/bin/gnu/h-x86_64-mingw32/bin/../lib/gcc/nios2-elf/12.1.1/../../../../../H-x86_64-mingw32/nios2-elf/lib\libsmallc.a(lib_a-writer.o)
 .debug_aranges
                0x0000000000000140       0x18 c:/intelfpga_lite/22.1std/nios2eds/bin/gnu/h-x86_64-mingw32/bin/../lib/gcc/nios2-elf/12.1.1/../../../../../H-x86_64-mingw32/nios2-elf/lib\libsmallc.a(lib_a-int_errno.o)
 .debug_aranges
                0x0000000000000158       0x20 c:/intelfpga_lite/22.1std/nios2eds/bin/gnu/h-x86_64-mingw32/bin/../lib/gcc/nios2-elf/12.1.1\libgcc.a(lib2-divmod.o)
 .debug_aranges
                0x0000000000000178       0x20 c:/Users/ailen/Desktop/licenta/Nios_Custom_Instruction/software/NiosCustomInstruction_bsp/\libhal_bsp.a(alt_load.o)
 .debug_aranges
                0x0000000000000198       0x20 c:/Users/ailen/Desktop/licenta/Nios_Custom_Instruction/software/NiosCustomInstruction_bsp/\libhal_bsp.a(alt_main.o)
 .debug_aranges
                0x00000000000001b8       0x20 c:/Users/ailen/Desktop/licenta/Nios_Custom_Instruction/software/NiosCustomInstruction_bsp/\libhal_bsp.a(alt_write.o)
 .debug_aranges
                0x00000000000001d8       0x20 c:/Users/ailen/Desktop/licenta/Nios_Custom_Instruction/software/NiosCustomInstruction_bsp/\libhal_bsp.a(alt_sys_init.o)
 .debug_aranges
                0x00000000000001f8       0x20 c:/Users/ailen/Desktop/licenta/Nios_Custom_Instruction/software/NiosCustomInstruction_bsp/\libhal_bsp.a(altera_avalon_jtag_uart_write.o)
 .debug_aranges
                0x0000000000000218       0x20 c:/Users/ailen/Desktop/licenta/Nios_Custom_Instruction/software/NiosCustomInstruction_bsp/\libhal_bsp.a(alt_dcache_flush_all.o)
 .debug_aranges
                0x0000000000000238       0x18 c:/Users/ailen/Desktop/licenta/Nios_Custom_Instruction/software/NiosCustomInstruction_bsp/\libhal_bsp.a(alt_errno.o)
 .debug_aranges
                0x0000000000000250       0x20 c:/Users/ailen/Desktop/licenta/Nios_Custom_Instruction/software/NiosCustomInstruction_bsp/\libhal_bsp.a(alt_icache_flush_all.o)
 .debug_aranges
                0x0000000000000270       0x20 c:/Users/ailen/Desktop/licenta/Nios_Custom_Instruction/software/NiosCustomInstruction_bsp/\libhal_bsp.a(altera_nios2_gen2_irq.o)
 .debug_aranges
                0x0000000000000290       0x20 c:/Users/ailen/Desktop/licenta/Nios_Custom_Instruction/software/NiosCustomInstruction_bsp/\libhal_bsp.a(alt_icache_flush.o)
 .debug_aranges
                0x00000000000002b0       0x20 c:/intelfpga_lite/22.1std/nios2eds/bin/gnu/h-x86_64-mingw32/bin/../lib/gcc/nios2-elf/12.1.1/../../../../../H-x86_64-mingw32/nios2-elf/lib\libsmallc.a(lib_a-memcpy.o)

.debug_pubnames
 *(.debug_pubnames)

.debug_info     0x0000000000000000     0x4128
 *(.debug_info .gnu.linkonce.wi.*)
 .debug_info    0x0000000000000000       0x22 c:/Users/ailen/Desktop/licenta/Nios_Custom_Instruction/software/NiosCustomInstruction_bsp//obj/HAL/src/crt0.o
 .debug_info    0x0000000000000022      0x129 obj/default/hello_world_small.o
 .debug_info    0x000000000000014b      0x733 c:/intelfpga_lite/22.1std/nios2eds/bin/gnu/h-x86_64-mingw32/bin/../lib/gcc/nios2-elf/12.1.1/../../../../../H-x86_64-mingw32/nios2-elf/lib\libsmallc.a(lib_a-printf.o)
 .debug_info    0x000000000000087e      0x6b9 c:/intelfpga_lite/22.1std/nios2eds/bin/gnu/h-x86_64-mingw32/bin/../lib/gcc/nios2-elf/12.1.1/../../../../../H-x86_64-mingw32/nios2-elf/lib\libsmallc.a(lib_a-puts.o)
 .debug_info    0x0000000000000f37       0xd1 c:/intelfpga_lite/22.1std/nios2eds/bin/gnu/h-x86_64-mingw32/bin/../lib/gcc/nios2-elf/12.1.1/../../../../../H-x86_64-mingw32/nios2-elf/lib\libsmallc.a(lib_a-strlen.o)
 .debug_info    0x0000000000001008      0xe43 c:/intelfpga_lite/22.1std/nios2eds/bin/gnu/h-x86_64-mingw32/bin/../lib/gcc/nios2-elf/12.1.1/../../../../../H-x86_64-mingw32/nios2-elf/lib\libsmallc.a(lib_a-vfprintf.o)
 .debug_info    0x0000000000001e4b      0x691 c:/intelfpga_lite/22.1std/nios2eds/bin/gnu/h-x86_64-mingw32/bin/../lib/gcc/nios2-elf/12.1.1/../../../../../H-x86_64-mingw32/nios2-elf/lib\libsmallc.a(lib_a-fvwrite_small_dev.o)
 .debug_info    0x00000000000024dc      0x5cf c:/intelfpga_lite/22.1std/nios2eds/bin/gnu/h-x86_64-mingw32/bin/../lib/gcc/nios2-elf/12.1.1/../../../../../H-x86_64-mingw32/nios2-elf/lib\libsmallc.a(lib_a-impure.o)
 .debug_info    0x0000000000002aab      0x671 c:/intelfpga_lite/22.1std/nios2eds/bin/gnu/h-x86_64-mingw32/bin/../lib/gcc/nios2-elf/12.1.1/../../../../../H-x86_64-mingw32/nios2-elf/lib\libsmallc.a(lib_a-writer.o)
 .debug_info    0x000000000000311c       0x85 c:/intelfpga_lite/22.1std/nios2eds/bin/gnu/h-x86_64-mingw32/bin/../lib/gcc/nios2-elf/12.1.1/../../../../../H-x86_64-mingw32/nios2-elf/lib\libsmallc.a(lib_a-int_errno.o)
 .debug_info    0x00000000000031a1      0x347 c:/intelfpga_lite/22.1std/nios2eds/bin/gnu/h-x86_64-mingw32/bin/../lib/gcc/nios2-elf/12.1.1\libgcc.a(lib2-divmod.o)
 .debug_info    0x00000000000034e8      0x239 c:/Users/ailen/Desktop/licenta/Nios_Custom_Instruction/software/NiosCustomInstruction_bsp/\libhal_bsp.a(alt_load.o)
 .debug_info    0x0000000000003721      0x13e c:/Users/ailen/Desktop/licenta/Nios_Custom_Instruction/software/NiosCustomInstruction_bsp/\libhal_bsp.a(alt_main.o)
 .debug_info    0x000000000000385f      0x1a8 c:/Users/ailen/Desktop/licenta/Nios_Custom_Instruction/software/NiosCustomInstruction_bsp/\libhal_bsp.a(alt_write.o)
 .debug_info    0x0000000000003a07      0x127 c:/Users/ailen/Desktop/licenta/Nios_Custom_Instruction/software/NiosCustomInstruction_bsp/\libhal_bsp.a(alt_sys_init.o)
 .debug_info    0x0000000000003b2e      0x149 c:/Users/ailen/Desktop/licenta/Nios_Custom_Instruction/software/NiosCustomInstruction_bsp/\libhal_bsp.a(altera_avalon_jtag_uart_write.o)
 .debug_info    0x0000000000003c77       0xa6 c:/Users/ailen/Desktop/licenta/Nios_Custom_Instruction/software/NiosCustomInstruction_bsp/\libhal_bsp.a(alt_dcache_flush_all.o)
 .debug_info    0x0000000000003d1d       0xa8 c:/Users/ailen/Desktop/licenta/Nios_Custom_Instruction/software/NiosCustomInstruction_bsp/\libhal_bsp.a(alt_errno.o)
 .debug_info    0x0000000000003dc5       0xc9 c:/Users/ailen/Desktop/licenta/Nios_Custom_Instruction/software/NiosCustomInstruction_bsp/\libhal_bsp.a(alt_icache_flush_all.o)
 .debug_info    0x0000000000003e8e       0x8d c:/Users/ailen/Desktop/licenta/Nios_Custom_Instruction/software/NiosCustomInstruction_bsp/\libhal_bsp.a(altera_nios2_gen2_irq.o)
 .debug_info    0x0000000000003f1b       0xec c:/Users/ailen/Desktop/licenta/Nios_Custom_Instruction/software/NiosCustomInstruction_bsp/\libhal_bsp.a(alt_icache_flush.o)
 .debug_info    0x0000000000004007      0x121 c:/intelfpga_lite/22.1std/nios2eds/bin/gnu/h-x86_64-mingw32/bin/../lib/gcc/nios2-elf/12.1.1/../../../../../H-x86_64-mingw32/nios2-elf/lib\libsmallc.a(lib_a-memcpy.o)

.debug_abbrev   0x0000000000000000     0x1741
 *(.debug_abbrev)
 .debug_abbrev  0x0000000000000000       0x12 c:/Users/ailen/Desktop/licenta/Nios_Custom_Instruction/software/NiosCustomInstruction_bsp//obj/HAL/src/crt0.o
 .debug_abbrev  0x0000000000000012       0xde obj/default/hello_world_small.o
 .debug_abbrev  0x00000000000000f0      0x21e c:/intelfpga_lite/22.1std/nios2eds/bin/gnu/h-x86_64-mingw32/bin/../lib/gcc/nios2-elf/12.1.1/../../../../../H-x86_64-mingw32/nios2-elf/lib\libsmallc.a(lib_a-printf.o)
 .debug_abbrev  0x000000000000030e      0x20d c:/intelfpga_lite/22.1std/nios2eds/bin/gnu/h-x86_64-mingw32/bin/../lib/gcc/nios2-elf/12.1.1/../../../../../H-x86_64-mingw32/nios2-elf/lib\libsmallc.a(lib_a-puts.o)
 .debug_abbrev  0x000000000000051b       0x8c c:/intelfpga_lite/22.1std/nios2eds/bin/gnu/h-x86_64-mingw32/bin/../lib/gcc/nios2-elf/12.1.1/../../../../../H-x86_64-mingw32/nios2-elf/lib\libsmallc.a(lib_a-strlen.o)
 .debug_abbrev  0x00000000000005a7      0x2e6 c:/intelfpga_lite/22.1std/nios2eds/bin/gnu/h-x86_64-mingw32/bin/../lib/gcc/nios2-elf/12.1.1/../../../../../H-x86_64-mingw32/nios2-elf/lib\libsmallc.a(lib_a-vfprintf.o)
 .debug_abbrev  0x000000000000088d      0x1fb c:/intelfpga_lite/22.1std/nios2eds/bin/gnu/h-x86_64-mingw32/bin/../lib/gcc/nios2-elf/12.1.1/../../../../../H-x86_64-mingw32/nios2-elf/lib\libsmallc.a(lib_a-fvwrite_small_dev.o)
 .debug_abbrev  0x0000000000000a88      0x185 c:/intelfpga_lite/22.1std/nios2eds/bin/gnu/h-x86_64-mingw32/bin/../lib/gcc/nios2-elf/12.1.1/../../../../../H-x86_64-mingw32/nios2-elf/lib\libsmallc.a(lib_a-impure.o)
 .debug_abbrev  0x0000000000000c0d      0x1e0 c:/intelfpga_lite/22.1std/nios2eds/bin/gnu/h-x86_64-mingw32/bin/../lib/gcc/nios2-elf/12.1.1/../../../../../H-x86_64-mingw32/nios2-elf/lib\libsmallc.a(lib_a-writer.o)
 .debug_abbrev  0x0000000000000ded       0x39 c:/intelfpga_lite/22.1std/nios2eds/bin/gnu/h-x86_64-mingw32/bin/../lib/gcc/nios2-elf/12.1.1/../../../../../H-x86_64-mingw32/nios2-elf/lib\libsmallc.a(lib_a-int_errno.o)
 .debug_abbrev  0x0000000000000e26      0x10c c:/intelfpga_lite/22.1std/nios2eds/bin/gnu/h-x86_64-mingw32/bin/../lib/gcc/nios2-elf/12.1.1\libgcc.a(lib2-divmod.o)
 .debug_abbrev  0x0000000000000f32      0x12c c:/Users/ailen/Desktop/licenta/Nios_Custom_Instruction/software/NiosCustomInstruction_bsp/\libhal_bsp.a(alt_load.o)
 .debug_abbrev  0x000000000000105e       0xeb c:/Users/ailen/Desktop/licenta/Nios_Custom_Instruction/software/NiosCustomInstruction_bsp/\libhal_bsp.a(alt_main.o)
 .debug_abbrev  0x0000000000001149      0x117 c:/Users/ailen/Desktop/licenta/Nios_Custom_Instruction/software/NiosCustomInstruction_bsp/\libhal_bsp.a(alt_write.o)
 .debug_abbrev  0x0000000000001260      0x107 c:/Users/ailen/Desktop/licenta/Nios_Custom_Instruction/software/NiosCustomInstruction_bsp/\libhal_bsp.a(alt_sys_init.o)
 .debug_abbrev  0x0000000000001367       0xdc c:/Users/ailen/Desktop/licenta/Nios_Custom_Instruction/software/NiosCustomInstruction_bsp/\libhal_bsp.a(altera_avalon_jtag_uart_write.o)
 .debug_abbrev  0x0000000000001443       0x60 c:/Users/ailen/Desktop/licenta/Nios_Custom_Instruction/software/NiosCustomInstruction_bsp/\libhal_bsp.a(alt_dcache_flush_all.o)
 .debug_abbrev  0x00000000000014a3       0x70 c:/Users/ailen/Desktop/licenta/Nios_Custom_Instruction/software/NiosCustomInstruction_bsp/\libhal_bsp.a(alt_errno.o)
 .debug_abbrev  0x0000000000001513       0x8a c:/Users/ailen/Desktop/licenta/Nios_Custom_Instruction/software/NiosCustomInstruction_bsp/\libhal_bsp.a(alt_icache_flush_all.o)
 .debug_abbrev  0x000000000000159d       0x43 c:/Users/ailen/Desktop/licenta/Nios_Custom_Instruction/software/NiosCustomInstruction_bsp/\libhal_bsp.a(altera_nios2_gen2_irq.o)
 .debug_abbrev  0x00000000000015e0       0xa0 c:/Users/ailen/Desktop/licenta/Nios_Custom_Instruction/software/NiosCustomInstruction_bsp/\libhal_bsp.a(alt_icache_flush.o)
 .debug_abbrev  0x0000000000001680       0xc1 c:/intelfpga_lite/22.1std/nios2eds/bin/gnu/h-x86_64-mingw32/bin/../lib/gcc/nios2-elf/12.1.1/../../../../../H-x86_64-mingw32/nios2-elf/lib\libsmallc.a(lib_a-memcpy.o)

.debug_line     0x0000000000000000     0x1390
 *(.debug_line)
 .debug_line    0x0000000000000000       0x72 c:/Users/ailen/Desktop/licenta/Nios_Custom_Instruction/software/NiosCustomInstruction_bsp//obj/HAL/src/crt0.o
 .debug_line    0x0000000000000072       0x89 obj/default/hello_world_small.o
 .debug_line    0x00000000000000fb       0xd4 c:/intelfpga_lite/22.1std/nios2eds/bin/gnu/h-x86_64-mingw32/bin/../lib/gcc/nios2-elf/12.1.1/../../../../../H-x86_64-mingw32/nios2-elf/lib\libsmallc.a(lib_a-printf.o)
 .debug_line    0x00000000000001cf       0xc2 c:/intelfpga_lite/22.1std/nios2eds/bin/gnu/h-x86_64-mingw32/bin/../lib/gcc/nios2-elf/12.1.1/../../../../../H-x86_64-mingw32/nios2-elf/lib\libsmallc.a(lib_a-puts.o)
 .debug_line    0x0000000000000291       0x7c c:/intelfpga_lite/22.1std/nios2eds/bin/gnu/h-x86_64-mingw32/bin/../lib/gcc/nios2-elf/12.1.1/../../../../../H-x86_64-mingw32/nios2-elf/lib\libsmallc.a(lib_a-strlen.o)
 .debug_line    0x000000000000030d      0x589 c:/intelfpga_lite/22.1std/nios2eds/bin/gnu/h-x86_64-mingw32/bin/../lib/gcc/nios2-elf/12.1.1/../../../../../H-x86_64-mingw32/nios2-elf/lib\libsmallc.a(lib_a-vfprintf.o)
 .debug_line    0x0000000000000896       0xd7 c:/intelfpga_lite/22.1std/nios2eds/bin/gnu/h-x86_64-mingw32/bin/../lib/gcc/nios2-elf/12.1.1/../../../../../H-x86_64-mingw32/nios2-elf/lib\libsmallc.a(lib_a-fvwrite_small_dev.o)
 .debug_line    0x000000000000096d       0x51 c:/intelfpga_lite/22.1std/nios2eds/bin/gnu/h-x86_64-mingw32/bin/../lib/gcc/nios2-elf/12.1.1/../../../../../H-x86_64-mingw32/nios2-elf/lib\libsmallc.a(lib_a-impure.o)
 .debug_line    0x00000000000009be       0xae c:/intelfpga_lite/22.1std/nios2eds/bin/gnu/h-x86_64-mingw32/bin/../lib/gcc/nios2-elf/12.1.1/../../../../../H-x86_64-mingw32/nios2-elf/lib\libsmallc.a(lib_a-writer.o)
 .debug_line    0x0000000000000a6c       0x3a c:/intelfpga_lite/22.1std/nios2eds/bin/gnu/h-x86_64-mingw32/bin/../lib/gcc/nios2-elf/12.1.1/../../../../../H-x86_64-mingw32/nios2-elf/lib\libsmallc.a(lib_a-int_errno.o)
 .debug_line    0x0000000000000aa6      0x2e3 c:/intelfpga_lite/22.1std/nios2eds/bin/gnu/h-x86_64-mingw32/bin/../lib/gcc/nios2-elf/12.1.1\libgcc.a(lib2-divmod.o)
 .debug_line    0x0000000000000d89       0xd2 c:/Users/ailen/Desktop/licenta/Nios_Custom_Instruction/software/NiosCustomInstruction_bsp/\libhal_bsp.a(alt_load.o)
 .debug_line    0x0000000000000e5b       0xa2 c:/Users/ailen/Desktop/licenta/Nios_Custom_Instruction/software/NiosCustomInstruction_bsp/\libhal_bsp.a(alt_main.o)
 .debug_line    0x0000000000000efd       0xc5 c:/Users/ailen/Desktop/licenta/Nios_Custom_Instruction/software/NiosCustomInstruction_bsp/\libhal_bsp.a(alt_write.o)
 .debug_line    0x0000000000000fc2       0x8e c:/Users/ailen/Desktop/licenta/Nios_Custom_Instruction/software/NiosCustomInstruction_bsp/\libhal_bsp.a(alt_sys_init.o)
 .debug_line    0x0000000000001050       0x93 c:/Users/ailen/Desktop/licenta/Nios_Custom_Instruction/software/NiosCustomInstruction_bsp/\libhal_bsp.a(altera_avalon_jtag_uart_write.o)
 .debug_line    0x00000000000010e3       0x70 c:/Users/ailen/Desktop/licenta/Nios_Custom_Instruction/software/NiosCustomInstruction_bsp/\libhal_bsp.a(alt_dcache_flush_all.o)
 .debug_line    0x0000000000001153       0x4c c:/Users/ailen/Desktop/licenta/Nios_Custom_Instruction/software/NiosCustomInstruction_bsp/\libhal_bsp.a(alt_errno.o)
 .debug_line    0x000000000000119f       0x67 c:/Users/ailen/Desktop/licenta/Nios_Custom_Instruction/software/NiosCustomInstruction_bsp/\libhal_bsp.a(alt_icache_flush_all.o)
 .debug_line    0x0000000000001206       0x54 c:/Users/ailen/Desktop/licenta/Nios_Custom_Instruction/software/NiosCustomInstruction_bsp/\libhal_bsp.a(altera_nios2_gen2_irq.o)
 .debug_line    0x000000000000125a       0xaa c:/Users/ailen/Desktop/licenta/Nios_Custom_Instruction/software/NiosCustomInstruction_bsp/\libhal_bsp.a(alt_icache_flush.o)
 .debug_line    0x0000000000001304       0x8c c:/intelfpga_lite/22.1std/nios2eds/bin/gnu/h-x86_64-mingw32/bin/../lib/gcc/nios2-elf/12.1.1/../../../../../H-x86_64-mingw32/nios2-elf/lib\libsmallc.a(lib_a-memcpy.o)

.debug_frame    0x0000000000000000      0x3a4
 *(.debug_frame)
 .debug_frame   0x0000000000000000       0x28 obj/default/hello_world_small.o
 .debug_frame   0x0000000000000028       0x48 c:/intelfpga_lite/22.1std/nios2eds/bin/gnu/h-x86_64-mingw32/bin/../lib/gcc/nios2-elf/12.1.1/../../../../../H-x86_64-mingw32/nios2-elf/lib\libsmallc.a(lib_a-printf.o)
 .debug_frame   0x0000000000000070       0x48 c:/intelfpga_lite/22.1std/nios2eds/bin/gnu/h-x86_64-mingw32/bin/../lib/gcc/nios2-elf/12.1.1/../../../../../H-x86_64-mingw32/nios2-elf/lib\libsmallc.a(lib_a-puts.o)
 .debug_frame   0x00000000000000b8       0x20 c:/intelfpga_lite/22.1std/nios2eds/bin/gnu/h-x86_64-mingw32/bin/../lib/gcc/nios2-elf/12.1.1/../../../../../H-x86_64-mingw32/nios2-elf/lib\libsmallc.a(lib_a-strlen.o)
 .debug_frame   0x00000000000000d8       0x90 c:/intelfpga_lite/22.1std/nios2eds/bin/gnu/h-x86_64-mingw32/bin/../lib/gcc/nios2-elf/12.1.1/../../../../../H-x86_64-mingw32/nios2-elf/lib\libsmallc.a(lib_a-vfprintf.o)
 .debug_frame   0x0000000000000168       0x3c c:/intelfpga_lite/22.1std/nios2eds/bin/gnu/h-x86_64-mingw32/bin/../lib/gcc/nios2-elf/12.1.1/../../../../../H-x86_64-mingw32/nios2-elf/lib\libsmallc.a(lib_a-fvwrite_small_dev.o)
 .debug_frame   0x00000000000001a4       0x30 c:/intelfpga_lite/22.1std/nios2eds/bin/gnu/h-x86_64-mingw32/bin/../lib/gcc/nios2-elf/12.1.1/../../../../../H-x86_64-mingw32/nios2-elf/lib\libsmallc.a(lib_a-writer.o)
 .debug_frame   0x00000000000001d4       0x50 c:/intelfpga_lite/22.1std/nios2eds/bin/gnu/h-x86_64-mingw32/bin/../lib/gcc/nios2-elf/12.1.1\libgcc.a(lib2-divmod.o)
 .debug_frame   0x0000000000000224       0x2c c:/Users/ailen/Desktop/licenta/Nios_Custom_Instruction/software/NiosCustomInstruction_bsp/\libhal_bsp.a(alt_load.o)
 .debug_frame   0x0000000000000250       0x2c c:/Users/ailen/Desktop/licenta/Nios_Custom_Instruction/software/NiosCustomInstruction_bsp/\libhal_bsp.a(alt_main.o)
 .debug_frame   0x000000000000027c       0x2c c:/Users/ailen/Desktop/licenta/Nios_Custom_Instruction/software/NiosCustomInstruction_bsp/\libhal_bsp.a(alt_write.o)
 .debug_frame   0x00000000000002a8       0x3c c:/Users/ailen/Desktop/licenta/Nios_Custom_Instruction/software/NiosCustomInstruction_bsp/\libhal_bsp.a(alt_sys_init.o)
 .debug_frame   0x00000000000002e4       0x20 c:/Users/ailen/Desktop/licenta/Nios_Custom_Instruction/software/NiosCustomInstruction_bsp/\libhal_bsp.a(altera_avalon_jtag_uart_write.o)
 .debug_frame   0x0000000000000304       0x20 c:/Users/ailen/Desktop/licenta/Nios_Custom_Instruction/software/NiosCustomInstruction_bsp/\libhal_bsp.a(alt_dcache_flush_all.o)
 .debug_frame   0x0000000000000324       0x20 c:/Users/ailen/Desktop/licenta/Nios_Custom_Instruction/software/NiosCustomInstruction_bsp/\libhal_bsp.a(alt_icache_flush_all.o)
 .debug_frame   0x0000000000000344       0x20 c:/Users/ailen/Desktop/licenta/Nios_Custom_Instruction/software/NiosCustomInstruction_bsp/\libhal_bsp.a(altera_nios2_gen2_irq.o)
 .debug_frame   0x0000000000000364       0x20 c:/Users/ailen/Desktop/licenta/Nios_Custom_Instruction/software/NiosCustomInstruction_bsp/\libhal_bsp.a(alt_icache_flush.o)
 .debug_frame   0x0000000000000384       0x20 c:/intelfpga_lite/22.1std/nios2eds/bin/gnu/h-x86_64-mingw32/bin/../lib/gcc/nios2-elf/12.1.1/../../../../../H-x86_64-mingw32/nios2-elf/lib\libsmallc.a(lib_a-memcpy.o)

.debug_str      0x0000000000000000      0xaaa
 *(.debug_str)
 .debug_str     0x0000000000000000       0x78 c:/Users/ailen/Desktop/licenta/Nios_Custom_Instruction/software/NiosCustomInstruction_bsp//obj/HAL/src/crt0.o
 .debug_str     0x0000000000000078       0xc2 obj/default/hello_world_small.o
                                        0x10c (size before relaxing)
 .debug_str     0x000000000000013a      0x374 c:/intelfpga_lite/22.1std/nios2eds/bin/gnu/h-x86_64-mingw32/bin/../lib/gcc/nios2-elf/12.1.1/../../../../../H-x86_64-mingw32/nios2-elf/lib\libsmallc.a(lib_a-printf.o)
                                        0x449 (size before relaxing)
 .debug_str     0x00000000000004ae        0xf c:/intelfpga_lite/22.1std/nios2eds/bin/gnu/h-x86_64-mingw32/bin/../lib/gcc/nios2-elf/12.1.1/../../../../../H-x86_64-mingw32/nios2-elf/lib\libsmallc.a(lib_a-puts.o)
                                        0x3fa (size before relaxing)
 .debug_str     0x00000000000004bd        0xf c:/intelfpga_lite/22.1std/nios2eds/bin/gnu/h-x86_64-mingw32/bin/../lib/gcc/nios2-elf/12.1.1/../../../../../H-x86_64-mingw32/nios2-elf/lib\libsmallc.a(lib_a-strlen.o)
                                         0xfb (size before relaxing)
 .debug_str     0x00000000000004bd      0x298 c:/intelfpga_lite/22.1std/nios2eds/bin/gnu/h-x86_64-mingw32/bin/../lib/gcc/nios2-elf/12.1.1/../../../../../H-x86_64-mingw32/nios2-elf/lib\libsmallc.a(lib_a-vfprintf.o)
                                        0x787 (size before relaxing)
 .debug_str     0x0000000000000755       0x25 c:/intelfpga_lite/22.1std/nios2eds/bin/gnu/h-x86_64-mingw32/bin/../lib/gcc/nios2-elf/12.1.1/../../../../../H-x86_64-mingw32/nios2-elf/lib\libsmallc.a(lib_a-fvwrite_small_dev.o)
                                        0x404 (size before relaxing)
 .debug_str     0x000000000000077a       0x1f c:/intelfpga_lite/22.1std/nios2eds/bin/gnu/h-x86_64-mingw32/bin/../lib/gcc/nios2-elf/12.1.1/../../../../../H-x86_64-mingw32/nios2-elf/lib\libsmallc.a(lib_a-impure.o)
                                        0x3e9 (size before relaxing)
 .debug_str     0x0000000000000799       0x1f c:/intelfpga_lite/22.1std/nios2eds/bin/gnu/h-x86_64-mingw32/bin/../lib/gcc/nios2-elf/12.1.1/../../../../../H-x86_64-mingw32/nios2-elf/lib\libsmallc.a(lib_a-writer.o)
                                        0x3e3 (size before relaxing)
 .debug_str     0x0000000000000799       0xed c:/intelfpga_lite/22.1std/nios2eds/bin/gnu/h-x86_64-mingw32/bin/../lib/gcc/nios2-elf/12.1.1/../../../../../H-x86_64-mingw32/nios2-elf/lib\libsmallc.a(lib_a-int_errno.o)
 .debug_str     0x0000000000000799       0xc1 c:/intelfpga_lite/22.1std/nios2eds/bin/gnu/h-x86_64-mingw32/bin/../lib/gcc/nios2-elf/12.1.1\libgcc.a(lib2-divmod.o)
                                        0x116 (size before relaxing)
 .debug_str     0x000000000000085a      0x119 c:/Users/ailen/Desktop/licenta/Nios_Custom_Instruction/software/NiosCustomInstruction_bsp/\libhal_bsp.a(alt_load.o)
                                        0x205 (size before relaxing)
 .debug_str     0x0000000000000973       0x4b c:/Users/ailen/Desktop/licenta/Nios_Custom_Instruction/software/NiosCustomInstruction_bsp/\libhal_bsp.a(alt_main.o)
                                        0x135 (size before relaxing)
 .debug_str     0x00000000000009be       0x5c c:/Users/ailen/Desktop/licenta/Nios_Custom_Instruction/software/NiosCustomInstruction_bsp/\libhal_bsp.a(alt_write.o)
                                        0x159 (size before relaxing)
 .debug_str     0x0000000000000a1a       0x5c c:/Users/ailen/Desktop/licenta/Nios_Custom_Instruction/software/NiosCustomInstruction_bsp/\libhal_bsp.a(alt_sys_init.o)
                                        0x181 (size before relaxing)
 .debug_str     0x0000000000000a76        0x7 c:/Users/ailen/Desktop/licenta/Nios_Custom_Instruction/software/NiosCustomInstruction_bsp/\libhal_bsp.a(altera_avalon_jtag_uart_write.o)
                                        0x159 (size before relaxing)
 .debug_str     0x0000000000000a7d       0xfa c:/Users/ailen/Desktop/licenta/Nios_Custom_Instruction/software/NiosCustomInstruction_bsp/\libhal_bsp.a(alt_dcache_flush_all.o)
 .debug_str     0x0000000000000a7d        0x8 c:/Users/ailen/Desktop/licenta/Nios_Custom_Instruction/software/NiosCustomInstruction_bsp/\libhal_bsp.a(alt_errno.o)
                                         0xf7 (size before relaxing)
 .debug_str     0x0000000000000a85       0x11 c:/Users/ailen/Desktop/licenta/Nios_Custom_Instruction/software/NiosCustomInstruction_bsp/\libhal_bsp.a(alt_icache_flush_all.o)
                                        0x113 (size before relaxing)
 .debug_str     0x0000000000000a96      0x100 c:/Users/ailen/Desktop/licenta/Nios_Custom_Instruction/software/NiosCustomInstruction_bsp/\libhal_bsp.a(altera_nios2_gen2_irq.o)
 .debug_str     0x0000000000000a96      0x104 c:/Users/ailen/Desktop/licenta/Nios_Custom_Instruction/software/NiosCustomInstruction_bsp/\libhal_bsp.a(alt_icache_flush.o)
 .debug_str     0x0000000000000a96       0x14 c:/intelfpga_lite/22.1std/nios2eds/bin/gnu/h-x86_64-mingw32/bin/../lib/gcc/nios2-elf/12.1.1/../../../../../H-x86_64-mingw32/nios2-elf/lib\libsmallc.a(lib_a-memcpy.o)
                                        0x109 (size before relaxing)

.debug_loc
 *(.debug_loc)

.debug_macinfo
 *(.debug_macinfo)

.debug_weaknames
 *(.debug_weaknames)

.debug_funcnames
 *(.debug_funcnames)

.debug_typenames
 *(.debug_typenames)

.debug_varnames
 *(.debug_varnames)

.debug_alt_sim_info
                0x0000000000000000       0x30
 *(.debug_alt_sim_info)
 .debug_alt_sim_info
                0x0000000000000000       0x30 c:/Users/ailen/Desktop/licenta/Nios_Custom_Instruction/software/NiosCustomInstruction_bsp//obj/HAL/src/crt0.o
                0x000000000001a000                __alt_data_end = 0x1a000
                0x000000000001a000                PROVIDE (__alt_stack_pointer = __alt_data_end)
                [!provide]                        PROVIDE (__alt_stack_limit = __alt_stack_base)
                [!provide]                        PROVIDE (__alt_heap_start = end)
                [!provide]                        PROVIDE (__alt_heap_limit = 0x1a000)
OUTPUT(NiosCustomInstruction.elf elf32-littlenios2)
LOAD linker stubs

.debug_ranges   0x0000000000000000       0x20
 .debug_ranges  0x0000000000000000       0x20 c:/Users/ailen/Desktop/licenta/Nios_Custom_Instruction/software/NiosCustomInstruction_bsp//obj/HAL/src/crt0.o

.debug_loclists
                0x0000000000000000     0x10b3
 .debug_loclists
                0x0000000000000000       0x18 obj/default/hello_world_small.o
 .debug_loclists
                0x0000000000000018       0xaa c:/intelfpga_lite/22.1std/nios2eds/bin/gnu/h-x86_64-mingw32/bin/../lib/gcc/nios2-elf/12.1.1/../../../../../H-x86_64-mingw32/nios2-elf/lib\libsmallc.a(lib_a-printf.o)
 .debug_loclists
                0x00000000000000c2       0x73 c:/intelfpga_lite/22.1std/nios2eds/bin/gnu/h-x86_64-mingw32/bin/../lib/gcc/nios2-elf/12.1.1/../../../../../H-x86_64-mingw32/nios2-elf/lib\libsmallc.a(lib_a-puts.o)
 .debug_loclists
                0x0000000000000135       0x32 c:/intelfpga_lite/22.1std/nios2eds/bin/gnu/h-x86_64-mingw32/bin/../lib/gcc/nios2-elf/12.1.1/../../../../../H-x86_64-mingw32/nios2-elf/lib\libsmallc.a(lib_a-strlen.o)
 .debug_loclists
                0x0000000000000167      0x7fc c:/intelfpga_lite/22.1std/nios2eds/bin/gnu/h-x86_64-mingw32/bin/../lib/gcc/nios2-elf/12.1.1/../../../../../H-x86_64-mingw32/nios2-elf/lib\libsmallc.a(lib_a-vfprintf.o)
 .debug_loclists
                0x0000000000000963       0xc5 c:/intelfpga_lite/22.1std/nios2eds/bin/gnu/h-x86_64-mingw32/bin/../lib/gcc/nios2-elf/12.1.1/../../../../../H-x86_64-mingw32/nios2-elf/lib\libsmallc.a(lib_a-fvwrite_small_dev.o)
 .debug_loclists
                0x0000000000000a28       0x88 c:/intelfpga_lite/22.1std/nios2eds/bin/gnu/h-x86_64-mingw32/bin/../lib/gcc/nios2-elf/12.1.1/../../../../../H-x86_64-mingw32/nios2-elf/lib\libsmallc.a(lib_a-writer.o)
 .debug_loclists
                0x0000000000000ab0      0x37a c:/intelfpga_lite/22.1std/nios2eds/bin/gnu/h-x86_64-mingw32/bin/../lib/gcc/nios2-elf/12.1.1\libgcc.a(lib2-divmod.o)
 .debug_loclists
                0x0000000000000e2a       0x7b c:/Users/ailen/Desktop/licenta/Nios_Custom_Instruction/software/NiosCustomInstruction_bsp/\libhal_bsp.a(alt_write.o)
 .debug_loclists
                0x0000000000000ea5       0x1e c:/Users/ailen/Desktop/licenta/Nios_Custom_Instruction/software/NiosCustomInstruction_bsp/\libhal_bsp.a(alt_sys_init.o)
 .debug_loclists
                0x0000000000000ec3       0x5e c:/Users/ailen/Desktop/licenta/Nios_Custom_Instruction/software/NiosCustomInstruction_bsp/\libhal_bsp.a(altera_avalon_jtag_uart_write.o)
 .debug_loclists
                0x0000000000000f21       0x1c c:/Users/ailen/Desktop/licenta/Nios_Custom_Instruction/software/NiosCustomInstruction_bsp/\libhal_bsp.a(alt_dcache_flush_all.o)
 .debug_loclists
                0x0000000000000f3d       0xaa c:/Users/ailen/Desktop/licenta/Nios_Custom_Instruction/software/NiosCustomInstruction_bsp/\libhal_bsp.a(alt_icache_flush.o)
 .debug_loclists
                0x0000000000000fe7       0xcc c:/intelfpga_lite/22.1std/nios2eds/bin/gnu/h-x86_64-mingw32/bin/../lib/gcc/nios2-elf/12.1.1/../../../../../H-x86_64-mingw32/nios2-elf/lib\libsmallc.a(lib_a-memcpy.o)

.debug_rnglists
                0x0000000000000000      0x1a2
 .debug_rnglists
                0x0000000000000000       0x13 obj/default/hello_world_small.o
 .debug_rnglists
                0x0000000000000013       0x19 c:/intelfpga_lite/22.1std/nios2eds/bin/gnu/h-x86_64-mingw32/bin/../lib/gcc/nios2-elf/12.1.1/../../../../../H-x86_64-mingw32/nios2-elf/lib\libsmallc.a(lib_a-printf.o)
 .debug_rnglists
                0x000000000000002c       0x1a c:/intelfpga_lite/22.1std/nios2eds/bin/gnu/h-x86_64-mingw32/bin/../lib/gcc/nios2-elf/12.1.1/../../../../../H-x86_64-mingw32/nios2-elf/lib\libsmallc.a(lib_a-puts.o)
 .debug_rnglists
                0x0000000000000046       0x13 c:/intelfpga_lite/22.1std/nios2eds/bin/gnu/h-x86_64-mingw32/bin/../lib/gcc/nios2-elf/12.1.1/../../../../../H-x86_64-mingw32/nios2-elf/lib\libsmallc.a(lib_a-strlen.o)
 .debug_rnglists
                0x0000000000000059       0x84 c:/intelfpga_lite/22.1std/nios2eds/bin/gnu/h-x86_64-mingw32/bin/../lib/gcc/nios2-elf/12.1.1/../../../../../H-x86_64-mingw32/nios2-elf/lib\libsmallc.a(lib_a-vfprintf.o)
 .debug_rnglists
                0x00000000000000dd       0x14 c:/intelfpga_lite/22.1std/nios2eds/bin/gnu/h-x86_64-mingw32/bin/../lib/gcc/nios2-elf/12.1.1/../../../../../H-x86_64-mingw32/nios2-elf/lib\libsmallc.a(lib_a-fvwrite_small_dev.o)
 .debug_rnglists
                0x00000000000000f1       0x13 c:/intelfpga_lite/22.1std/nios2eds/bin/gnu/h-x86_64-mingw32/bin/../lib/gcc/nios2-elf/12.1.1/../../../../../H-x86_64-mingw32/nios2-elf/lib\libsmallc.a(lib_a-writer.o)
 .debug_rnglists
                0x0000000000000104       0x3f c:/intelfpga_lite/22.1std/nios2eds/bin/gnu/h-x86_64-mingw32/bin/../lib/gcc/nios2-elf/12.1.1\libgcc.a(lib2-divmod.o)
 .debug_rnglists
                0x0000000000000143       0x23 c:/Users/ailen/Desktop/licenta/Nios_Custom_Instruction/software/NiosCustomInstruction_bsp/\libhal_bsp.a(alt_load.o)
 .debug_rnglists
                0x0000000000000166       0x16 c:/Users/ailen/Desktop/licenta/Nios_Custom_Instruction/software/NiosCustomInstruction_bsp/\libhal_bsp.a(alt_write.o)
 .debug_rnglists
                0x000000000000017c       0x13 c:/Users/ailen/Desktop/licenta/Nios_Custom_Instruction/software/NiosCustomInstruction_bsp/\libhal_bsp.a(alt_icache_flush.o)
 .debug_rnglists
                0x000000000000018f       0x13 c:/intelfpga_lite/22.1std/nios2eds/bin/gnu/h-x86_64-mingw32/bin/../lib/gcc/nios2-elf/12.1.1/../../../../../H-x86_64-mingw32/nios2-elf/lib\libsmallc.a(lib_a-memcpy.o)

.debug_line_str
                0x0000000000000000      0xa89
 .debug_line_str
                0x0000000000000000       0xcb obj/default/hello_world_small.o
                                        0x149 (size before relaxing)
 .debug_line_str
                0x00000000000000cb      0x242 c:/intelfpga_lite/22.1std/nios2eds/bin/gnu/h-x86_64-mingw32/bin/../lib/gcc/nios2-elf/12.1.1/../../../../../H-x86_64-mingw32/nios2-elf/lib\libsmallc.a(lib_a-printf.o)
                                        0x319 (size before relaxing)
 .debug_line_str
                0x000000000000030d       0x42 c:/intelfpga_lite/22.1std/nios2eds/bin/gnu/h-x86_64-mingw32/bin/../lib/gcc/nios2-elf/12.1.1/../../../../../H-x86_64-mingw32/nios2-elf/lib\libsmallc.a(lib_a-puts.o)
                                        0x30b (size before relaxing)
 .debug_line_str
                0x000000000000034f       0xf2 c:/intelfpga_lite/22.1std/nios2eds/bin/gnu/h-x86_64-mingw32/bin/../lib/gcc/nios2-elf/12.1.1/../../../../../H-x86_64-mingw32/nios2-elf/lib\libsmallc.a(lib_a-strlen.o)
                                        0x294 (size before relaxing)
 .debug_line_str
                0x0000000000000441       0x97 c:/intelfpga_lite/22.1std/nios2eds/bin/gnu/h-x86_64-mingw32/bin/../lib/gcc/nios2-elf/12.1.1/../../../../../H-x86_64-mingw32/nios2-elf/lib\libsmallc.a(lib_a-vfprintf.o)
                                        0x379 (size before relaxing)
 .debug_line_str
                0x00000000000004d8       0x46 c:/intelfpga_lite/22.1std/nios2eds/bin/gnu/h-x86_64-mingw32/bin/../lib/gcc/nios2-elf/12.1.1/../../../../../H-x86_64-mingw32/nios2-elf/lib\libsmallc.a(lib_a-fvwrite_small_dev.o)
                                        0x31f (size before relaxing)
 .debug_line_str
                0x000000000000051e       0xef c:/intelfpga_lite/22.1std/nios2eds/bin/gnu/h-x86_64-mingw32/bin/../lib/gcc/nios2-elf/12.1.1/../../../../../H-x86_64-mingw32/nios2-elf/lib\libsmallc.a(lib_a-impure.o)
                                        0x29b (size before relaxing)
 .debug_line_str
                0x000000000000060d       0x44 c:/intelfpga_lite/22.1std/nios2eds/bin/gnu/h-x86_64-mingw32/bin/../lib/gcc/nios2-elf/12.1.1/../../../../../H-x86_64-mingw32/nios2-elf/lib\libsmallc.a(lib_a-writer.o)
                                        0x307 (size before relaxing)
 .debug_line_str
                0x0000000000000651       0x3e c:/intelfpga_lite/22.1std/nios2eds/bin/gnu/h-x86_64-mingw32/bin/../lib/gcc/nios2-elf/12.1.1/../../../../../H-x86_64-mingw32/nios2-elf/lib\libsmallc.a(lib_a-int_errno.o)
                                        0x1be (size before relaxing)
 .debug_line_str
                0x000000000000068f       0xe1 c:/intelfpga_lite/22.1std/nios2eds/bin/gnu/h-x86_64-mingw32/bin/../lib/gcc/nios2-elf/12.1.1\libgcc.a(lib2-divmod.o)
                                        0x197 (size before relaxing)
 .debug_line_str
                0x0000000000000770       0xb0 c:/Users/ailen/Desktop/licenta/Nios_Custom_Instruction/software/NiosCustomInstruction_bsp/\libhal_bsp.a(alt_load.o)
                                        0x133 (size before relaxing)
 .debug_line_str
                0x0000000000000820       0x4a c:/Users/ailen/Desktop/licenta/Nios_Custom_Instruction/software/NiosCustomInstruction_bsp/\libhal_bsp.a(alt_main.o)
                                        0x132 (size before relaxing)
 .debug_line_str
                0x000000000000086a       0xcf c:/Users/ailen/Desktop/licenta/Nios_Custom_Instruction/software/NiosCustomInstruction_bsp/\libhal_bsp.a(alt_write.o)
                                        0x1cb (size before relaxing)
 .debug_line_str
                0x0000000000000939       0x4f c:/Users/ailen/Desktop/licenta/Nios_Custom_Instruction/software/NiosCustomInstruction_bsp/\libhal_bsp.a(alt_sys_init.o)
                                        0x143 (size before relaxing)
 .debug_line_str
                0x0000000000000988       0x38 c:/Users/ailen/Desktop/licenta/Nios_Custom_Instruction/software/NiosCustomInstruction_bsp/\libhal_bsp.a(altera_avalon_jtag_uart_write.o)
                                        0x176 (size before relaxing)
 .debug_line_str
                0x00000000000009c0       0x1f c:/Users/ailen/Desktop/licenta/Nios_Custom_Instruction/software/NiosCustomInstruction_bsp/\libhal_bsp.a(alt_dcache_flush_all.o)
                                        0x111 (size before relaxing)
 .debug_line_str
                0x00000000000009df       0x14 c:/Users/ailen/Desktop/licenta/Nios_Custom_Instruction/software/NiosCustomInstruction_bsp/\libhal_bsp.a(alt_errno.o)
                                        0x164 (size before relaxing)
 .debug_line_str
                0x00000000000009f3       0x1f c:/Users/ailen/Desktop/licenta/Nios_Custom_Instruction/software/NiosCustomInstruction_bsp/\libhal_bsp.a(alt_icache_flush_all.o)
                                        0x141 (size before relaxing)
 .debug_line_str
                0x0000000000000a12       0x20 c:/Users/ailen/Desktop/licenta/Nios_Custom_Instruction/software/NiosCustomInstruction_bsp/\libhal_bsp.a(altera_nios2_gen2_irq.o)
                                        0x114 (size before relaxing)
 .debug_line_str
                0x0000000000000a32       0x1b c:/Users/ailen/Desktop/licenta/Nios_Custom_Instruction/software/NiosCustomInstruction_bsp/\libhal_bsp.a(alt_icache_flush.o)
                                        0x11b (size before relaxing)
 .debug_line_str
                0x0000000000000a4d       0x3c c:/intelfpga_lite/22.1std/nios2eds/bin/gnu/h-x86_64-mingw32/bin/../lib/gcc/nios2-elf/12.1.1/../../../../../H-x86_64-mingw32/nios2-elf/lib\libsmallc.a(lib_a-memcpy.o)
                                        0x294 (size before relaxing)
