Archive member included to satisfy reference by file (symbol)

c:/intelfpga_lite/22.1std/nios2eds/bin/gnu/h-x86_64-mingw32/bin/../lib/gcc/nios2-elf/12.1.1/../../../../../H-x86_64-mingw32/nios2-elf/lib\libsmallc.a(lib_a-puts.o)
                              obj/default/hello_world_small.o (puts)
c:/intelfpga_lite/22.1std/nios2eds/bin/gnu/h-x86_64-mingw32/bin/../lib/gcc/nios2-elf/12.1.1/../../../../../H-x86_64-mingw32/nios2-elf/lib\libsmallc.a(lib_a-strlen.o)
                              c:/intelfpga_lite/22.1std/nios2eds/bin/gnu/h-x86_64-mingw32/bin/../lib/gcc/nios2-elf/12.1.1/../../../../../H-x86_64-mingw32/nios2-elf/lib\libsmallc.a(lib_a-puts.o) (strlen)
c:/intelfpga_lite/22.1std/nios2eds/bin/gnu/h-x86_64-mingw32/bin/../lib/gcc/nios2-elf/12.1.1/../../../../../H-x86_64-mingw32/nios2-elf/lib\libsmallc.a(lib_a-fvwrite_small_dev.o)
                              c:/intelfpga_lite/22.1std/nios2eds/bin/gnu/h-x86_64-mingw32/bin/../lib/gcc/nios2-elf/12.1.1/../../../../../H-x86_64-mingw32/nios2-elf/lib\libsmallc.a(lib_a-puts.o) (__sfvwrite_small_dev)
c:/intelfpga_lite/22.1std/nios2eds/bin/gnu/h-x86_64-mingw32/bin/../lib/gcc/nios2-elf/12.1.1/../../../../../H-x86_64-mingw32/nios2-elf/lib\libsmallc.a(lib_a-impure.o)
                              c:/intelfpga_lite/22.1std/nios2eds/bin/gnu/h-x86_64-mingw32/bin/../lib/gcc/nios2-elf/12.1.1/../../../../../H-x86_64-mingw32/nios2-elf/lib\libsmallc.a(lib_a-puts.o) (_impure_ptr)
c:/intelfpga_lite/22.1std/nios2eds/bin/gnu/h-x86_64-mingw32/bin/../lib/gcc/nios2-elf/12.1.1/../../../../../H-x86_64-mingw32/nios2-elf/lib\libsmallc.a(lib_a-writer.o)
                              c:/intelfpga_lite/22.1std/nios2eds/bin/gnu/h-x86_64-mingw32/bin/../lib/gcc/nios2-elf/12.1.1/../../../../../H-x86_64-mingw32/nios2-elf/lib\libsmallc.a(lib_a-fvwrite_small_dev.o) (_write_r)
c:/intelfpga_lite/22.1std/nios2eds/bin/gnu/h-x86_64-mingw32/bin/../lib/gcc/nios2-elf/12.1.1/../../../../../H-x86_64-mingw32/nios2-elf/lib\libsmallc.a(lib_a-int_errno.o)
                              c:/intelfpga_lite/22.1std/nios2eds/bin/gnu/h-x86_64-mingw32/bin/../lib/gcc/nios2-elf/12.1.1/../../../../../H-x86_64-mingw32/nios2-elf/lib\libsmallc.a(lib_a-writer.o) (errno)
c:/Users/ailen/Desktop/licenta/Nios_i2c_accelerometer/software/hello_world_sw_bsp/\libhal_bsp.a(alt_load.o)
                              c:/Users/ailen/Desktop/licenta/Nios_i2c_accelerometer/software/hello_world_sw_bsp//obj/HAL/src/crt0.o (alt_load)
c:/Users/ailen/Desktop/licenta/Nios_i2c_accelerometer/software/hello_world_sw_bsp/\libhal_bsp.a(alt_main.o)
                              c:/Users/ailen/Desktop/licenta/Nios_i2c_accelerometer/software/hello_world_sw_bsp//obj/HAL/src/crt0.o (alt_main)
c:/Users/ailen/Desktop/licenta/Nios_i2c_accelerometer/software/hello_world_sw_bsp/\libhal_bsp.a(alt_write.o)
                              c:/intelfpga_lite/22.1std/nios2eds/bin/gnu/h-x86_64-mingw32/bin/../lib/gcc/nios2-elf/12.1.1/../../../../../H-x86_64-mingw32/nios2-elf/lib\libsmallc.a(lib_a-writer.o) (write)
c:/Users/ailen/Desktop/licenta/Nios_i2c_accelerometer/software/hello_world_sw_bsp/\libhal_bsp.a(alt_sys_init.o)
                              c:/Users/ailen/Desktop/licenta/Nios_i2c_accelerometer/software/hello_world_sw_bsp/\libhal_bsp.a(alt_main.o) (alt_irq_init)
c:/Users/ailen/Desktop/licenta/Nios_i2c_accelerometer/software/hello_world_sw_bsp/\libhal_bsp.a(altera_avalon_jtag_uart_write.o)
                              c:/Users/ailen/Desktop/licenta/Nios_i2c_accelerometer/software/hello_world_sw_bsp/\libhal_bsp.a(alt_write.o) (altera_avalon_jtag_uart_write)
c:/Users/ailen/Desktop/licenta/Nios_i2c_accelerometer/software/hello_world_sw_bsp/\libhal_bsp.a(alt_dcache_flush_all.o)
                              c:/Users/ailen/Desktop/licenta/Nios_i2c_accelerometer/software/hello_world_sw_bsp/\libhal_bsp.a(alt_load.o) (alt_dcache_flush_all)
c:/Users/ailen/Desktop/licenta/Nios_i2c_accelerometer/software/hello_world_sw_bsp/\libhal_bsp.a(alt_errno.o)
                              c:/Users/ailen/Desktop/licenta/Nios_i2c_accelerometer/software/hello_world_sw_bsp/\libhal_bsp.a(alt_write.o) (alt_errno)
c:/Users/ailen/Desktop/licenta/Nios_i2c_accelerometer/software/hello_world_sw_bsp/\libhal_bsp.a(alt_icache_flush_all.o)
                              c:/Users/ailen/Desktop/licenta/Nios_i2c_accelerometer/software/hello_world_sw_bsp/\libhal_bsp.a(alt_load.o) (alt_icache_flush_all)
c:/Users/ailen/Desktop/licenta/Nios_i2c_accelerometer/software/hello_world_sw_bsp/\libhal_bsp.a(altera_nios2_gen2_irq.o)
                              c:/Users/ailen/Desktop/licenta/Nios_i2c_accelerometer/software/hello_world_sw_bsp/\libhal_bsp.a(alt_sys_init.o) (altera_nios2_gen2_irq_init)
c:/Users/ailen/Desktop/licenta/Nios_i2c_accelerometer/software/hello_world_sw_bsp/\libhal_bsp.a(alt_icache_flush.o)
                              c:/Users/ailen/Desktop/licenta/Nios_i2c_accelerometer/software/hello_world_sw_bsp/\libhal_bsp.a(alt_icache_flush_all.o) (alt_icache_flush)
c:/intelfpga_lite/22.1std/nios2eds/bin/gnu/h-x86_64-mingw32/bin/../lib/gcc/nios2-elf/12.1.1/../../../../../H-x86_64-mingw32/nios2-elf/lib\libsmallc.a(lib_a-memcpy.o)
                              c:/Users/ailen/Desktop/licenta/Nios_i2c_accelerometer/software/hello_world_sw_bsp/\libhal_bsp.a(alt_load.o) (memcpy)

Memory Configuration

Name             Origin             Length             Attributes
reset            0x0000000000040000 0x0000000000000020
onchip_mem       0x0000000000040020 0x00000000000257e0
*default*        0x0000000000000000 0xffffffffffffffff

Linker script and memory map

LOAD c:/Users/ailen/Desktop/licenta/Nios_i2c_accelerometer/software/hello_world_sw_bsp//obj/HAL/src/crt0.o
LOAD obj/default/hello_world_small.o
LOAD c:/intelfpga_lite/22.1std/nios2eds/bin/gnu/h-x86_64-mingw32/bin/../lib/gcc/nios2-elf/12.1.1/../../../../../H-x86_64-mingw32/nios2-elf/lib\libstdc++.a
LOAD c:/intelfpga_lite/22.1std/nios2eds/bin/gnu/h-x86_64-mingw32/bin/../lib/gcc/nios2-elf/12.1.1/../../../../../H-x86_64-mingw32/nios2-elf/lib\libm.a
LOAD c:/intelfpga_lite/22.1std/nios2eds/bin/gnu/h-x86_64-mingw32/bin/../lib/gcc/nios2-elf/12.1.1\libgcc.a
START GROUP
LOAD c:/intelfpga_lite/22.1std/nios2eds/bin/gnu/h-x86_64-mingw32/bin/../lib/gcc/nios2-elf/12.1.1/../../../../../H-x86_64-mingw32/nios2-elf/lib\libsmallc.a
LOAD c:/intelfpga_lite/22.1std/nios2eds/bin/gnu/h-x86_64-mingw32/bin/../lib/gcc/nios2-elf/12.1.1\libgcc.a
LOAD c:/Users/ailen/Desktop/licenta/Nios_i2c_accelerometer/software/hello_world_sw_bsp/\libhal_bsp.a
LOAD c:/intelfpga_lite/22.1std/nios2eds/bin/gnu/h-x86_64-mingw32/bin/../lib/gcc/nios2-elf/12.1.1/../../../../../H-x86_64-mingw32/nios2-elf/lib\libm.a
END GROUP
LOAD c:/intelfpga_lite/22.1std/nios2eds/bin/gnu/h-x86_64-mingw32/bin/../lib/gcc/nios2-elf/12.1.1\libgcc.a
                0x0000000000040000                __alt_mem_onchip_mem = 0x40000

.entry          0x0000000000040000       0x20
 *(.entry)
 .entry         0x0000000000040000       0x20 c:/Users/ailen/Desktop/licenta/Nios_i2c_accelerometer/software/hello_world_sw_bsp//obj/HAL/src/crt0.o
                0x0000000000040000                __reset
                0x000000000004001c                _exit

.exceptions     0x0000000000040020        0x0
                0x0000000000040020                PROVIDE (__ram_exceptions_start = ABSOLUTE (.))
                0x0000000000040020                . = ALIGN (0x20)
 *(.irq)
 *(.exceptions.entry.label)
 *(.exceptions.entry.user)
 *(.exceptions.entry.ecc_fatal)
 *(.exceptions.entry)
 *(.exceptions.irqtest.user)
 *(.exceptions.irqtest)
 *(.exceptions.irqhandler.user)
 *(.exceptions.irqhandler)
 *(.exceptions.irqreturn.user)
 *(.exceptions.irqreturn)
 *(.exceptions.notirq.label)
 *(.exceptions.notirq.user)
 *(.exceptions.notirq)
 *(.exceptions.soft.user)
 *(.exceptions.soft)
 *(.exceptions.unknown.user)
 *(.exceptions.unknown)
 *(.exceptions.exit.label)
 *(.exceptions.exit.user)
 *(.exceptions.exit)
 *(.exceptions)
                0x0000000000040020                PROVIDE (__ram_exceptions_end = ABSOLUTE (.))
                0x0000000000040020                PROVIDE (__flash_exceptions_start = LOADADDR (.exceptions))

.text           0x0000000000040020      0x418
                [!provide]                        PROVIDE (stext = ABSOLUTE (.))
 *(.interp)
 *(.hash)
 *(.dynsym)
 *(.dynstr)
 *(.gnu.version)
 *(.gnu.version_d)
 *(.gnu.version_r)
 *(.rel.init)
 *(.rela.init)
 *(.rel.text .rel.text.* .rel.gnu.linkonce.t.*)
 *(.rela.text .rela.text.* .rela.gnu.linkonce.t.*)
 *(.rel.fini)
 *(.rela.fini)
 *(.rel.rodata .rel.rodata.* .rel.gnu.linkonce.r.*)
 *(.rela.rodata .rela.rodata.* .rela.gnu.linkonce.r.*)
 *(.rel.data .rel.data.* .rel.gnu.linkonce.d.*)
 *(.rela.data .rela.data.* .rela.gnu.linkonce.d.*)
 *(.rel.tdata .rel.tdata.* .rel.gnu.linkonce.td.*)
 *(.rela.tdata .rela.tdata.* .rela.gnu.linkonce.td.*)
 *(.rel.tbss .rel.tbss.* .rel.gnu.linkonce.tb.*)
 *(.rela.tbss .rela.tbss.* .rela.gnu.linkonce.tb.*)
 *(.rel.ctors)
 *(.rela.ctors)
 *(.rel.dtors)
 *(.rela.dtors)
 *(.rel.got)
 *(.rela.got)
 *(.rel.sdata .rel.sdata.* .rel.gnu.linkonce.s.*)
 *(.rela.sdata .rela.sdata.* .rela.gnu.linkonce.s.*)
 *(.rel.sbss .rel.sbss.* .rel.gnu.linkonce.sb.*)
 *(.rela.sbss .rela.sbss.* .rela.gnu.linkonce.sb.*)
 *(.rel.sdata2 .rel.sdata2.* .rel.gnu.linkonce.s2.*)
 *(.rela.sdata2 .rela.sdata2.* .rela.gnu.linkonce.s2.*)
 *(.rel.sbss2 .rel.sbss2.* .rel.gnu.linkonce.sb2.*)
 *(.rela.sbss2 .rela.sbss2.* .rela.gnu.linkonce.sb2.*)
 *(.rel.bss .rel.bss.* .rel.gnu.linkonce.b.*)
 *(.rela.bss .rela.bss.* .rela.gnu.linkonce.b.*)
 *(.rel.plt)
 *(.rela.plt)
 *(.rel.dyn)
 *(.init)
 *(.plt)
 *(.text .stub .text.* .gnu.linkonce.t.*)
 .text          0x0000000000040020       0x4c c:/Users/ailen/Desktop/licenta/Nios_i2c_accelerometer/software/hello_world_sw_bsp//obj/HAL/src/crt0.o
                0x0000000000040020                _start
 .text          0x000000000004006c        0x0 obj/default/hello_world_small.o
 .text.startup  0x000000000004006c       0x18 obj/default/hello_world_small.o
                0x000000000004006c                main
 .text          0x0000000000040084        0x0 c:/intelfpga_lite/22.1std/nios2eds/bin/gnu/h-x86_64-mingw32/bin/../lib/gcc/nios2-elf/12.1.1/../../../../../H-x86_64-mingw32/nios2-elf/lib\libsmallc.a(lib_a-puts.o)
 .text._puts_r  0x0000000000040084       0x80 c:/intelfpga_lite/22.1std/nios2eds/bin/gnu/h-x86_64-mingw32/bin/../lib/gcc/nios2-elf/12.1.1/../../../../../H-x86_64-mingw32/nios2-elf/lib\libsmallc.a(lib_a-puts.o)
                0x0000000000040084                _puts_r
 .text.puts     0x0000000000040104       0x10 c:/intelfpga_lite/22.1std/nios2eds/bin/gnu/h-x86_64-mingw32/bin/../lib/gcc/nios2-elf/12.1.1/../../../../../H-x86_64-mingw32/nios2-elf/lib\libsmallc.a(lib_a-puts.o)
                0x0000000000040104                puts
 .text          0x0000000000040114        0x0 c:/intelfpga_lite/22.1std/nios2eds/bin/gnu/h-x86_64-mingw32/bin/../lib/gcc/nios2-elf/12.1.1/../../../../../H-x86_64-mingw32/nios2-elf/lib\libsmallc.a(lib_a-strlen.o)
 .text.strlen   0x0000000000040114       0x1c c:/intelfpga_lite/22.1std/nios2eds/bin/gnu/h-x86_64-mingw32/bin/../lib/gcc/nios2-elf/12.1.1/../../../../../H-x86_64-mingw32/nios2-elf/lib\libsmallc.a(lib_a-strlen.o)
                0x0000000000040114                strlen
 .text          0x0000000000040130        0x0 c:/intelfpga_lite/22.1std/nios2eds/bin/gnu/h-x86_64-mingw32/bin/../lib/gcc/nios2-elf/12.1.1/../../../../../H-x86_64-mingw32/nios2-elf/lib\libsmallc.a(lib_a-fvwrite_small_dev.o)
 .text.__sfvwrite_small_dev
                0x0000000000040130       0xa8 c:/intelfpga_lite/22.1std/nios2eds/bin/gnu/h-x86_64-mingw32/bin/../lib/gcc/nios2-elf/12.1.1/../../../../../H-x86_64-mingw32/nios2-elf/lib\libsmallc.a(lib_a-fvwrite_small_dev.o)
                0x0000000000040130                __sfvwrite_small_dev
 .text          0x00000000000401d8        0x0 c:/intelfpga_lite/22.1std/nios2eds/bin/gnu/h-x86_64-mingw32/bin/../lib/gcc/nios2-elf/12.1.1/../../../../../H-x86_64-mingw32/nios2-elf/lib\libsmallc.a(lib_a-impure.o)
 .text          0x00000000000401d8        0x0 c:/intelfpga_lite/22.1std/nios2eds/bin/gnu/h-x86_64-mingw32/bin/../lib/gcc/nios2-elf/12.1.1/../../../../../H-x86_64-mingw32/nios2-elf/lib\libsmallc.a(lib_a-writer.o)
 .text._write_r
                0x00000000000401d8       0x50 c:/intelfpga_lite/22.1std/nios2eds/bin/gnu/h-x86_64-mingw32/bin/../lib/gcc/nios2-elf/12.1.1/../../../../../H-x86_64-mingw32/nios2-elf/lib\libsmallc.a(lib_a-writer.o)
                0x00000000000401d8                _write_r
 .text          0x0000000000040228        0x0 c:/intelfpga_lite/22.1std/nios2eds/bin/gnu/h-x86_64-mingw32/bin/../lib/gcc/nios2-elf/12.1.1/../../../../../H-x86_64-mingw32/nios2-elf/lib\libsmallc.a(lib_a-int_errno.o)
 .text          0x0000000000040228       0x84 c:/Users/ailen/Desktop/licenta/Nios_i2c_accelerometer/software/hello_world_sw_bsp/\libhal_bsp.a(alt_load.o)
                0x0000000000040228                alt_load
 .text          0x00000000000402ac       0x2c c:/Users/ailen/Desktop/licenta/Nios_i2c_accelerometer/software/hello_world_sw_bsp/\libhal_bsp.a(alt_main.o)
                0x00000000000402ac                alt_main
 .text          0x00000000000402d8       0x5c c:/Users/ailen/Desktop/licenta/Nios_i2c_accelerometer/software/hello_world_sw_bsp/\libhal_bsp.a(alt_write.o)
                0x00000000000402d8                write
 .text          0x0000000000040334       0x24 c:/Users/ailen/Desktop/licenta/Nios_i2c_accelerometer/software/hello_world_sw_bsp/\libhal_bsp.a(alt_sys_init.o)
                0x0000000000040334                alt_irq_init
                0x0000000000040354                alt_sys_init
 .text          0x0000000000040358       0x30 c:/Users/ailen/Desktop/licenta/Nios_i2c_accelerometer/software/hello_world_sw_bsp/\libhal_bsp.a(altera_avalon_jtag_uart_write.o)
                0x0000000000040358                altera_avalon_jtag_uart_write
 .text          0x0000000000040388       0x18 c:/Users/ailen/Desktop/licenta/Nios_i2c_accelerometer/software/hello_world_sw_bsp/\libhal_bsp.a(alt_dcache_flush_all.o)
                0x0000000000040388                alt_dcache_flush_all
 .text          0x00000000000403a0        0x0 c:/Users/ailen/Desktop/licenta/Nios_i2c_accelerometer/software/hello_world_sw_bsp/\libhal_bsp.a(alt_errno.o)
 .text          0x00000000000403a0        0xc c:/Users/ailen/Desktop/licenta/Nios_i2c_accelerometer/software/hello_world_sw_bsp/\libhal_bsp.a(alt_icache_flush_all.o)
                0x00000000000403a0                alt_icache_flush_all
 .text          0x00000000000403ac        0x8 c:/Users/ailen/Desktop/licenta/Nios_i2c_accelerometer/software/hello_world_sw_bsp/\libhal_bsp.a(altera_nios2_gen2_irq.o)
                0x00000000000403ac                altera_nios2_gen2_irq_init
 .text          0x00000000000403b4       0x5c c:/Users/ailen/Desktop/licenta/Nios_i2c_accelerometer/software/hello_world_sw_bsp/\libhal_bsp.a(alt_icache_flush.o)
                0x00000000000403b4                alt_icache_flush
 .text          0x0000000000040410        0x0 c:/intelfpga_lite/22.1std/nios2eds/bin/gnu/h-x86_64-mingw32/bin/../lib/gcc/nios2-elf/12.1.1/../../../../../H-x86_64-mingw32/nios2-elf/lib\libsmallc.a(lib_a-memcpy.o)
 .text.memcpy   0x0000000000040410       0x28 c:/intelfpga_lite/22.1std/nios2eds/bin/gnu/h-x86_64-mingw32/bin/../lib/gcc/nios2-elf/12.1.1/../../../../../H-x86_64-mingw32/nios2-elf/lib\libsmallc.a(lib_a-memcpy.o)
                0x0000000000040410                memcpy
 *(.gnu.warning.*)
 *(.fini)
                [!provide]                        PROVIDE (__etext = ABSOLUTE (.))
                [!provide]                        PROVIDE (_etext = ABSOLUTE (.))
                [!provide]                        PROVIDE (etext = ABSOLUTE (.))
 *(.eh_frame_hdr)
                0x0000000000040438                . = ALIGN (0x4)
                [!provide]                        PROVIDE (__preinit_array_start = ABSOLUTE (.))
 *(.preinit_array)
                [!provide]                        PROVIDE (__preinit_array_end = ABSOLUTE (.))
                [!provide]                        PROVIDE (__init_array_start = ABSOLUTE (.))
 *(.init_array)
                [!provide]                        PROVIDE (__init_array_end = ABSOLUTE (.))
                [!provide]                        PROVIDE (__fini_array_start = ABSOLUTE (.))
 *(.fini_array)
                [!provide]                        PROVIDE (__fini_array_end = ABSOLUTE (.))
 *(.eh_frame)
 *(.gcc_except_table .gcc_except_table.*)
 *(.dynamic)
                [!provide]                        PROVIDE (__CTOR_LIST__ = ABSOLUTE (.))
 *(.ctors)
 *(SORT_BY_NAME(.ctors.*))
                [!provide]                        PROVIDE (__CTOR_END__ = ABSOLUTE (.))
                [!provide]                        PROVIDE (__DTOR_LIST__ = ABSOLUTE (.))
 *(.dtors)
 *(SORT_BY_NAME(.dtors.*))
                [!provide]                        PROVIDE (__DTOR_END__ = ABSOLUTE (.))
 *(.jcr)
                0x0000000000040438                . = ALIGN (0x4)

.rodata         0x0000000000040438       0x18
                0x0000000000040438                PROVIDE (__ram_rodata_start = ABSOLUTE (.))
                0x0000000000040438                . = ALIGN (0x4)
 *(.rodata .rodata.* .gnu.linkonce.r.*)
 .rodata.str1.4
                0x0000000000040438       0x14 obj/default/hello_world_small.o
 .rodata._puts_r.str1.4
                0x000000000004044c        0x2 c:/intelfpga_lite/22.1std/nios2eds/bin/gnu/h-x86_64-mingw32/bin/../lib/gcc/nios2-elf/12.1.1/../../../../../H-x86_64-mingw32/nios2-elf/lib\libsmallc.a(lib_a-puts.o)
 *(.rodata1)
                0x0000000000040450                . = ALIGN (0x4)
 *fill*         0x000000000004044e        0x2 
                0x0000000000040450                PROVIDE (__ram_rodata_end = ABSOLUTE (.))
                0x0000000000040438                PROVIDE (__flash_rodata_start = LOADADDR (.rodata))

.rwdata         0x0000000000040450       0xf4 load address 0x0000000000040544
                0x0000000000040450                PROVIDE (__ram_rwdata_start = ABSOLUTE (.))
                0x0000000000040450                . = ALIGN (0x4)
 *(.got.plt)
 *(.got)
 *(.data1)
 *(.data .data.* .gnu.linkonce.d.*)
 .data          0x0000000000040450        0x0 c:/Users/ailen/Desktop/licenta/Nios_i2c_accelerometer/software/hello_world_sw_bsp//obj/HAL/src/crt0.o
 .data          0x0000000000040450        0x0 obj/default/hello_world_small.o
 .data          0x0000000000040450        0x0 c:/intelfpga_lite/22.1std/nios2eds/bin/gnu/h-x86_64-mingw32/bin/../lib/gcc/nios2-elf/12.1.1/../../../../../H-x86_64-mingw32/nios2-elf/lib\libsmallc.a(lib_a-puts.o)
 .data          0x0000000000040450        0x0 c:/intelfpga_lite/22.1std/nios2eds/bin/gnu/h-x86_64-mingw32/bin/../lib/gcc/nios2-elf/12.1.1/../../../../../H-x86_64-mingw32/nios2-elf/lib\libsmallc.a(lib_a-strlen.o)
 .data          0x0000000000040450        0x0 c:/intelfpga_lite/22.1std/nios2eds/bin/gnu/h-x86_64-mingw32/bin/../lib/gcc/nios2-elf/12.1.1/../../../../../H-x86_64-mingw32/nios2-elf/lib\libsmallc.a(lib_a-fvwrite_small_dev.o)
 .data          0x0000000000040450        0x0 c:/intelfpga_lite/22.1std/nios2eds/bin/gnu/h-x86_64-mingw32/bin/../lib/gcc/nios2-elf/12.1.1/../../../../../H-x86_64-mingw32/nios2-elf/lib\libsmallc.a(lib_a-impure.o)
 .data.impure_data
                0x0000000000040450       0xe4 c:/intelfpga_lite/22.1std/nios2eds/bin/gnu/h-x86_64-mingw32/bin/../lib/gcc/nios2-elf/12.1.1/../../../../../H-x86_64-mingw32/nios2-elf/lib\libsmallc.a(lib_a-impure.o)
 .data          0x0000000000040534        0x0 c:/intelfpga_lite/22.1std/nios2eds/bin/gnu/h-x86_64-mingw32/bin/../lib/gcc/nios2-elf/12.1.1/../../../../../H-x86_64-mingw32/nios2-elf/lib\libsmallc.a(lib_a-writer.o)
 .data          0x0000000000040534        0x0 c:/intelfpga_lite/22.1std/nios2eds/bin/gnu/h-x86_64-mingw32/bin/../lib/gcc/nios2-elf/12.1.1/../../../../../H-x86_64-mingw32/nios2-elf/lib\libsmallc.a(lib_a-int_errno.o)
 .data          0x0000000000040534        0x0 c:/Users/ailen/Desktop/licenta/Nios_i2c_accelerometer/software/hello_world_sw_bsp/\libhal_bsp.a(alt_load.o)
 .data          0x0000000000040534        0x0 c:/Users/ailen/Desktop/licenta/Nios_i2c_accelerometer/software/hello_world_sw_bsp/\libhal_bsp.a(alt_main.o)
 .data          0x0000000000040534        0x0 c:/Users/ailen/Desktop/licenta/Nios_i2c_accelerometer/software/hello_world_sw_bsp/\libhal_bsp.a(alt_write.o)
 .data          0x0000000000040534        0x0 c:/Users/ailen/Desktop/licenta/Nios_i2c_accelerometer/software/hello_world_sw_bsp/\libhal_bsp.a(alt_sys_init.o)
 .data          0x0000000000040534        0x0 c:/Users/ailen/Desktop/licenta/Nios_i2c_accelerometer/software/hello_world_sw_bsp/\libhal_bsp.a(altera_avalon_jtag_uart_write.o)
 .data          0x0000000000040534        0x0 c:/Users/ailen/Desktop/licenta/Nios_i2c_accelerometer/software/hello_world_sw_bsp/\libhal_bsp.a(alt_dcache_flush_all.o)
 .data          0x0000000000040534        0x0 c:/Users/ailen/Desktop/licenta/Nios_i2c_accelerometer/software/hello_world_sw_bsp/\libhal_bsp.a(alt_errno.o)
 .data          0x0000000000040534        0x0 c:/Users/ailen/Desktop/licenta/Nios_i2c_accelerometer/software/hello_world_sw_bsp/\libhal_bsp.a(alt_icache_flush_all.o)
 .data          0x0000000000040534        0x0 c:/Users/ailen/Desktop/licenta/Nios_i2c_accelerometer/software/hello_world_sw_bsp/\libhal_bsp.a(altera_nios2_gen2_irq.o)
 .data          0x0000000000040534        0x0 c:/Users/ailen/Desktop/licenta/Nios_i2c_accelerometer/software/hello_world_sw_bsp/\libhal_bsp.a(alt_icache_flush.o)
 .data          0x0000000000040534        0x0 c:/intelfpga_lite/22.1std/nios2eds/bin/gnu/h-x86_64-mingw32/bin/../lib/gcc/nios2-elf/12.1.1/../../../../../H-x86_64-mingw32/nios2-elf/lib\libsmallc.a(lib_a-memcpy.o)
                0x0000000000048534                _gp = ABSOLUTE ((. + 0x8000))
                [!provide]                        PROVIDE (gp = _gp)
 *(.rwdata .rwdata.*)
 *(.sdata .sdata.* .gnu.linkonce.s.*)
 .sdata._global_impure_ptr
                0x0000000000040534        0x4 c:/intelfpga_lite/22.1std/nios2eds/bin/gnu/h-x86_64-mingw32/bin/../lib/gcc/nios2-elf/12.1.1/../../../../../H-x86_64-mingw32/nios2-elf/lib\libsmallc.a(lib_a-impure.o)
                0x0000000000040534                _global_impure_ptr
 .sdata._impure_ptr
                0x0000000000040538        0x4 c:/intelfpga_lite/22.1std/nios2eds/bin/gnu/h-x86_64-mingw32/bin/../lib/gcc/nios2-elf/12.1.1/../../../../../H-x86_64-mingw32/nios2-elf/lib\libsmallc.a(lib_a-impure.o)
                0x0000000000040538                _impure_ptr
 .sdata         0x000000000004053c        0x4 c:/Users/ailen/Desktop/licenta/Nios_i2c_accelerometer/software/hello_world_sw_bsp/\libhal_bsp.a(alt_sys_init.o)
                0x000000000004053c                jtag_uart_0
 .sdata         0x0000000000040540        0x4 c:/Users/ailen/Desktop/licenta/Nios_i2c_accelerometer/software/hello_world_sw_bsp/\libhal_bsp.a(alt_errno.o)
                0x0000000000040540                alt_errno
 *(.sdata2 .sdata2.* .gnu.linkonce.s2.*)
                0x0000000000040544                . = ALIGN (0x4)
                0x0000000000040544                _edata = ABSOLUTE (.)
                [!provide]                        PROVIDE (edata = ABSOLUTE (.))
                0x0000000000040544                PROVIDE (__ram_rwdata_end = ABSOLUTE (.))
                0x0000000000040544                PROVIDE (__flash_rwdata_start = LOADADDR (.rwdata))

.bss            0x0000000000040638       0x10
                0x0000000000040638                __bss_start = ABSOLUTE (.)
                [!provide]                        PROVIDE (__sbss_start = ABSOLUTE (.))
                [!provide]                        PROVIDE (___sbss_start = ABSOLUTE (.))
 *(.dynsbss)
 *(.sbss .sbss.* .gnu.linkonce.sb.*)
 .sbss.errno    0x0000000000040638        0x4 c:/intelfpga_lite/22.1std/nios2eds/bin/gnu/h-x86_64-mingw32/bin/../lib/gcc/nios2-elf/12.1.1/../../../../../H-x86_64-mingw32/nios2-elf/lib\libsmallc.a(lib_a-int_errno.o)
                0x0000000000040638                errno
 .sbss          0x000000000004063c        0xc c:/Users/ailen/Desktop/licenta/Nios_i2c_accelerometer/software/hello_world_sw_bsp/\libhal_bsp.a(alt_main.o)
                0x000000000004063c                alt_envp
                0x0000000000040640                alt_argv
                0x0000000000040644                alt_argc
 *(.sbss2 .sbss2.* .gnu.linkonce.sb2.*)
 *(.scommon)
                [!provide]                        PROVIDE (__sbss_end = ABSOLUTE (.))
                [!provide]                        PROVIDE (___sbss_end = ABSOLUTE (.))
 *(.dynbss)
 *(.bss .bss.* .gnu.linkonce.b.*)
 .bss           0x0000000000040648        0x0 c:/Users/ailen/Desktop/licenta/Nios_i2c_accelerometer/software/hello_world_sw_bsp//obj/HAL/src/crt0.o
 .bss           0x0000000000040648        0x0 obj/default/hello_world_small.o
 .bss           0x0000000000040648        0x0 c:/intelfpga_lite/22.1std/nios2eds/bin/gnu/h-x86_64-mingw32/bin/../lib/gcc/nios2-elf/12.1.1/../../../../../H-x86_64-mingw32/nios2-elf/lib\libsmallc.a(lib_a-puts.o)
 .bss           0x0000000000040648        0x0 c:/intelfpga_lite/22.1std/nios2eds/bin/gnu/h-x86_64-mingw32/bin/../lib/gcc/nios2-elf/12.1.1/../../../../../H-x86_64-mingw32/nios2-elf/lib\libsmallc.a(lib_a-strlen.o)
 .bss           0x0000000000040648        0x0 c:/intelfpga_lite/22.1std/nios2eds/bin/gnu/h-x86_64-mingw32/bin/../lib/gcc/nios2-elf/12.1.1/../../../../../H-x86_64-mingw32/nios2-elf/lib\libsmallc.a(lib_a-fvwrite_small_dev.o)
 .bss           0x0000000000040648        0x0 c:/intelfpga_lite/22.1std/nios2eds/bin/gnu/h-x86_64-mingw32/bin/../lib/gcc/nios2-elf/12.1.1/../../../../../H-x86_64-mingw32/nios2-elf/lib\libsmallc.a(lib_a-impure.o)
 .bss           0x0000000000040648        0x0 c:/intelfpga_lite/22.1std/nios2eds/bin/gnu/h-x86_64-mingw32/bin/../lib/gcc/nios2-elf/12.1.1/../../../../../H-x86_64-mingw32/nios2-elf/lib\libsmallc.a(lib_a-writer.o)
 .bss           0x0000000000040648        0x0 c:/intelfpga_lite/22.1std/nios2eds/bin/gnu/h-x86_64-mingw32/bin/../lib/gcc/nios2-elf/12.1.1/../../../../../H-x86_64-mingw32/nios2-elf/lib\libsmallc.a(lib_a-int_errno.o)
 .bss           0x0000000000040648        0x0 c:/Users/ailen/Desktop/licenta/Nios_i2c_accelerometer/software/hello_world_sw_bsp/\libhal_bsp.a(alt_load.o)
 .bss           0x0000000000040648        0x0 c:/Users/ailen/Desktop/licenta/Nios_i2c_accelerometer/software/hello_world_sw_bsp/\libhal_bsp.a(alt_main.o)
 .bss           0x0000000000040648        0x0 c:/Users/ailen/Desktop/licenta/Nios_i2c_accelerometer/software/hello_world_sw_bsp/\libhal_bsp.a(alt_write.o)
 .bss           0x0000000000040648        0x0 c:/Users/ailen/Desktop/licenta/Nios_i2c_accelerometer/software/hello_world_sw_bsp/\libhal_bsp.a(alt_sys_init.o)
 .bss           0x0000000000040648        0x0 c:/Users/ailen/Desktop/licenta/Nios_i2c_accelerometer/software/hello_world_sw_bsp/\libhal_bsp.a(altera_avalon_jtag_uart_write.o)
 .bss           0x0000000000040648        0x0 c:/Users/ailen/Desktop/licenta/Nios_i2c_accelerometer/software/hello_world_sw_bsp/\libhal_bsp.a(alt_dcache_flush_all.o)
 .bss           0x0000000000040648        0x0 c:/Users/ailen/Desktop/licenta/Nios_i2c_accelerometer/software/hello_world_sw_bsp/\libhal_bsp.a(alt_errno.o)
 .bss           0x0000000000040648        0x0 c:/Users/ailen/Desktop/licenta/Nios_i2c_accelerometer/software/hello_world_sw_bsp/\libhal_bsp.a(alt_icache_flush_all.o)
 .bss           0x0000000000040648        0x0 c:/Users/ailen/Desktop/licenta/Nios_i2c_accelerometer/software/hello_world_sw_bsp/\libhal_bsp.a(altera_nios2_gen2_irq.o)
 .bss           0x0000000000040648        0x0 c:/Users/ailen/Desktop/licenta/Nios_i2c_accelerometer/software/hello_world_sw_bsp/\libhal_bsp.a(alt_icache_flush.o)
 .bss           0x0000000000040648        0x0 c:/intelfpga_lite/22.1std/nios2eds/bin/gnu/h-x86_64-mingw32/bin/../lib/gcc/nios2-elf/12.1.1/../../../../../H-x86_64-mingw32/nios2-elf/lib\libsmallc.a(lib_a-memcpy.o)
 *(COMMON)
                0x0000000000040648                . = ALIGN (0x4)
                0x0000000000040648                __bss_end = ABSOLUTE (.)

.onchip_mem     0x0000000000040648        0x0
                [!provide]                        PROVIDE (_alt_partition_onchip_mem_start = ABSOLUTE (.))
 *(.onchip_mem .onchip_mem. onchip_mem.*)
                0x0000000000040648                . = ALIGN (0x4)
                [!provide]                        PROVIDE (_alt_partition_onchip_mem_end = ABSOLUTE (.))
                0x0000000000040648                _end = ABSOLUTE (.)
                0x0000000000040648                end = ABSOLUTE (.)
                0x0000000000040648                __alt_stack_base = ABSOLUTE (.)
                [!provide]                        PROVIDE (_alt_partition_onchip_mem_load_addr = LOADADDR (.onchip_mem))

.stab
 *(.stab)

.stabstr
 *(.stabstr)

.stab.excl
 *(.stab.excl)

.stab.exclstr
 *(.stab.exclstr)

.stab.index
 *(.stab.index)

.stab.indexstr
 *(.stab.indexstr)

.comment        0x0000000000000000       0x2d
 *(.comment)
 .comment       0x0000000000000000       0x2d obj/default/hello_world_small.o
                                         0x2e (size before relaxing)
 .comment       0x000000000000002d       0x2e c:/intelfpga_lite/22.1std/nios2eds/bin/gnu/h-x86_64-mingw32/bin/../lib/gcc/nios2-elf/12.1.1/../../../../../H-x86_64-mingw32/nios2-elf/lib\libsmallc.a(lib_a-puts.o)
 .comment       0x000000000000002d       0x2e c:/intelfpga_lite/22.1std/nios2eds/bin/gnu/h-x86_64-mingw32/bin/../lib/gcc/nios2-elf/12.1.1/../../../../../H-x86_64-mingw32/nios2-elf/lib\libsmallc.a(lib_a-strlen.o)
 .comment       0x000000000000002d       0x2e c:/intelfpga_lite/22.1std/nios2eds/bin/gnu/h-x86_64-mingw32/bin/../lib/gcc/nios2-elf/12.1.1/../../../../../H-x86_64-mingw32/nios2-elf/lib\libsmallc.a(lib_a-fvwrite_small_dev.o)
 .comment       0x000000000000002d       0x2e c:/intelfpga_lite/22.1std/nios2eds/bin/gnu/h-x86_64-mingw32/bin/../lib/gcc/nios2-elf/12.1.1/../../../../../H-x86_64-mingw32/nios2-elf/lib\libsmallc.a(lib_a-impure.o)
 .comment       0x000000000000002d       0x2e c:/intelfpga_lite/22.1std/nios2eds/bin/gnu/h-x86_64-mingw32/bin/../lib/gcc/nios2-elf/12.1.1/../../../../../H-x86_64-mingw32/nios2-elf/lib\libsmallc.a(lib_a-writer.o)
 .comment       0x000000000000002d       0x2e c:/intelfpga_lite/22.1std/nios2eds/bin/gnu/h-x86_64-mingw32/bin/../lib/gcc/nios2-elf/12.1.1/../../../../../H-x86_64-mingw32/nios2-elf/lib\libsmallc.a(lib_a-int_errno.o)
 .comment       0x000000000000002d       0x2e c:/Users/ailen/Desktop/licenta/Nios_i2c_accelerometer/software/hello_world_sw_bsp/\libhal_bsp.a(alt_load.o)
 .comment       0x000000000000002d       0x2e c:/Users/ailen/Desktop/licenta/Nios_i2c_accelerometer/software/hello_world_sw_bsp/\libhal_bsp.a(alt_main.o)
 .comment       0x000000000000002d       0x2e c:/Users/ailen/Desktop/licenta/Nios_i2c_accelerometer/software/hello_world_sw_bsp/\libhal_bsp.a(alt_write.o)
 .comment       0x000000000000002d       0x2e c:/Users/ailen/Desktop/licenta/Nios_i2c_accelerometer/software/hello_world_sw_bsp/\libhal_bsp.a(alt_sys_init.o)
 .comment       0x000000000000002d       0x2e c:/Users/ailen/Desktop/licenta/Nios_i2c_accelerometer/software/hello_world_sw_bsp/\libhal_bsp.a(altera_avalon_jtag_uart_write.o)
 .comment       0x000000000000002d       0x2e c:/Users/ailen/Desktop/licenta/Nios_i2c_accelerometer/software/hello_world_sw_bsp/\libhal_bsp.a(alt_dcache_flush_all.o)
 .comment       0x000000000000002d       0x2e c:/Users/ailen/Desktop/licenta/Nios_i2c_accelerometer/software/hello_world_sw_bsp/\libhal_bsp.a(alt_errno.o)
 .comment       0x000000000000002d       0x2e c:/Users/ailen/Desktop/licenta/Nios_i2c_accelerometer/software/hello_world_sw_bsp/\libhal_bsp.a(alt_icache_flush_all.o)
 .comment       0x000000000000002d       0x2e c:/Users/ailen/Desktop/licenta/Nios_i2c_accelerometer/software/hello_world_sw_bsp/\libhal_bsp.a(altera_nios2_gen2_irq.o)
 .comment       0x000000000000002d       0x2e c:/Users/ailen/Desktop/licenta/Nios_i2c_accelerometer/software/hello_world_sw_bsp/\libhal_bsp.a(alt_icache_flush.o)
 .comment       0x000000000000002d       0x2e c:/intelfpga_lite/22.1std/nios2eds/bin/gnu/h-x86_64-mingw32/bin/../lib/gcc/nios2-elf/12.1.1/../../../../../H-x86_64-mingw32/nios2-elf/lib\libsmallc.a(lib_a-memcpy.o)

.debug
 *(.debug)

.line
 *(.line)

.debug_srcinfo
 *(.debug_srcinfo)

.debug_sfnames
 *(.debug_sfnames)

.debug_aranges  0x0000000000000000      0x258
 *(.debug_aranges)
 .debug_aranges
                0x0000000000000000       0x28 c:/Users/ailen/Desktop/licenta/Nios_i2c_accelerometer/software/hello_world_sw_bsp//obj/HAL/src/crt0.o
 .debug_aranges
                0x0000000000000028       0x20 obj/default/hello_world_small.o
 .debug_aranges
                0x0000000000000048       0x28 c:/intelfpga_lite/22.1std/nios2eds/bin/gnu/h-x86_64-mingw32/bin/../lib/gcc/nios2-elf/12.1.1/../../../../../H-x86_64-mingw32/nios2-elf/lib\libsmallc.a(lib_a-puts.o)
 .debug_aranges
                0x0000000000000070       0x20 c:/intelfpga_lite/22.1std/nios2eds/bin/gnu/h-x86_64-mingw32/bin/../lib/gcc/nios2-elf/12.1.1/../../../../../H-x86_64-mingw32/nios2-elf/lib\libsmallc.a(lib_a-strlen.o)
 .debug_aranges
                0x0000000000000090       0x20 c:/intelfpga_lite/22.1std/nios2eds/bin/gnu/h-x86_64-mingw32/bin/../lib/gcc/nios2-elf/12.1.1/../../../../../H-x86_64-mingw32/nios2-elf/lib\libsmallc.a(lib_a-fvwrite_small_dev.o)
 .debug_aranges
                0x00000000000000b0       0x18 c:/intelfpga_lite/22.1std/nios2eds/bin/gnu/h-x86_64-mingw32/bin/../lib/gcc/nios2-elf/12.1.1/../../../../../H-x86_64-mingw32/nios2-elf/lib\libsmallc.a(lib_a-impure.o)
 .debug_aranges
                0x00000000000000c8       0x20 c:/intelfpga_lite/22.1std/nios2eds/bin/gnu/h-x86_64-mingw32/bin/../lib/gcc/nios2-elf/12.1.1/../../../../../H-x86_64-mingw32/nios2-elf/lib\libsmallc.a(lib_a-writer.o)
 .debug_aranges
                0x00000000000000e8       0x18 c:/intelfpga_lite/22.1std/nios2eds/bin/gnu/h-x86_64-mingw32/bin/../lib/gcc/nios2-elf/12.1.1/../../../../../H-x86_64-mingw32/nios2-elf/lib\libsmallc.a(lib_a-int_errno.o)
 .debug_aranges
                0x0000000000000100       0x20 c:/Users/ailen/Desktop/licenta/Nios_i2c_accelerometer/software/hello_world_sw_bsp/\libhal_bsp.a(alt_load.o)
 .debug_aranges
                0x0000000000000120       0x20 c:/Users/ailen/Desktop/licenta/Nios_i2c_accelerometer/software/hello_world_sw_bsp/\libhal_bsp.a(alt_main.o)
 .debug_aranges
                0x0000000000000140       0x20 c:/Users/ailen/Desktop/licenta/Nios_i2c_accelerometer/software/hello_world_sw_bsp/\libhal_bsp.a(alt_write.o)
 .debug_aranges
                0x0000000000000160       0x20 c:/Users/ailen/Desktop/licenta/Nios_i2c_accelerometer/software/hello_world_sw_bsp/\libhal_bsp.a(alt_sys_init.o)
 .debug_aranges
                0x0000000000000180       0x20 c:/Users/ailen/Desktop/licenta/Nios_i2c_accelerometer/software/hello_world_sw_bsp/\libhal_bsp.a(altera_avalon_jtag_uart_write.o)
 .debug_aranges
                0x00000000000001a0       0x20 c:/Users/ailen/Desktop/licenta/Nios_i2c_accelerometer/software/hello_world_sw_bsp/\libhal_bsp.a(alt_dcache_flush_all.o)
 .debug_aranges
                0x00000000000001c0       0x18 c:/Users/ailen/Desktop/licenta/Nios_i2c_accelerometer/software/hello_world_sw_bsp/\libhal_bsp.a(alt_errno.o)
 .debug_aranges
                0x00000000000001d8       0x20 c:/Users/ailen/Desktop/licenta/Nios_i2c_accelerometer/software/hello_world_sw_bsp/\libhal_bsp.a(alt_icache_flush_all.o)
 .debug_aranges
                0x00000000000001f8       0x20 c:/Users/ailen/Desktop/licenta/Nios_i2c_accelerometer/software/hello_world_sw_bsp/\libhal_bsp.a(altera_nios2_gen2_irq.o)
 .debug_aranges
                0x0000000000000218       0x20 c:/Users/ailen/Desktop/licenta/Nios_i2c_accelerometer/software/hello_world_sw_bsp/\libhal_bsp.a(alt_icache_flush.o)
 .debug_aranges
                0x0000000000000238       0x20 c:/intelfpga_lite/22.1std/nios2eds/bin/gnu/h-x86_64-mingw32/bin/../lib/gcc/nios2-elf/12.1.1/../../../../../H-x86_64-mingw32/nios2-elf/lib\libsmallc.a(lib_a-memcpy.o)

.debug_pubnames
 *(.debug_pubnames)

.debug_info     0x0000000000000000     0x27d1
 *(.debug_info .gnu.linkonce.wi.*)
 .debug_info    0x0000000000000000       0x22 c:/Users/ailen/Desktop/licenta/Nios_i2c_accelerometer/software/hello_world_sw_bsp//obj/HAL/src/crt0.o
 .debug_info    0x0000000000000022       0x8f obj/default/hello_world_small.o
 .debug_info    0x00000000000000b1      0x6b9 c:/intelfpga_lite/22.1std/nios2eds/bin/gnu/h-x86_64-mingw32/bin/../lib/gcc/nios2-elf/12.1.1/../../../../../H-x86_64-mingw32/nios2-elf/lib\libsmallc.a(lib_a-puts.o)
 .debug_info    0x000000000000076a       0xd1 c:/intelfpga_lite/22.1std/nios2eds/bin/gnu/h-x86_64-mingw32/bin/../lib/gcc/nios2-elf/12.1.1/../../../../../H-x86_64-mingw32/nios2-elf/lib\libsmallc.a(lib_a-strlen.o)
 .debug_info    0x000000000000083b      0x691 c:/intelfpga_lite/22.1std/nios2eds/bin/gnu/h-x86_64-mingw32/bin/../lib/gcc/nios2-elf/12.1.1/../../../../../H-x86_64-mingw32/nios2-elf/lib\libsmallc.a(lib_a-fvwrite_small_dev.o)
 .debug_info    0x0000000000000ecc      0x5cf c:/intelfpga_lite/22.1std/nios2eds/bin/gnu/h-x86_64-mingw32/bin/../lib/gcc/nios2-elf/12.1.1/../../../../../H-x86_64-mingw32/nios2-elf/lib\libsmallc.a(lib_a-impure.o)
 .debug_info    0x000000000000149b      0x671 c:/intelfpga_lite/22.1std/nios2eds/bin/gnu/h-x86_64-mingw32/bin/../lib/gcc/nios2-elf/12.1.1/../../../../../H-x86_64-mingw32/nios2-elf/lib\libsmallc.a(lib_a-writer.o)
 .debug_info    0x0000000000001b0c       0x85 c:/intelfpga_lite/22.1std/nios2eds/bin/gnu/h-x86_64-mingw32/bin/../lib/gcc/nios2-elf/12.1.1/../../../../../H-x86_64-mingw32/nios2-elf/lib\libsmallc.a(lib_a-int_errno.o)
 .debug_info    0x0000000000001b91      0x239 c:/Users/ailen/Desktop/licenta/Nios_i2c_accelerometer/software/hello_world_sw_bsp/\libhal_bsp.a(alt_load.o)
 .debug_info    0x0000000000001dca      0x13e c:/Users/ailen/Desktop/licenta/Nios_i2c_accelerometer/software/hello_world_sw_bsp/\libhal_bsp.a(alt_main.o)
 .debug_info    0x0000000000001f08      0x1a8 c:/Users/ailen/Desktop/licenta/Nios_i2c_accelerometer/software/hello_world_sw_bsp/\libhal_bsp.a(alt_write.o)
 .debug_info    0x00000000000020b0      0x127 c:/Users/ailen/Desktop/licenta/Nios_i2c_accelerometer/software/hello_world_sw_bsp/\libhal_bsp.a(alt_sys_init.o)
 .debug_info    0x00000000000021d7      0x149 c:/Users/ailen/Desktop/licenta/Nios_i2c_accelerometer/software/hello_world_sw_bsp/\libhal_bsp.a(altera_avalon_jtag_uart_write.o)
 .debug_info    0x0000000000002320       0xa6 c:/Users/ailen/Desktop/licenta/Nios_i2c_accelerometer/software/hello_world_sw_bsp/\libhal_bsp.a(alt_dcache_flush_all.o)
 .debug_info    0x00000000000023c6       0xa8 c:/Users/ailen/Desktop/licenta/Nios_i2c_accelerometer/software/hello_world_sw_bsp/\libhal_bsp.a(alt_errno.o)
 .debug_info    0x000000000000246e       0xc9 c:/Users/ailen/Desktop/licenta/Nios_i2c_accelerometer/software/hello_world_sw_bsp/\libhal_bsp.a(alt_icache_flush_all.o)
 .debug_info    0x0000000000002537       0x8d c:/Users/ailen/Desktop/licenta/Nios_i2c_accelerometer/software/hello_world_sw_bsp/\libhal_bsp.a(altera_nios2_gen2_irq.o)
 .debug_info    0x00000000000025c4       0xec c:/Users/ailen/Desktop/licenta/Nios_i2c_accelerometer/software/hello_world_sw_bsp/\libhal_bsp.a(alt_icache_flush.o)
 .debug_info    0x00000000000026b0      0x121 c:/intelfpga_lite/22.1std/nios2eds/bin/gnu/h-x86_64-mingw32/bin/../lib/gcc/nios2-elf/12.1.1/../../../../../H-x86_64-mingw32/nios2-elf/lib\libsmallc.a(lib_a-memcpy.o)

.debug_abbrev   0x0000000000000000     0x10ec
 *(.debug_abbrev)
 .debug_abbrev  0x0000000000000000       0x12 c:/Users/ailen/Desktop/licenta/Nios_i2c_accelerometer/software/hello_world_sw_bsp//obj/HAL/src/crt0.o
 .debug_abbrev  0x0000000000000012       0x99 obj/default/hello_world_small.o
 .debug_abbrev  0x00000000000000ab      0x20d c:/intelfpga_lite/22.1std/nios2eds/bin/gnu/h-x86_64-mingw32/bin/../lib/gcc/nios2-elf/12.1.1/../../../../../H-x86_64-mingw32/nios2-elf/lib\libsmallc.a(lib_a-puts.o)
 .debug_abbrev  0x00000000000002b8       0x8c c:/intelfpga_lite/22.1std/nios2eds/bin/gnu/h-x86_64-mingw32/bin/../lib/gcc/nios2-elf/12.1.1/../../../../../H-x86_64-mingw32/nios2-elf/lib\libsmallc.a(lib_a-strlen.o)
 .debug_abbrev  0x0000000000000344      0x1fb c:/intelfpga_lite/22.1std/nios2eds/bin/gnu/h-x86_64-mingw32/bin/../lib/gcc/nios2-elf/12.1.1/../../../../../H-x86_64-mingw32/nios2-elf/lib\libsmallc.a(lib_a-fvwrite_small_dev.o)
 .debug_abbrev  0x000000000000053f      0x185 c:/intelfpga_lite/22.1std/nios2eds/bin/gnu/h-x86_64-mingw32/bin/../lib/gcc/nios2-elf/12.1.1/../../../../../H-x86_64-mingw32/nios2-elf/lib\libsmallc.a(lib_a-impure.o)
 .debug_abbrev  0x00000000000006c4      0x1e0 c:/intelfpga_lite/22.1std/nios2eds/bin/gnu/h-x86_64-mingw32/bin/../lib/gcc/nios2-elf/12.1.1/../../../../../H-x86_64-mingw32/nios2-elf/lib\libsmallc.a(lib_a-writer.o)
 .debug_abbrev  0x00000000000008a4       0x39 c:/intelfpga_lite/22.1std/nios2eds/bin/gnu/h-x86_64-mingw32/bin/../lib/gcc/nios2-elf/12.1.1/../../../../../H-x86_64-mingw32/nios2-elf/lib\libsmallc.a(lib_a-int_errno.o)
 .debug_abbrev  0x00000000000008dd      0x12c c:/Users/ailen/Desktop/licenta/Nios_i2c_accelerometer/software/hello_world_sw_bsp/\libhal_bsp.a(alt_load.o)
 .debug_abbrev  0x0000000000000a09       0xeb c:/Users/ailen/Desktop/licenta/Nios_i2c_accelerometer/software/hello_world_sw_bsp/\libhal_bsp.a(alt_main.o)
 .debug_abbrev  0x0000000000000af4      0x117 c:/Users/ailen/Desktop/licenta/Nios_i2c_accelerometer/software/hello_world_sw_bsp/\libhal_bsp.a(alt_write.o)
 .debug_abbrev  0x0000000000000c0b      0x107 c:/Users/ailen/Desktop/licenta/Nios_i2c_accelerometer/software/hello_world_sw_bsp/\libhal_bsp.a(alt_sys_init.o)
 .debug_abbrev  0x0000000000000d12       0xdc c:/Users/ailen/Desktop/licenta/Nios_i2c_accelerometer/software/hello_world_sw_bsp/\libhal_bsp.a(altera_avalon_jtag_uart_write.o)
 .debug_abbrev  0x0000000000000dee       0x60 c:/Users/ailen/Desktop/licenta/Nios_i2c_accelerometer/software/hello_world_sw_bsp/\libhal_bsp.a(alt_dcache_flush_all.o)
 .debug_abbrev  0x0000000000000e4e       0x70 c:/Users/ailen/Desktop/licenta/Nios_i2c_accelerometer/software/hello_world_sw_bsp/\libhal_bsp.a(alt_errno.o)
 .debug_abbrev  0x0000000000000ebe       0x8a c:/Users/ailen/Desktop/licenta/Nios_i2c_accelerometer/software/hello_world_sw_bsp/\libhal_bsp.a(alt_icache_flush_all.o)
 .debug_abbrev  0x0000000000000f48       0x43 c:/Users/ailen/Desktop/licenta/Nios_i2c_accelerometer/software/hello_world_sw_bsp/\libhal_bsp.a(altera_nios2_gen2_irq.o)
 .debug_abbrev  0x0000000000000f8b       0xa0 c:/Users/ailen/Desktop/licenta/Nios_i2c_accelerometer/software/hello_world_sw_bsp/\libhal_bsp.a(alt_icache_flush.o)
 .debug_abbrev  0x000000000000102b       0xc1 c:/intelfpga_lite/22.1std/nios2eds/bin/gnu/h-x86_64-mingw32/bin/../lib/gcc/nios2-elf/12.1.1/../../../../../H-x86_64-mingw32/nios2-elf/lib\libsmallc.a(lib_a-memcpy.o)

.debug_line     0x0000000000000000      0xa36
 *(.debug_line)
 .debug_line    0x0000000000000000       0x72 c:/Users/ailen/Desktop/licenta/Nios_i2c_accelerometer/software/hello_world_sw_bsp//obj/HAL/src/crt0.o
 .debug_line    0x0000000000000072       0x6a obj/default/hello_world_small.o
 .debug_line    0x00000000000000dc       0xc2 c:/intelfpga_lite/22.1std/nios2eds/bin/gnu/h-x86_64-mingw32/bin/../lib/gcc/nios2-elf/12.1.1/../../../../../H-x86_64-mingw32/nios2-elf/lib\libsmallc.a(lib_a-puts.o)
 .debug_line    0x000000000000019e       0x7c c:/intelfpga_lite/22.1std/nios2eds/bin/gnu/h-x86_64-mingw32/bin/../lib/gcc/nios2-elf/12.1.1/../../../../../H-x86_64-mingw32/nios2-elf/lib\libsmallc.a(lib_a-strlen.o)
 .debug_line    0x000000000000021a       0xd7 c:/intelfpga_lite/22.1std/nios2eds/bin/gnu/h-x86_64-mingw32/bin/../lib/gcc/nios2-elf/12.1.1/../../../../../H-x86_64-mingw32/nios2-elf/lib\libsmallc.a(lib_a-fvwrite_small_dev.o)
 .debug_line    0x00000000000002f1       0x51 c:/intelfpga_lite/22.1std/nios2eds/bin/gnu/h-x86_64-mingw32/bin/../lib/gcc/nios2-elf/12.1.1/../../../../../H-x86_64-mingw32/nios2-elf/lib\libsmallc.a(lib_a-impure.o)
 .debug_line    0x0000000000000342       0xae c:/intelfpga_lite/22.1std/nios2eds/bin/gnu/h-x86_64-mingw32/bin/../lib/gcc/nios2-elf/12.1.1/../../../../../H-x86_64-mingw32/nios2-elf/lib\libsmallc.a(lib_a-writer.o)
 .debug_line    0x00000000000003f0       0x3a c:/intelfpga_lite/22.1std/nios2eds/bin/gnu/h-x86_64-mingw32/bin/../lib/gcc/nios2-elf/12.1.1/../../../../../H-x86_64-mingw32/nios2-elf/lib\libsmallc.a(lib_a-int_errno.o)
 .debug_line    0x000000000000042a       0xd2 c:/Users/ailen/Desktop/licenta/Nios_i2c_accelerometer/software/hello_world_sw_bsp/\libhal_bsp.a(alt_load.o)
 .debug_line    0x00000000000004fc       0xa2 c:/Users/ailen/Desktop/licenta/Nios_i2c_accelerometer/software/hello_world_sw_bsp/\libhal_bsp.a(alt_main.o)
 .debug_line    0x000000000000059e       0xc5 c:/Users/ailen/Desktop/licenta/Nios_i2c_accelerometer/software/hello_world_sw_bsp/\libhal_bsp.a(alt_write.o)
 .debug_line    0x0000000000000663       0x93 c:/Users/ailen/Desktop/licenta/Nios_i2c_accelerometer/software/hello_world_sw_bsp/\libhal_bsp.a(alt_sys_init.o)
 .debug_line    0x00000000000006f6       0x93 c:/Users/ailen/Desktop/licenta/Nios_i2c_accelerometer/software/hello_world_sw_bsp/\libhal_bsp.a(altera_avalon_jtag_uart_write.o)
 .debug_line    0x0000000000000789       0x70 c:/Users/ailen/Desktop/licenta/Nios_i2c_accelerometer/software/hello_world_sw_bsp/\libhal_bsp.a(alt_dcache_flush_all.o)
 .debug_line    0x00000000000007f9       0x4c c:/Users/ailen/Desktop/licenta/Nios_i2c_accelerometer/software/hello_world_sw_bsp/\libhal_bsp.a(alt_errno.o)
 .debug_line    0x0000000000000845       0x67 c:/Users/ailen/Desktop/licenta/Nios_i2c_accelerometer/software/hello_world_sw_bsp/\libhal_bsp.a(alt_icache_flush_all.o)
 .debug_line    0x00000000000008ac       0x54 c:/Users/ailen/Desktop/licenta/Nios_i2c_accelerometer/software/hello_world_sw_bsp/\libhal_bsp.a(altera_nios2_gen2_irq.o)
 .debug_line    0x0000000000000900       0xaa c:/Users/ailen/Desktop/licenta/Nios_i2c_accelerometer/software/hello_world_sw_bsp/\libhal_bsp.a(alt_icache_flush.o)
 .debug_line    0x00000000000009aa       0x8c c:/intelfpga_lite/22.1std/nios2eds/bin/gnu/h-x86_64-mingw32/bin/../lib/gcc/nios2-elf/12.1.1/../../../../../H-x86_64-mingw32/nios2-elf/lib\libsmallc.a(lib_a-memcpy.o)

.debug_frame    0x0000000000000000      0x27c
 *(.debug_frame)
 .debug_frame   0x0000000000000000       0x28 obj/default/hello_world_small.o
 .debug_frame   0x0000000000000028       0x48 c:/intelfpga_lite/22.1std/nios2eds/bin/gnu/h-x86_64-mingw32/bin/../lib/gcc/nios2-elf/12.1.1/../../../../../H-x86_64-mingw32/nios2-elf/lib\libsmallc.a(lib_a-puts.o)
 .debug_frame   0x0000000000000070       0x20 c:/intelfpga_lite/22.1std/nios2eds/bin/gnu/h-x86_64-mingw32/bin/../lib/gcc/nios2-elf/12.1.1/../../../../../H-x86_64-mingw32/nios2-elf/lib\libsmallc.a(lib_a-strlen.o)
 .debug_frame   0x0000000000000090       0x3c c:/intelfpga_lite/22.1std/nios2eds/bin/gnu/h-x86_64-mingw32/bin/../lib/gcc/nios2-elf/12.1.1/../../../../../H-x86_64-mingw32/nios2-elf/lib\libsmallc.a(lib_a-fvwrite_small_dev.o)
 .debug_frame   0x00000000000000cc       0x30 c:/intelfpga_lite/22.1std/nios2eds/bin/gnu/h-x86_64-mingw32/bin/../lib/gcc/nios2-elf/12.1.1/../../../../../H-x86_64-mingw32/nios2-elf/lib\libsmallc.a(lib_a-writer.o)
 .debug_frame   0x00000000000000fc       0x2c c:/Users/ailen/Desktop/licenta/Nios_i2c_accelerometer/software/hello_world_sw_bsp/\libhal_bsp.a(alt_load.o)
 .debug_frame   0x0000000000000128       0x2c c:/Users/ailen/Desktop/licenta/Nios_i2c_accelerometer/software/hello_world_sw_bsp/\libhal_bsp.a(alt_main.o)
 .debug_frame   0x0000000000000154       0x2c c:/Users/ailen/Desktop/licenta/Nios_i2c_accelerometer/software/hello_world_sw_bsp/\libhal_bsp.a(alt_write.o)
 .debug_frame   0x0000000000000180       0x3c c:/Users/ailen/Desktop/licenta/Nios_i2c_accelerometer/software/hello_world_sw_bsp/\libhal_bsp.a(alt_sys_init.o)
 .debug_frame   0x00000000000001bc       0x20 c:/Users/ailen/Desktop/licenta/Nios_i2c_accelerometer/software/hello_world_sw_bsp/\libhal_bsp.a(altera_avalon_jtag_uart_write.o)
 .debug_frame   0x00000000000001dc       0x20 c:/Users/ailen/Desktop/licenta/Nios_i2c_accelerometer/software/hello_world_sw_bsp/\libhal_bsp.a(alt_dcache_flush_all.o)
 .debug_frame   0x00000000000001fc       0x20 c:/Users/ailen/Desktop/licenta/Nios_i2c_accelerometer/software/hello_world_sw_bsp/\libhal_bsp.a(alt_icache_flush_all.o)
 .debug_frame   0x000000000000021c       0x20 c:/Users/ailen/Desktop/licenta/Nios_i2c_accelerometer/software/hello_world_sw_bsp/\libhal_bsp.a(altera_nios2_gen2_irq.o)
 .debug_frame   0x000000000000023c       0x20 c:/Users/ailen/Desktop/licenta/Nios_i2c_accelerometer/software/hello_world_sw_bsp/\libhal_bsp.a(alt_icache_flush.o)
 .debug_frame   0x000000000000025c       0x20 c:/intelfpga_lite/22.1std/nios2eds/bin/gnu/h-x86_64-mingw32/bin/../lib/gcc/nios2-elf/12.1.1/../../../../../H-x86_64-mingw32/nios2-elf/lib\libsmallc.a(lib_a-memcpy.o)

.debug_str      0x0000000000000000      0x6ff
 *(.debug_str)
 .debug_str     0x0000000000000000       0x70 c:/Users/ailen/Desktop/licenta/Nios_i2c_accelerometer/software/hello_world_sw_bsp//obj/HAL/src/crt0.o
 .debug_str     0x0000000000000070       0x66 obj/default/hello_world_small.o
                                         0x75 (size before relaxing)
 .debug_str     0x00000000000000d6      0x38f c:/intelfpga_lite/22.1std/nios2eds/bin/gnu/h-x86_64-mingw32/bin/../lib/gcc/nios2-elf/12.1.1/../../../../../H-x86_64-mingw32/nios2-elf/lib\libsmallc.a(lib_a-puts.o)
                                        0x3fa (size before relaxing)
 .debug_str     0x0000000000000465      0x38f c:/intelfpga_lite/22.1std/nios2eds/bin/gnu/h-x86_64-mingw32/bin/../lib/gcc/nios2-elf/12.1.1/../../../../../H-x86_64-mingw32/nios2-elf/lib\libsmallc.a(lib_a-strlen.o)
                                         0xfb (size before relaxing)
 .debug_str     0x0000000000000465       0x25 c:/intelfpga_lite/22.1std/nios2eds/bin/gnu/h-x86_64-mingw32/bin/../lib/gcc/nios2-elf/12.1.1/../../../../../H-x86_64-mingw32/nios2-elf/lib\libsmallc.a(lib_a-fvwrite_small_dev.o)
                                        0x404 (size before relaxing)
 .debug_str     0x000000000000048a       0x1f c:/intelfpga_lite/22.1std/nios2eds/bin/gnu/h-x86_64-mingw32/bin/../lib/gcc/nios2-elf/12.1.1/../../../../../H-x86_64-mingw32/nios2-elf/lib\libsmallc.a(lib_a-impure.o)
                                        0x3e9 (size before relaxing)
 .debug_str     0x00000000000004a9       0x1f c:/intelfpga_lite/22.1std/nios2eds/bin/gnu/h-x86_64-mingw32/bin/../lib/gcc/nios2-elf/12.1.1/../../../../../H-x86_64-mingw32/nios2-elf/lib\libsmallc.a(lib_a-writer.o)
                                        0x3e3 (size before relaxing)
 .debug_str     0x00000000000004a9       0xed c:/intelfpga_lite/22.1std/nios2eds/bin/gnu/h-x86_64-mingw32/bin/../lib/gcc/nios2-elf/12.1.1/../../../../../H-x86_64-mingw32/nios2-elf/lib\libsmallc.a(lib_a-int_errno.o)
 .debug_str     0x00000000000004a9      0x119 c:/Users/ailen/Desktop/licenta/Nios_i2c_accelerometer/software/hello_world_sw_bsp/\libhal_bsp.a(alt_load.o)
                                        0x205 (size before relaxing)
 .debug_str     0x00000000000005c2       0x4b c:/Users/ailen/Desktop/licenta/Nios_i2c_accelerometer/software/hello_world_sw_bsp/\libhal_bsp.a(alt_main.o)
                                        0x135 (size before relaxing)
 .debug_str     0x000000000000060d       0x62 c:/Users/ailen/Desktop/licenta/Nios_i2c_accelerometer/software/hello_world_sw_bsp/\libhal_bsp.a(alt_write.o)
                                        0x15f (size before relaxing)
 .debug_str     0x000000000000066f       0x5c c:/Users/ailen/Desktop/licenta/Nios_i2c_accelerometer/software/hello_world_sw_bsp/\libhal_bsp.a(alt_sys_init.o)
                                        0x187 (size before relaxing)
 .debug_str     0x00000000000006cb        0x7 c:/Users/ailen/Desktop/licenta/Nios_i2c_accelerometer/software/hello_world_sw_bsp/\libhal_bsp.a(altera_avalon_jtag_uart_write.o)
                                        0x159 (size before relaxing)
 .debug_str     0x00000000000006d2       0xfa c:/Users/ailen/Desktop/licenta/Nios_i2c_accelerometer/software/hello_world_sw_bsp/\libhal_bsp.a(alt_dcache_flush_all.o)
 .debug_str     0x00000000000006d2        0x8 c:/Users/ailen/Desktop/licenta/Nios_i2c_accelerometer/software/hello_world_sw_bsp/\libhal_bsp.a(alt_errno.o)
                                         0xf7 (size before relaxing)
 .debug_str     0x00000000000006da       0x11 c:/Users/ailen/Desktop/licenta/Nios_i2c_accelerometer/software/hello_world_sw_bsp/\libhal_bsp.a(alt_icache_flush_all.o)
                                        0x113 (size before relaxing)
 .debug_str     0x00000000000006eb      0x100 c:/Users/ailen/Desktop/licenta/Nios_i2c_accelerometer/software/hello_world_sw_bsp/\libhal_bsp.a(altera_nios2_gen2_irq.o)
 .debug_str     0x00000000000006eb      0x104 c:/Users/ailen/Desktop/licenta/Nios_i2c_accelerometer/software/hello_world_sw_bsp/\libhal_bsp.a(alt_icache_flush.o)
 .debug_str     0x00000000000006eb       0x14 c:/intelfpga_lite/22.1std/nios2eds/bin/gnu/h-x86_64-mingw32/bin/../lib/gcc/nios2-elf/12.1.1/../../../../../H-x86_64-mingw32/nios2-elf/lib\libsmallc.a(lib_a-memcpy.o)
                                        0x109 (size before relaxing)

.debug_loc
 *(.debug_loc)

.debug_macinfo
 *(.debug_macinfo)

.debug_weaknames
 *(.debug_weaknames)

.debug_funcnames
 *(.debug_funcnames)

.debug_typenames
 *(.debug_typenames)

.debug_varnames
 *(.debug_varnames)

.debug_alt_sim_info
                0x0000000000000000       0x30
 *(.debug_alt_sim_info)
 .debug_alt_sim_info
                0x0000000000000000       0x30 c:/Users/ailen/Desktop/licenta/Nios_i2c_accelerometer/software/hello_world_sw_bsp//obj/HAL/src/crt0.o
                0x0000000000065800                __alt_data_end = 0x65800
                0x0000000000065800                PROVIDE (__alt_stack_pointer = __alt_data_end)
                [!provide]                        PROVIDE (__alt_stack_limit = __alt_stack_base)
                [!provide]                        PROVIDE (__alt_heap_start = end)
                [!provide]                        PROVIDE (__alt_heap_limit = 0x65800)
OUTPUT(hello_world_sw.elf elf32-littlenios2)
LOAD linker stubs

.debug_ranges   0x0000000000000000       0x20
 .debug_ranges  0x0000000000000000       0x20 c:/Users/ailen/Desktop/licenta/Nios_i2c_accelerometer/software/hello_world_sw_bsp//obj/HAL/src/crt0.o

.debug_rnglists
                0x0000000000000000       0xc6
 .debug_rnglists
                0x0000000000000000       0x13 obj/default/hello_world_small.o
 .debug_rnglists
                0x0000000000000013       0x1a c:/intelfpga_lite/22.1std/nios2eds/bin/gnu/h-x86_64-mingw32/bin/../lib/gcc/nios2-elf/12.1.1/../../../../../H-x86_64-mingw32/nios2-elf/lib\libsmallc.a(lib_a-puts.o)
 .debug_rnglists
                0x000000000000002d       0x13 c:/intelfpga_lite/22.1std/nios2eds/bin/gnu/h-x86_64-mingw32/bin/../lib/gcc/nios2-elf/12.1.1/../../../../../H-x86_64-mingw32/nios2-elf/lib\libsmallc.a(lib_a-strlen.o)
 .debug_rnglists
                0x0000000000000040       0x14 c:/intelfpga_lite/22.1std/nios2eds/bin/gnu/h-x86_64-mingw32/bin/../lib/gcc/nios2-elf/12.1.1/../../../../../H-x86_64-mingw32/nios2-elf/lib\libsmallc.a(lib_a-fvwrite_small_dev.o)
 .debug_rnglists
                0x0000000000000054       0x13 c:/intelfpga_lite/22.1std/nios2eds/bin/gnu/h-x86_64-mingw32/bin/../lib/gcc/nios2-elf/12.1.1/../../../../../H-x86_64-mingw32/nios2-elf/lib\libsmallc.a(lib_a-writer.o)
 .debug_rnglists
                0x0000000000000067       0x23 c:/Users/ailen/Desktop/licenta/Nios_i2c_accelerometer/software/hello_world_sw_bsp/\libhal_bsp.a(alt_load.o)
 .debug_rnglists
                0x000000000000008a       0x16 c:/Users/ailen/Desktop/licenta/Nios_i2c_accelerometer/software/hello_world_sw_bsp/\libhal_bsp.a(alt_write.o)
 .debug_rnglists
                0x00000000000000a0       0x13 c:/Users/ailen/Desktop/licenta/Nios_i2c_accelerometer/software/hello_world_sw_bsp/\libhal_bsp.a(alt_icache_flush.o)
 .debug_rnglists
                0x00000000000000b3       0x13 c:/intelfpga_lite/22.1std/nios2eds/bin/gnu/h-x86_64-mingw32/bin/../lib/gcc/nios2-elf/12.1.1/../../../../../H-x86_64-mingw32/nios2-elf/lib\libsmallc.a(lib_a-memcpy.o)

.debug_line_str
                0x0000000000000000      0x867
 .debug_line_str
                0x0000000000000000       0x6d obj/default/hello_world_small.o
                                         0xe3 (size before relaxing)
 .debug_line_str
                0x000000000000006d      0x240 c:/intelfpga_lite/22.1std/nios2eds/bin/gnu/h-x86_64-mingw32/bin/../lib/gcc/nios2-elf/12.1.1/../../../../../H-x86_64-mingw32/nios2-elf/lib\libsmallc.a(lib_a-puts.o)
                                        0x30b (size before relaxing)
 .debug_line_str
                0x00000000000002ad       0xf2 c:/intelfpga_lite/22.1std/nios2eds/bin/gnu/h-x86_64-mingw32/bin/../lib/gcc/nios2-elf/12.1.1/../../../../../H-x86_64-mingw32/nios2-elf/lib\libsmallc.a(lib_a-strlen.o)
                                        0x294 (size before relaxing)
 .debug_line_str
                0x000000000000039f       0x46 c:/intelfpga_lite/22.1std/nios2eds/bin/gnu/h-x86_64-mingw32/bin/../lib/gcc/nios2-elf/12.1.1/../../../../../H-x86_64-mingw32/nios2-elf/lib\libsmallc.a(lib_a-fvwrite_small_dev.o)
                                        0x31f (size before relaxing)
 .debug_line_str
                0x00000000000003e5       0xef c:/intelfpga_lite/22.1std/nios2eds/bin/gnu/h-x86_64-mingw32/bin/../lib/gcc/nios2-elf/12.1.1/../../../../../H-x86_64-mingw32/nios2-elf/lib\libsmallc.a(lib_a-impure.o)
                                        0x29b (size before relaxing)
 .debug_line_str
                0x00000000000004d4       0x44 c:/intelfpga_lite/22.1std/nios2eds/bin/gnu/h-x86_64-mingw32/bin/../lib/gcc/nios2-elf/12.1.1/../../../../../H-x86_64-mingw32/nios2-elf/lib\libsmallc.a(lib_a-writer.o)
                                        0x307 (size before relaxing)
 .debug_line_str
                0x0000000000000518       0x3e c:/intelfpga_lite/22.1std/nios2eds/bin/gnu/h-x86_64-mingw32/bin/../lib/gcc/nios2-elf/12.1.1/../../../../../H-x86_64-mingw32/nios2-elf/lib\libsmallc.a(lib_a-int_errno.o)
                                        0x1be (size before relaxing)
 .debug_line_str
                0x0000000000000556       0xa8 c:/Users/ailen/Desktop/licenta/Nios_i2c_accelerometer/software/hello_world_sw_bsp/\libhal_bsp.a(alt_load.o)
                                        0x123 (size before relaxing)
 .debug_line_str
                0x00000000000005fe       0x4a c:/Users/ailen/Desktop/licenta/Nios_i2c_accelerometer/software/hello_world_sw_bsp/\libhal_bsp.a(alt_main.o)
                                        0x122 (size before relaxing)
 .debug_line_str
                0x0000000000000648       0xcf c:/Users/ailen/Desktop/licenta/Nios_i2c_accelerometer/software/hello_world_sw_bsp/\libhal_bsp.a(alt_write.o)
                                        0x1bb (size before relaxing)
 .debug_line_str
                0x0000000000000717       0x4f c:/Users/ailen/Desktop/licenta/Nios_i2c_accelerometer/software/hello_world_sw_bsp/\libhal_bsp.a(alt_sys_init.o)
                                        0x133 (size before relaxing)
 .debug_line_str
                0x0000000000000766       0x38 c:/Users/ailen/Desktop/licenta/Nios_i2c_accelerometer/software/hello_world_sw_bsp/\libhal_bsp.a(altera_avalon_jtag_uart_write.o)
                                        0x166 (size before relaxing)
 .debug_line_str
                0x000000000000079e       0x1f c:/Users/ailen/Desktop/licenta/Nios_i2c_accelerometer/software/hello_world_sw_bsp/\libhal_bsp.a(alt_dcache_flush_all.o)
                                        0x101 (size before relaxing)
 .debug_line_str
                0x00000000000007bd       0x14 c:/Users/ailen/Desktop/licenta/Nios_i2c_accelerometer/software/hello_world_sw_bsp/\libhal_bsp.a(alt_errno.o)
                                        0x154 (size before relaxing)
 .debug_line_str
                0x00000000000007d1       0x1f c:/Users/ailen/Desktop/licenta/Nios_i2c_accelerometer/software/hello_world_sw_bsp/\libhal_bsp.a(alt_icache_flush_all.o)
                                        0x131 (size before relaxing)
 .debug_line_str
                0x00000000000007f0       0x20 c:/Users/ailen/Desktop/licenta/Nios_i2c_accelerometer/software/hello_world_sw_bsp/\libhal_bsp.a(altera_nios2_gen2_irq.o)
                                        0x104 (size before relaxing)
 .debug_line_str
                0x0000000000000810       0x1b c:/Users/ailen/Desktop/licenta/Nios_i2c_accelerometer/software/hello_world_sw_bsp/\libhal_bsp.a(alt_icache_flush.o)
                                        0x10b (size before relaxing)
 .debug_line_str
                0x000000000000082b       0x3c c:/intelfpga_lite/22.1std/nios2eds/bin/gnu/h-x86_64-mingw32/bin/../lib/gcc/nios2-elf/12.1.1/../../../../../H-x86_64-mingw32/nios2-elf/lib\libsmallc.a(lib_a-memcpy.o)
                                        0x294 (size before relaxing)

.debug_loclists
                0x0000000000000000      0x47b
 .debug_loclists
                0x0000000000000000       0x73 c:/intelfpga_lite/22.1std/nios2eds/bin/gnu/h-x86_64-mingw32/bin/../lib/gcc/nios2-elf/12.1.1/../../../../../H-x86_64-mingw32/nios2-elf/lib\libsmallc.a(lib_a-puts.o)
 .debug_loclists
                0x0000000000000073       0x32 c:/intelfpga_lite/22.1std/nios2eds/bin/gnu/h-x86_64-mingw32/bin/../lib/gcc/nios2-elf/12.1.1/../../../../../H-x86_64-mingw32/nios2-elf/lib\libsmallc.a(lib_a-strlen.o)
 .debug_loclists
                0x00000000000000a5       0xc5 c:/intelfpga_lite/22.1std/nios2eds/bin/gnu/h-x86_64-mingw32/bin/../lib/gcc/nios2-elf/12.1.1/../../../../../H-x86_64-mingw32/nios2-elf/lib\libsmallc.a(lib_a-fvwrite_small_dev.o)
 .debug_loclists
                0x000000000000016a       0x88 c:/intelfpga_lite/22.1std/nios2eds/bin/gnu/h-x86_64-mingw32/bin/../lib/gcc/nios2-elf/12.1.1/../../../../../H-x86_64-mingw32/nios2-elf/lib\libsmallc.a(lib_a-writer.o)
 .debug_loclists
                0x00000000000001f2       0x7b c:/Users/ailen/Desktop/licenta/Nios_i2c_accelerometer/software/hello_world_sw_bsp/\libhal_bsp.a(alt_write.o)
 .debug_loclists
                0x000000000000026d       0x1e c:/Users/ailen/Desktop/licenta/Nios_i2c_accelerometer/software/hello_world_sw_bsp/\libhal_bsp.a(alt_sys_init.o)
 .debug_loclists
                0x000000000000028b       0x5e c:/Users/ailen/Desktop/licenta/Nios_i2c_accelerometer/software/hello_world_sw_bsp/\libhal_bsp.a(altera_avalon_jtag_uart_write.o)
 .debug_loclists
                0x00000000000002e9       0x1c c:/Users/ailen/Desktop/licenta/Nios_i2c_accelerometer/software/hello_world_sw_bsp/\libhal_bsp.a(alt_dcache_flush_all.o)
 .debug_loclists
                0x0000000000000305       0xaa c:/Users/ailen/Desktop/licenta/Nios_i2c_accelerometer/software/hello_world_sw_bsp/\libhal_bsp.a(alt_icache_flush.o)
 .debug_loclists
                0x00000000000003af       0xcc c:/intelfpga_lite/22.1std/nios2eds/bin/gnu/h-x86_64-mingw32/bin/../lib/gcc/nios2-elf/12.1.1/../../../../../H-x86_64-mingw32/nios2-elf/lib\libsmallc.a(lib_a-memcpy.o)
