Archive member included to satisfy reference by file (symbol)

c:/intelfpga_lite/22.1std/nios2eds/bin/gnu/h-x86_64-mingw32/bin/../lib/gcc/nios2-elf/12.1.1/../../../../../H-x86_64-mingw32/nios2-elf/lib\libsmallc.a(lib_a-malloc.o)
                              obj/default/hello_world_small.o (malloc)
c:/intelfpga_lite/22.1std/nios2eds/bin/gnu/h-x86_64-mingw32/bin/../lib/gcc/nios2-elf/12.1.1/../../../../../H-x86_64-mingw32/nios2-elf/lib\libsmallc.a(lib_a-memset.o)
                              obj/default/hello_world_small.o (memset)
c:/intelfpga_lite/22.1std/nios2eds/bin/gnu/h-x86_64-mingw32/bin/../lib/gcc/nios2-elf/12.1.1/../../../../../H-x86_64-mingw32/nios2-elf/lib\libsmallc.a(lib_a-nano-freer.o)
                              c:/intelfpga_lite/22.1std/nios2eds/bin/gnu/h-x86_64-mingw32/bin/../lib/gcc/nios2-elf/12.1.1/../../../../../H-x86_64-mingw32/nios2-elf/lib\libsmallc.a(lib_a-malloc.o) (_free_r)
c:/intelfpga_lite/22.1std/nios2eds/bin/gnu/h-x86_64-mingw32/bin/../lib/gcc/nios2-elf/12.1.1/../../../../../H-x86_64-mingw32/nios2-elf/lib\libsmallc.a(lib_a-nano-mallocr.o)
                              c:/intelfpga_lite/22.1std/nios2eds/bin/gnu/h-x86_64-mingw32/bin/../lib/gcc/nios2-elf/12.1.1/../../../../../H-x86_64-mingw32/nios2-elf/lib\libsmallc.a(lib_a-malloc.o) (_malloc_r)
c:/intelfpga_lite/22.1std/nios2eds/bin/gnu/h-x86_64-mingw32/bin/../lib/gcc/nios2-elf/12.1.1/../../../../../H-x86_64-mingw32/nios2-elf/lib\libsmallc.a(lib_a-printf.o)
                              obj/default/hello_world_small.o (printf)
c:/intelfpga_lite/22.1std/nios2eds/bin/gnu/h-x86_64-mingw32/bin/../lib/gcc/nios2-elf/12.1.1/../../../../../H-x86_64-mingw32/nios2-elf/lib\libsmallc.a(lib_a-puts.o)
                              obj/default/hello_world_small.o (puts)
c:/intelfpga_lite/22.1std/nios2eds/bin/gnu/h-x86_64-mingw32/bin/../lib/gcc/nios2-elf/12.1.1/../../../../../H-x86_64-mingw32/nios2-elf/lib\libsmallc.a(lib_a-sbrkr.o)
                              c:/intelfpga_lite/22.1std/nios2eds/bin/gnu/h-x86_64-mingw32/bin/../lib/gcc/nios2-elf/12.1.1/../../../../../H-x86_64-mingw32/nios2-elf/lib\libsmallc.a(lib_a-nano-mallocr.o) (_sbrk_r)
c:/intelfpga_lite/22.1std/nios2eds/bin/gnu/h-x86_64-mingw32/bin/../lib/gcc/nios2-elf/12.1.1/../../../../../H-x86_64-mingw32/nios2-elf/lib\libsmallc.a(lib_a-strlen.o)
                              c:/intelfpga_lite/22.1std/nios2eds/bin/gnu/h-x86_64-mingw32/bin/../lib/gcc/nios2-elf/12.1.1/../../../../../H-x86_64-mingw32/nios2-elf/lib\libsmallc.a(lib_a-puts.o) (strlen)
c:/intelfpga_lite/22.1std/nios2eds/bin/gnu/h-x86_64-mingw32/bin/../lib/gcc/nios2-elf/12.1.1/../../../../../H-x86_64-mingw32/nios2-elf/lib\libsmallc.a(lib_a-vfprintf.o)
                              c:/intelfpga_lite/22.1std/nios2eds/bin/gnu/h-x86_64-mingw32/bin/../lib/gcc/nios2-elf/12.1.1/../../../../../H-x86_64-mingw32/nios2-elf/lib\libsmallc.a(lib_a-printf.o) (___vfprintf_internal_r)
c:/intelfpga_lite/22.1std/nios2eds/bin/gnu/h-x86_64-mingw32/bin/../lib/gcc/nios2-elf/12.1.1/../../../../../H-x86_64-mingw32/nios2-elf/lib\libsmallc.a(lib_a-fvwrite_small_dev.o)
                              c:/intelfpga_lite/22.1std/nios2eds/bin/gnu/h-x86_64-mingw32/bin/../lib/gcc/nios2-elf/12.1.1/../../../../../H-x86_64-mingw32/nios2-elf/lib\libsmallc.a(lib_a-printf.o) (__sfvwrite_small_dev)
c:/intelfpga_lite/22.1std/nios2eds/bin/gnu/h-x86_64-mingw32/bin/../lib/gcc/nios2-elf/12.1.1/../../../../../H-x86_64-mingw32/nios2-elf/lib\libsmallc.a(lib_a-impure.o)
                              c:/intelfpga_lite/22.1std/nios2eds/bin/gnu/h-x86_64-mingw32/bin/../lib/gcc/nios2-elf/12.1.1/../../../../../H-x86_64-mingw32/nios2-elf/lib\libsmallc.a(lib_a-malloc.o) (_impure_ptr)
c:/intelfpga_lite/22.1std/nios2eds/bin/gnu/h-x86_64-mingw32/bin/../lib/gcc/nios2-elf/12.1.1/../../../../../H-x86_64-mingw32/nios2-elf/lib\libsmallc.a(lib_a-int_errno.o)
                              c:/intelfpga_lite/22.1std/nios2eds/bin/gnu/h-x86_64-mingw32/bin/../lib/gcc/nios2-elf/12.1.1/../../../../../H-x86_64-mingw32/nios2-elf/lib\libsmallc.a(lib_a-sbrkr.o) (errno)
c:/intelfpga_lite/22.1std/nios2eds/bin/gnu/h-x86_64-mingw32/bin/../lib/gcc/nios2-elf/12.1.1/../../../../../H-x86_64-mingw32/nios2-elf/lib\libsmallc.a(lib_a-writer.o)
                              c:/intelfpga_lite/22.1std/nios2eds/bin/gnu/h-x86_64-mingw32/bin/../lib/gcc/nios2-elf/12.1.1/../../../../../H-x86_64-mingw32/nios2-elf/lib\libsmallc.a(lib_a-fvwrite_small_dev.o) (_write_r)
c:/intelfpga_lite/22.1std/nios2eds/bin/gnu/h-x86_64-mingw32/bin/../lib/gcc/nios2-elf/12.1.1\libgcc.a(lib2-divmod.o)
                              c:/intelfpga_lite/22.1std/nios2eds/bin/gnu/h-x86_64-mingw32/bin/../lib/gcc/nios2-elf/12.1.1/../../../../../H-x86_64-mingw32/nios2-elf/lib\libsmallc.a(lib_a-vfprintf.o) (__udivsi3)
c:/Users/ailen/Desktop/licenta/Nios_custom_dma/software/nios_custom_dma_bsp/\libhal_bsp.a(alt_load.o)
                              c:/Users/ailen/Desktop/licenta/Nios_custom_dma/software/nios_custom_dma_bsp//obj/HAL/src/crt0.o (alt_load)
c:/Users/ailen/Desktop/licenta/Nios_custom_dma/software/nios_custom_dma_bsp/\libhal_bsp.a(alt_main.o)
                              c:/Users/ailen/Desktop/licenta/Nios_custom_dma/software/nios_custom_dma_bsp//obj/HAL/src/crt0.o (alt_main)
c:/Users/ailen/Desktop/licenta/Nios_custom_dma/software/nios_custom_dma_bsp/\libhal_bsp.a(alt_malloc_lock.o)
                              c:/intelfpga_lite/22.1std/nios2eds/bin/gnu/h-x86_64-mingw32/bin/../lib/gcc/nios2-elf/12.1.1/../../../../../H-x86_64-mingw32/nios2-elf/lib\libsmallc.a(lib_a-nano-freer.o) (__malloc_lock)
c:/Users/ailen/Desktop/licenta/Nios_custom_dma/software/nios_custom_dma_bsp/\libhal_bsp.a(alt_sbrk.o)
                              c:/intelfpga_lite/22.1std/nios2eds/bin/gnu/h-x86_64-mingw32/bin/../lib/gcc/nios2-elf/12.1.1/../../../../../H-x86_64-mingw32/nios2-elf/lib\libsmallc.a(lib_a-sbrkr.o) (sbrk)
c:/Users/ailen/Desktop/licenta/Nios_custom_dma/software/nios_custom_dma_bsp/\libhal_bsp.a(alt_write.o)
                              c:/intelfpga_lite/22.1std/nios2eds/bin/gnu/h-x86_64-mingw32/bin/../lib/gcc/nios2-elf/12.1.1/../../../../../H-x86_64-mingw32/nios2-elf/lib\libsmallc.a(lib_a-writer.o) (write)
c:/Users/ailen/Desktop/licenta/Nios_custom_dma/software/nios_custom_dma_bsp/\libhal_bsp.a(alt_sys_init.o)
                              c:/Users/ailen/Desktop/licenta/Nios_custom_dma/software/nios_custom_dma_bsp/\libhal_bsp.a(alt_main.o) (alt_irq_init)
c:/Users/ailen/Desktop/licenta/Nios_custom_dma/software/nios_custom_dma_bsp/\libhal_bsp.a(altera_avalon_jtag_uart_write.o)
                              c:/Users/ailen/Desktop/licenta/Nios_custom_dma/software/nios_custom_dma_bsp/\libhal_bsp.a(alt_write.o) (altera_avalon_jtag_uart_write)
c:/Users/ailen/Desktop/licenta/Nios_custom_dma/software/nios_custom_dma_bsp/\libhal_bsp.a(alt_dcache_flush_all.o)
                              c:/Users/ailen/Desktop/licenta/Nios_custom_dma/software/nios_custom_dma_bsp/\libhal_bsp.a(alt_load.o) (alt_dcache_flush_all)
c:/Users/ailen/Desktop/licenta/Nios_custom_dma/software/nios_custom_dma_bsp/\libhal_bsp.a(alt_errno.o)
                              c:/Users/ailen/Desktop/licenta/Nios_custom_dma/software/nios_custom_dma_bsp/\libhal_bsp.a(alt_write.o) (alt_errno)
c:/Users/ailen/Desktop/licenta/Nios_custom_dma/software/nios_custom_dma_bsp/\libhal_bsp.a(alt_icache_flush_all.o)
                              c:/Users/ailen/Desktop/licenta/Nios_custom_dma/software/nios_custom_dma_bsp/\libhal_bsp.a(alt_load.o) (alt_icache_flush_all)
c:/Users/ailen/Desktop/licenta/Nios_custom_dma/software/nios_custom_dma_bsp/\libhal_bsp.a(altera_nios2_gen2_irq.o)
                              c:/Users/ailen/Desktop/licenta/Nios_custom_dma/software/nios_custom_dma_bsp/\libhal_bsp.a(alt_sys_init.o) (altera_nios2_gen2_irq_init)
c:/Users/ailen/Desktop/licenta/Nios_custom_dma/software/nios_custom_dma_bsp/\libhal_bsp.a(alt_icache_flush.o)
                              c:/Users/ailen/Desktop/licenta/Nios_custom_dma/software/nios_custom_dma_bsp/\libhal_bsp.a(alt_icache_flush_all.o) (alt_icache_flush)
c:/intelfpga_lite/22.1std/nios2eds/bin/gnu/h-x86_64-mingw32/bin/../lib/gcc/nios2-elf/12.1.1/../../../../../H-x86_64-mingw32/nios2-elf/lib\libsmallc.a(lib_a-memcpy.o)
                              c:/Users/ailen/Desktop/licenta/Nios_custom_dma/software/nios_custom_dma_bsp/\libhal_bsp.a(alt_load.o) (memcpy)

Memory Configuration

Name             Origin             Length             Attributes
reset            0x0000000000020000 0x0000000000000020
program          0x0000000000020020 0x0000000000013fe0
src_ram          0x0000000000040000 0x0000000000001000
dst_ram          0x0000000000041000 0x0000000000001000
*default*        0x0000000000000000 0xffffffffffffffff

Linker script and memory map

LOAD c:/Users/ailen/Desktop/licenta/Nios_custom_dma/software/nios_custom_dma_bsp//obj/HAL/src/crt0.o
LOAD obj/default/hello_world_small.o
LOAD c:/intelfpga_lite/22.1std/nios2eds/bin/gnu/h-x86_64-mingw32/bin/../lib/gcc/nios2-elf/12.1.1/../../../../../H-x86_64-mingw32/nios2-elf/lib\libstdc++.a
LOAD c:/intelfpga_lite/22.1std/nios2eds/bin/gnu/h-x86_64-mingw32/bin/../lib/gcc/nios2-elf/12.1.1/../../../../../H-x86_64-mingw32/nios2-elf/lib\libm.a
LOAD c:/intelfpga_lite/22.1std/nios2eds/bin/gnu/h-x86_64-mingw32/bin/../lib/gcc/nios2-elf/12.1.1\libgcc.a
START GROUP
LOAD c:/intelfpga_lite/22.1std/nios2eds/bin/gnu/h-x86_64-mingw32/bin/../lib/gcc/nios2-elf/12.1.1/../../../../../H-x86_64-mingw32/nios2-elf/lib\libsmallc.a
LOAD c:/intelfpga_lite/22.1std/nios2eds/bin/gnu/h-x86_64-mingw32/bin/../lib/gcc/nios2-elf/12.1.1\libgcc.a
LOAD c:/Users/ailen/Desktop/licenta/Nios_custom_dma/software/nios_custom_dma_bsp/\libhal_bsp.a
LOAD c:/intelfpga_lite/22.1std/nios2eds/bin/gnu/h-x86_64-mingw32/bin/../lib/gcc/nios2-elf/12.1.1/../../../../../H-x86_64-mingw32/nios2-elf/lib\libm.a
END GROUP
LOAD c:/intelfpga_lite/22.1std/nios2eds/bin/gnu/h-x86_64-mingw32/bin/../lib/gcc/nios2-elf/12.1.1\libgcc.a
                0x0000000000020000                __alt_mem_program = 0x20000
                0x0000000000040000                __alt_mem_src_ram = 0x40000
                0x0000000000041000                __alt_mem_dst_ram = 0x41000

.entry          0x0000000000020000       0x20
 *(.entry)
 .entry         0x0000000000020000       0x20 c:/Users/ailen/Desktop/licenta/Nios_custom_dma/software/nios_custom_dma_bsp//obj/HAL/src/crt0.o
                0x0000000000020000                __reset
                0x000000000002001c                _exit

.exceptions     0x0000000000020020        0x0
                0x0000000000020020                PROVIDE (__ram_exceptions_start = ABSOLUTE (.))
                0x0000000000020020                . = ALIGN (0x20)
 *(.irq)
 *(.exceptions.entry.label)
 *(.exceptions.entry.user)
 *(.exceptions.entry.ecc_fatal)
 *(.exceptions.entry)
 *(.exceptions.irqtest.user)
 *(.exceptions.irqtest)
 *(.exceptions.irqhandler.user)
 *(.exceptions.irqhandler)
 *(.exceptions.irqreturn.user)
 *(.exceptions.irqreturn)
 *(.exceptions.notirq.label)
 *(.exceptions.notirq.user)
 *(.exceptions.notirq)
 *(.exceptions.soft.user)
 *(.exceptions.soft)
 *(.exceptions.unknown.user)
 *(.exceptions.unknown)
 *(.exceptions.exit.label)
 *(.exceptions.exit.user)
 *(.exceptions.exit)
 *(.exceptions)
                0x0000000000020020                PROVIDE (__ram_exceptions_end = ABSOLUTE (.))
                0x0000000000020020                PROVIDE (__flash_exceptions_start = LOADADDR (.exceptions))

.text           0x0000000000020020     0x15fc
                [!provide]                        PROVIDE (stext = ABSOLUTE (.))
 *(.interp)
 *(.hash)
 *(.dynsym)
 *(.dynstr)
 *(.gnu.version)
 *(.gnu.version_d)
 *(.gnu.version_r)
 *(.rel.init)
 *(.rela.init)
 *(.rel.text .rel.text.* .rel.gnu.linkonce.t.*)
 *(.rela.text .rela.text.* .rela.gnu.linkonce.t.*)
 *(.rel.fini)
 *(.rela.fini)
 *(.rel.rodata .rel.rodata.* .rel.gnu.linkonce.r.*)
 *(.rela.rodata .rela.rodata.* .rela.gnu.linkonce.r.*)
 *(.rel.data .rel.data.* .rel.gnu.linkonce.d.*)
 *(.rela.data .rela.data.* .rela.gnu.linkonce.d.*)
 *(.rel.tdata .rel.tdata.* .rel.gnu.linkonce.td.*)
 *(.rela.tdata .rela.tdata.* .rela.gnu.linkonce.td.*)
 *(.rel.tbss .rel.tbss.* .rel.gnu.linkonce.tb.*)
 *(.rela.tbss .rela.tbss.* .rela.gnu.linkonce.tb.*)
 *(.rel.ctors)
 *(.rela.ctors)
 *(.rel.dtors)
 *(.rela.dtors)
 *(.rel.got)
 *(.rela.got)
 *(.rel.sdata .rel.sdata.* .rel.gnu.linkonce.s.*)
 *(.rela.sdata .rela.sdata.* .rela.gnu.linkonce.s.*)
 *(.rel.sbss .rel.sbss.* .rel.gnu.linkonce.sb.*)
 *(.rela.sbss .rela.sbss.* .rela.gnu.linkonce.sb.*)
 *(.rel.sdata2 .rel.sdata2.* .rel.gnu.linkonce.s2.*)
 *(.rela.sdata2 .rela.sdata2.* .rela.gnu.linkonce.s2.*)
 *(.rel.sbss2 .rel.sbss2.* .rel.gnu.linkonce.sb2.*)
 *(.rela.sbss2 .rela.sbss2.* .rela.gnu.linkonce.sb2.*)
 *(.rel.bss .rel.bss.* .rel.gnu.linkonce.b.*)
 *(.rela.bss .rela.bss.* .rela.gnu.linkonce.b.*)
 *(.rel.plt)
 *(.rela.plt)
 *(.rel.dyn)
 *(.init)
 *(.plt)
 *(.text .stub .text.* .gnu.linkonce.t.*)
 .text          0x0000000000020020       0x4c c:/Users/ailen/Desktop/licenta/Nios_custom_dma/software/nios_custom_dma_bsp//obj/HAL/src/crt0.o
                0x0000000000020020                _start
 .text          0x000000000002006c      0x148 obj/default/hello_world_small.o
                0x000000000002006c                burst_dma
                0x0000000000020090                pipelined_dma
                0x00000000000200b4                block_dma
                0x00000000000200d8                simple_dma
                0x00000000000200fc                init_src
                0x000000000002011c                check_dst
                0x0000000000020148                print
                0x00000000000201a8                clr_dst
 .text.startup  0x00000000000201b4      0x4d0 obj/default/hello_world_small.o
                0x00000000000201b4                main
 .text          0x0000000000020684        0x0 c:/intelfpga_lite/22.1std/nios2eds/bin/gnu/h-x86_64-mingw32/bin/../lib/gcc/nios2-elf/12.1.1/../../../../../H-x86_64-mingw32/nios2-elf/lib\libsmallc.a(lib_a-malloc.o)
 .text.malloc   0x0000000000020684       0x10 c:/intelfpga_lite/22.1std/nios2eds/bin/gnu/h-x86_64-mingw32/bin/../lib/gcc/nios2-elf/12.1.1/../../../../../H-x86_64-mingw32/nios2-elf/lib\libsmallc.a(lib_a-malloc.o)
                0x0000000000020684                malloc
 .text.free     0x0000000000020694       0x10 c:/intelfpga_lite/22.1std/nios2eds/bin/gnu/h-x86_64-mingw32/bin/../lib/gcc/nios2-elf/12.1.1/../../../../../H-x86_64-mingw32/nios2-elf/lib\libsmallc.a(lib_a-malloc.o)
                0x0000000000020694                free
 .text          0x00000000000206a4        0x0 c:/intelfpga_lite/22.1std/nios2eds/bin/gnu/h-x86_64-mingw32/bin/../lib/gcc/nios2-elf/12.1.1/../../../../../H-x86_64-mingw32/nios2-elf/lib\libsmallc.a(lib_a-memset.o)
 .text.memset   0x00000000000206a4       0x20 c:/intelfpga_lite/22.1std/nios2eds/bin/gnu/h-x86_64-mingw32/bin/../lib/gcc/nios2-elf/12.1.1/../../../../../H-x86_64-mingw32/nios2-elf/lib\libsmallc.a(lib_a-memset.o)
                0x00000000000206a4                memset
 .text          0x00000000000206c4        0x0 c:/intelfpga_lite/22.1std/nios2eds/bin/gnu/h-x86_64-mingw32/bin/../lib/gcc/nios2-elf/12.1.1/../../../../../H-x86_64-mingw32/nios2-elf/lib\libsmallc.a(lib_a-nano-freer.o)
 .text._free_r  0x00000000000206c4      0x100 c:/intelfpga_lite/22.1std/nios2eds/bin/gnu/h-x86_64-mingw32/bin/../lib/gcc/nios2-elf/12.1.1/../../../../../H-x86_64-mingw32/nios2-elf/lib\libsmallc.a(lib_a-nano-freer.o)
                0x00000000000206c4                _free_r
 .text          0x00000000000207c4        0x0 c:/intelfpga_lite/22.1std/nios2eds/bin/gnu/h-x86_64-mingw32/bin/../lib/gcc/nios2-elf/12.1.1/../../../../../H-x86_64-mingw32/nios2-elf/lib\libsmallc.a(lib_a-nano-mallocr.o)
 .text.sbrk_aligned
                0x00000000000207c4       0x8c c:/intelfpga_lite/22.1std/nios2eds/bin/gnu/h-x86_64-mingw32/bin/../lib/gcc/nios2-elf/12.1.1/../../../../../H-x86_64-mingw32/nios2-elf/lib\libsmallc.a(lib_a-nano-mallocr.o)
 .text._malloc_r
                0x0000000000020850      0x1c4 c:/intelfpga_lite/22.1std/nios2eds/bin/gnu/h-x86_64-mingw32/bin/../lib/gcc/nios2-elf/12.1.1/../../../../../H-x86_64-mingw32/nios2-elf/lib\libsmallc.a(lib_a-nano-mallocr.o)
                0x0000000000020850                _malloc_r
 .text          0x0000000000020a14        0x0 c:/intelfpga_lite/22.1std/nios2eds/bin/gnu/h-x86_64-mingw32/bin/../lib/gcc/nios2-elf/12.1.1/../../../../../H-x86_64-mingw32/nios2-elf/lib\libsmallc.a(lib_a-printf.o)
 .text._printf_r
                0x0000000000020a14       0x3c c:/intelfpga_lite/22.1std/nios2eds/bin/gnu/h-x86_64-mingw32/bin/../lib/gcc/nios2-elf/12.1.1/../../../../../H-x86_64-mingw32/nios2-elf/lib\libsmallc.a(lib_a-printf.o)
                0x0000000000020a14                _printf_r
 .text.printf   0x0000000000020a50       0x48 c:/intelfpga_lite/22.1std/nios2eds/bin/gnu/h-x86_64-mingw32/bin/../lib/gcc/nios2-elf/12.1.1/../../../../../H-x86_64-mingw32/nios2-elf/lib\libsmallc.a(lib_a-printf.o)
                0x0000000000020a50                printf
 .text          0x0000000000020a98        0x0 c:/intelfpga_lite/22.1std/nios2eds/bin/gnu/h-x86_64-mingw32/bin/../lib/gcc/nios2-elf/12.1.1/../../../../../H-x86_64-mingw32/nios2-elf/lib\libsmallc.a(lib_a-puts.o)
 .text._puts_r  0x0000000000020a98       0x80 c:/intelfpga_lite/22.1std/nios2eds/bin/gnu/h-x86_64-mingw32/bin/../lib/gcc/nios2-elf/12.1.1/../../../../../H-x86_64-mingw32/nios2-elf/lib\libsmallc.a(lib_a-puts.o)
                0x0000000000020a98                _puts_r
 .text.puts     0x0000000000020b18       0x10 c:/intelfpga_lite/22.1std/nios2eds/bin/gnu/h-x86_64-mingw32/bin/../lib/gcc/nios2-elf/12.1.1/../../../../../H-x86_64-mingw32/nios2-elf/lib\libsmallc.a(lib_a-puts.o)
                0x0000000000020b18                puts
 .text          0x0000000000020b28        0x0 c:/intelfpga_lite/22.1std/nios2eds/bin/gnu/h-x86_64-mingw32/bin/../lib/gcc/nios2-elf/12.1.1/../../../../../H-x86_64-mingw32/nios2-elf/lib\libsmallc.a(lib_a-sbrkr.o)
 .text._sbrk_r  0x0000000000020b28       0x48 c:/intelfpga_lite/22.1std/nios2eds/bin/gnu/h-x86_64-mingw32/bin/../lib/gcc/nios2-elf/12.1.1/../../../../../H-x86_64-mingw32/nios2-elf/lib\libsmallc.a(lib_a-sbrkr.o)
                0x0000000000020b28                _sbrk_r
 .text          0x0000000000020b70        0x0 c:/intelfpga_lite/22.1std/nios2eds/bin/gnu/h-x86_64-mingw32/bin/../lib/gcc/nios2-elf/12.1.1/../../../../../H-x86_64-mingw32/nios2-elf/lib\libsmallc.a(lib_a-strlen.o)
 .text.strlen   0x0000000000020b70       0x1c c:/intelfpga_lite/22.1std/nios2eds/bin/gnu/h-x86_64-mingw32/bin/../lib/gcc/nios2-elf/12.1.1/../../../../../H-x86_64-mingw32/nios2-elf/lib\libsmallc.a(lib_a-strlen.o)
                0x0000000000020b70                strlen
 .text          0x0000000000020b8c        0x0 c:/intelfpga_lite/22.1std/nios2eds/bin/gnu/h-x86_64-mingw32/bin/../lib/gcc/nios2-elf/12.1.1/../../../../../H-x86_64-mingw32/nios2-elf/lib\libsmallc.a(lib_a-vfprintf.o)
 .text.print_repeat
                0x0000000000020b8c       0x6c c:/intelfpga_lite/22.1std/nios2eds/bin/gnu/h-x86_64-mingw32/bin/../lib/gcc/nios2-elf/12.1.1/../../../../../H-x86_64-mingw32/nios2-elf/lib\libsmallc.a(lib_a-vfprintf.o)
 .text.___vfprintf_internal_r
                0x0000000000020bf8      0x4fc c:/intelfpga_lite/22.1std/nios2eds/bin/gnu/h-x86_64-mingw32/bin/../lib/gcc/nios2-elf/12.1.1/../../../../../H-x86_64-mingw32/nios2-elf/lib\libsmallc.a(lib_a-vfprintf.o)
                0x0000000000020bf8                ___vfprintf_internal_r
 .text.__vfprintf_internal
                0x00000000000210f4       0x18 c:/intelfpga_lite/22.1std/nios2eds/bin/gnu/h-x86_64-mingw32/bin/../lib/gcc/nios2-elf/12.1.1/../../../../../H-x86_64-mingw32/nios2-elf/lib\libsmallc.a(lib_a-vfprintf.o)
                0x00000000000210f4                __vfprintf_internal
 .text          0x000000000002110c        0x0 c:/intelfpga_lite/22.1std/nios2eds/bin/gnu/h-x86_64-mingw32/bin/../lib/gcc/nios2-elf/12.1.1/../../../../../H-x86_64-mingw32/nios2-elf/lib\libsmallc.a(lib_a-fvwrite_small_dev.o)
 .text.__sfvwrite_small_dev
                0x000000000002110c       0xa8 c:/intelfpga_lite/22.1std/nios2eds/bin/gnu/h-x86_64-mingw32/bin/../lib/gcc/nios2-elf/12.1.1/../../../../../H-x86_64-mingw32/nios2-elf/lib\libsmallc.a(lib_a-fvwrite_small_dev.o)
                0x000000000002110c                __sfvwrite_small_dev
 .text          0x00000000000211b4        0x0 c:/intelfpga_lite/22.1std/nios2eds/bin/gnu/h-x86_64-mingw32/bin/../lib/gcc/nios2-elf/12.1.1/../../../../../H-x86_64-mingw32/nios2-elf/lib\libsmallc.a(lib_a-impure.o)
 .text          0x00000000000211b4        0x0 c:/intelfpga_lite/22.1std/nios2eds/bin/gnu/h-x86_64-mingw32/bin/../lib/gcc/nios2-elf/12.1.1/../../../../../H-x86_64-mingw32/nios2-elf/lib\libsmallc.a(lib_a-int_errno.o)
 .text          0x00000000000211b4        0x0 c:/intelfpga_lite/22.1std/nios2eds/bin/gnu/h-x86_64-mingw32/bin/../lib/gcc/nios2-elf/12.1.1/../../../../../H-x86_64-mingw32/nios2-elf/lib\libsmallc.a(lib_a-writer.o)
 .text._write_r
                0x00000000000211b4       0x50 c:/intelfpga_lite/22.1std/nios2eds/bin/gnu/h-x86_64-mingw32/bin/../lib/gcc/nios2-elf/12.1.1/../../../../../H-x86_64-mingw32/nios2-elf/lib\libsmallc.a(lib_a-writer.o)
                0x00000000000211b4                _write_r
 .text          0x0000000000021204      0x1b4 c:/intelfpga_lite/22.1std/nios2eds/bin/gnu/h-x86_64-mingw32/bin/../lib/gcc/nios2-elf/12.1.1\libgcc.a(lib2-divmod.o)
                0x0000000000021204                __divsi3
                0x0000000000021284                __modsi3
                0x00000000000212f8                __udivsi3
                0x000000000002135c                __umodsi3
 .text          0x00000000000213b8       0x84 c:/Users/ailen/Desktop/licenta/Nios_custom_dma/software/nios_custom_dma_bsp/\libhal_bsp.a(alt_load.o)
                0x00000000000213b8                alt_load
 .text          0x000000000002143c       0x2c c:/Users/ailen/Desktop/licenta/Nios_custom_dma/software/nios_custom_dma_bsp/\libhal_bsp.a(alt_main.o)
                0x000000000002143c                alt_main
 .text          0x0000000000021468        0x8 c:/Users/ailen/Desktop/licenta/Nios_custom_dma/software/nios_custom_dma_bsp/\libhal_bsp.a(alt_malloc_lock.o)
                0x0000000000021468                __malloc_lock
                0x000000000002146c                __malloc_unlock
 .text          0x0000000000021470       0x4c c:/Users/ailen/Desktop/licenta/Nios_custom_dma/software/nios_custom_dma_bsp/\libhal_bsp.a(alt_sbrk.o)
                0x0000000000021470                sbrk
 .text          0x00000000000214bc       0x5c c:/Users/ailen/Desktop/licenta/Nios_custom_dma/software/nios_custom_dma_bsp/\libhal_bsp.a(alt_write.o)
                0x00000000000214bc                write
 .text          0x0000000000021518       0x24 c:/Users/ailen/Desktop/licenta/Nios_custom_dma/software/nios_custom_dma_bsp/\libhal_bsp.a(alt_sys_init.o)
                0x0000000000021518                alt_irq_init
                0x0000000000021538                alt_sys_init
 .text          0x000000000002153c       0x30 c:/Users/ailen/Desktop/licenta/Nios_custom_dma/software/nios_custom_dma_bsp/\libhal_bsp.a(altera_avalon_jtag_uart_write.o)
                0x000000000002153c                altera_avalon_jtag_uart_write
 .text          0x000000000002156c       0x18 c:/Users/ailen/Desktop/licenta/Nios_custom_dma/software/nios_custom_dma_bsp/\libhal_bsp.a(alt_dcache_flush_all.o)
                0x000000000002156c                alt_dcache_flush_all
 .text          0x0000000000021584        0x0 c:/Users/ailen/Desktop/licenta/Nios_custom_dma/software/nios_custom_dma_bsp/\libhal_bsp.a(alt_errno.o)
 .text          0x0000000000021584        0xc c:/Users/ailen/Desktop/licenta/Nios_custom_dma/software/nios_custom_dma_bsp/\libhal_bsp.a(alt_icache_flush_all.o)
                0x0000000000021584                alt_icache_flush_all
 .text          0x0000000000021590        0x8 c:/Users/ailen/Desktop/licenta/Nios_custom_dma/software/nios_custom_dma_bsp/\libhal_bsp.a(altera_nios2_gen2_irq.o)
                0x0000000000021590                altera_nios2_gen2_irq_init
 .text          0x0000000000021598       0x5c c:/Users/ailen/Desktop/licenta/Nios_custom_dma/software/nios_custom_dma_bsp/\libhal_bsp.a(alt_icache_flush.o)
                0x0000000000021598                alt_icache_flush
 .text          0x00000000000215f4        0x0 c:/intelfpga_lite/22.1std/nios2eds/bin/gnu/h-x86_64-mingw32/bin/../lib/gcc/nios2-elf/12.1.1/../../../../../H-x86_64-mingw32/nios2-elf/lib\libsmallc.a(lib_a-memcpy.o)
 .text.memcpy   0x00000000000215f4       0x28 c:/intelfpga_lite/22.1std/nios2eds/bin/gnu/h-x86_64-mingw32/bin/../lib/gcc/nios2-elf/12.1.1/../../../../../H-x86_64-mingw32/nios2-elf/lib\libsmallc.a(lib_a-memcpy.o)
                0x00000000000215f4                memcpy
 *(.gnu.warning.*)
 *(.fini)
                [!provide]                        PROVIDE (__etext = ABSOLUTE (.))
                [!provide]                        PROVIDE (_etext = ABSOLUTE (.))
                [!provide]                        PROVIDE (etext = ABSOLUTE (.))
 *(.eh_frame_hdr)
                0x000000000002161c                . = ALIGN (0x4)
                [!provide]                        PROVIDE (__preinit_array_start = ABSOLUTE (.))
 *(.preinit_array)
                [!provide]                        PROVIDE (__preinit_array_end = ABSOLUTE (.))
                [!provide]                        PROVIDE (__init_array_start = ABSOLUTE (.))
 *(.init_array)
                [!provide]                        PROVIDE (__init_array_end = ABSOLUTE (.))
                [!provide]                        PROVIDE (__fini_array_start = ABSOLUTE (.))
 *(.fini_array)
                [!provide]                        PROVIDE (__fini_array_end = ABSOLUTE (.))
 *(.eh_frame)
 *(.gcc_except_table .gcc_except_table.*)
 *(.dynamic)
                [!provide]                        PROVIDE (__CTOR_LIST__ = ABSOLUTE (.))
 *(.ctors)
 *(SORT_BY_NAME(.ctors.*))
                [!provide]                        PROVIDE (__CTOR_END__ = ABSOLUTE (.))
                [!provide]                        PROVIDE (__DTOR_LIST__ = ABSOLUTE (.))
 *(.dtors)
 *(SORT_BY_NAME(.dtors.*))
                [!provide]                        PROVIDE (__DTOR_END__ = ABSOLUTE (.))
 *(.jcr)
                0x000000000002161c                . = ALIGN (0x4)

.rodata         0x000000000002161c      0x184
                0x000000000002161c                PROVIDE (__ram_rodata_start = ABSOLUTE (.))
                0x000000000002161c                . = ALIGN (0x4)
 *(.rodata .rodata.* .gnu.linkonce.r.*)
 .rodata.str1.4
                0x000000000002161c      0x180 obj/default/hello_world_small.o
                                        0x184 (size before relaxing)
 .rodata._puts_r.str1.4
                0x000000000002179c        0x2 c:/intelfpga_lite/22.1std/nios2eds/bin/gnu/h-x86_64-mingw32/bin/../lib/gcc/nios2-elf/12.1.1/../../../../../H-x86_64-mingw32/nios2-elf/lib\libsmallc.a(lib_a-puts.o)
 *(.rodata1)
                0x00000000000217a0                . = ALIGN (0x4)
 *fill*         0x000000000002179e        0x2 
                0x00000000000217a0                PROVIDE (__ram_rodata_end = ABSOLUTE (.))
                0x000000000002161c                PROVIDE (__flash_rodata_start = LOADADDR (.rodata))

.rwdata         0x00000000000217a0       0xf8 load address 0x0000000000021898
                0x00000000000217a0                PROVIDE (__ram_rwdata_start = ABSOLUTE (.))
                0x00000000000217a0                . = ALIGN (0x4)
 *(.got.plt)
 *(.got)
 *(.data1)
 *(.data .data.* .gnu.linkonce.d.*)
 .data          0x00000000000217a0        0x0 c:/Users/ailen/Desktop/licenta/Nios_custom_dma/software/nios_custom_dma_bsp//obj/HAL/src/crt0.o
 .data          0x00000000000217a0        0x0 obj/default/hello_world_small.o
 .data          0x00000000000217a0        0x0 c:/intelfpga_lite/22.1std/nios2eds/bin/gnu/h-x86_64-mingw32/bin/../lib/gcc/nios2-elf/12.1.1/../../../../../H-x86_64-mingw32/nios2-elf/lib\libsmallc.a(lib_a-malloc.o)
 .data          0x00000000000217a0        0x0 c:/intelfpga_lite/22.1std/nios2eds/bin/gnu/h-x86_64-mingw32/bin/../lib/gcc/nios2-elf/12.1.1/../../../../../H-x86_64-mingw32/nios2-elf/lib\libsmallc.a(lib_a-memset.o)
 .data          0x00000000000217a0        0x0 c:/intelfpga_lite/22.1std/nios2eds/bin/gnu/h-x86_64-mingw32/bin/../lib/gcc/nios2-elf/12.1.1/../../../../../H-x86_64-mingw32/nios2-elf/lib\libsmallc.a(lib_a-nano-freer.o)
 .data          0x00000000000217a0        0x0 c:/intelfpga_lite/22.1std/nios2eds/bin/gnu/h-x86_64-mingw32/bin/../lib/gcc/nios2-elf/12.1.1/../../../../../H-x86_64-mingw32/nios2-elf/lib\libsmallc.a(lib_a-nano-mallocr.o)
 .data          0x00000000000217a0        0x0 c:/intelfpga_lite/22.1std/nios2eds/bin/gnu/h-x86_64-mingw32/bin/../lib/gcc/nios2-elf/12.1.1/../../../../../H-x86_64-mingw32/nios2-elf/lib\libsmallc.a(lib_a-printf.o)
 .data          0x00000000000217a0        0x0 c:/intelfpga_lite/22.1std/nios2eds/bin/gnu/h-x86_64-mingw32/bin/../lib/gcc/nios2-elf/12.1.1/../../../../../H-x86_64-mingw32/nios2-elf/lib\libsmallc.a(lib_a-puts.o)
 .data          0x00000000000217a0        0x0 c:/intelfpga_lite/22.1std/nios2eds/bin/gnu/h-x86_64-mingw32/bin/../lib/gcc/nios2-elf/12.1.1/../../../../../H-x86_64-mingw32/nios2-elf/lib\libsmallc.a(lib_a-sbrkr.o)
 .data          0x00000000000217a0        0x0 c:/intelfpga_lite/22.1std/nios2eds/bin/gnu/h-x86_64-mingw32/bin/../lib/gcc/nios2-elf/12.1.1/../../../../../H-x86_64-mingw32/nios2-elf/lib\libsmallc.a(lib_a-strlen.o)
 .data          0x00000000000217a0        0x0 c:/intelfpga_lite/22.1std/nios2eds/bin/gnu/h-x86_64-mingw32/bin/../lib/gcc/nios2-elf/12.1.1/../../../../../H-x86_64-mingw32/nios2-elf/lib\libsmallc.a(lib_a-vfprintf.o)
 .data          0x00000000000217a0        0x0 c:/intelfpga_lite/22.1std/nios2eds/bin/gnu/h-x86_64-mingw32/bin/../lib/gcc/nios2-elf/12.1.1/../../../../../H-x86_64-mingw32/nios2-elf/lib\libsmallc.a(lib_a-fvwrite_small_dev.o)
 .data          0x00000000000217a0        0x0 c:/intelfpga_lite/22.1std/nios2eds/bin/gnu/h-x86_64-mingw32/bin/../lib/gcc/nios2-elf/12.1.1/../../../../../H-x86_64-mingw32/nios2-elf/lib\libsmallc.a(lib_a-impure.o)
 .data.impure_data
                0x00000000000217a0       0xe4 c:/intelfpga_lite/22.1std/nios2eds/bin/gnu/h-x86_64-mingw32/bin/../lib/gcc/nios2-elf/12.1.1/../../../../../H-x86_64-mingw32/nios2-elf/lib\libsmallc.a(lib_a-impure.o)
 .data          0x0000000000021884        0x0 c:/intelfpga_lite/22.1std/nios2eds/bin/gnu/h-x86_64-mingw32/bin/../lib/gcc/nios2-elf/12.1.1/../../../../../H-x86_64-mingw32/nios2-elf/lib\libsmallc.a(lib_a-int_errno.o)
 .data          0x0000000000021884        0x0 c:/intelfpga_lite/22.1std/nios2eds/bin/gnu/h-x86_64-mingw32/bin/../lib/gcc/nios2-elf/12.1.1/../../../../../H-x86_64-mingw32/nios2-elf/lib\libsmallc.a(lib_a-writer.o)
 .data          0x0000000000021884        0x0 c:/intelfpga_lite/22.1std/nios2eds/bin/gnu/h-x86_64-mingw32/bin/../lib/gcc/nios2-elf/12.1.1\libgcc.a(lib2-divmod.o)
 .data          0x0000000000021884        0x0 c:/Users/ailen/Desktop/licenta/Nios_custom_dma/software/nios_custom_dma_bsp/\libhal_bsp.a(alt_load.o)
 .data          0x0000000000021884        0x0 c:/Users/ailen/Desktop/licenta/Nios_custom_dma/software/nios_custom_dma_bsp/\libhal_bsp.a(alt_main.o)
 .data          0x0000000000021884        0x0 c:/Users/ailen/Desktop/licenta/Nios_custom_dma/software/nios_custom_dma_bsp/\libhal_bsp.a(alt_malloc_lock.o)
 .data          0x0000000000021884        0x0 c:/Users/ailen/Desktop/licenta/Nios_custom_dma/software/nios_custom_dma_bsp/\libhal_bsp.a(alt_sbrk.o)
 .data          0x0000000000021884        0x0 c:/Users/ailen/Desktop/licenta/Nios_custom_dma/software/nios_custom_dma_bsp/\libhal_bsp.a(alt_write.o)
 .data          0x0000000000021884        0x0 c:/Users/ailen/Desktop/licenta/Nios_custom_dma/software/nios_custom_dma_bsp/\libhal_bsp.a(alt_sys_init.o)
 .data          0x0000000000021884        0x0 c:/Users/ailen/Desktop/licenta/Nios_custom_dma/software/nios_custom_dma_bsp/\libhal_bsp.a(altera_avalon_jtag_uart_write.o)
 .data          0x0000000000021884        0x0 c:/Users/ailen/Desktop/licenta/Nios_custom_dma/software/nios_custom_dma_bsp/\libhal_bsp.a(alt_dcache_flush_all.o)
 .data          0x0000000000021884        0x0 c:/Users/ailen/Desktop/licenta/Nios_custom_dma/software/nios_custom_dma_bsp/\libhal_bsp.a(alt_errno.o)
 .data          0x0000000000021884        0x0 c:/Users/ailen/Desktop/licenta/Nios_custom_dma/software/nios_custom_dma_bsp/\libhal_bsp.a(alt_icache_flush_all.o)
 .data          0x0000000000021884        0x0 c:/Users/ailen/Desktop/licenta/Nios_custom_dma/software/nios_custom_dma_bsp/\libhal_bsp.a(altera_nios2_gen2_irq.o)
 .data          0x0000000000021884        0x0 c:/Users/ailen/Desktop/licenta/Nios_custom_dma/software/nios_custom_dma_bsp/\libhal_bsp.a(alt_icache_flush.o)
 .data          0x0000000000021884        0x0 c:/intelfpga_lite/22.1std/nios2eds/bin/gnu/h-x86_64-mingw32/bin/../lib/gcc/nios2-elf/12.1.1/../../../../../H-x86_64-mingw32/nios2-elf/lib\libsmallc.a(lib_a-memcpy.o)
                0x0000000000029884                _gp = ABSOLUTE ((. + 0x8000))
                [!provide]                        PROVIDE (gp = _gp)
 *(.rwdata .rwdata.*)
 *(.sdata .sdata.* .gnu.linkonce.s.*)
 .sdata._global_impure_ptr
                0x0000000000021884        0x4 c:/intelfpga_lite/22.1std/nios2eds/bin/gnu/h-x86_64-mingw32/bin/../lib/gcc/nios2-elf/12.1.1/../../../../../H-x86_64-mingw32/nios2-elf/lib\libsmallc.a(lib_a-impure.o)
                0x0000000000021884                _global_impure_ptr
 .sdata._impure_ptr
                0x0000000000021888        0x4 c:/intelfpga_lite/22.1std/nios2eds/bin/gnu/h-x86_64-mingw32/bin/../lib/gcc/nios2-elf/12.1.1/../../../../../H-x86_64-mingw32/nios2-elf/lib\libsmallc.a(lib_a-impure.o)
                0x0000000000021888                _impure_ptr
 .sdata         0x000000000002188c        0x4 c:/Users/ailen/Desktop/licenta/Nios_custom_dma/software/nios_custom_dma_bsp/\libhal_bsp.a(alt_sbrk.o)
 .sdata         0x0000000000021890        0x4 c:/Users/ailen/Desktop/licenta/Nios_custom_dma/software/nios_custom_dma_bsp/\libhal_bsp.a(alt_sys_init.o)
                0x0000000000021890                jtag_uart_0
 .sdata         0x0000000000021894        0x4 c:/Users/ailen/Desktop/licenta/Nios_custom_dma/software/nios_custom_dma_bsp/\libhal_bsp.a(alt_errno.o)
                0x0000000000021894                alt_errno
 *(.sdata2 .sdata2.* .gnu.linkonce.s2.*)
                0x0000000000021898                . = ALIGN (0x4)
                0x0000000000021898                _edata = ABSOLUTE (.)
                [!provide]                        PROVIDE (edata = ABSOLUTE (.))
                0x0000000000021898                PROVIDE (__ram_rwdata_end = ABSOLUTE (.))
                0x0000000000021898                PROVIDE (__flash_rwdata_start = LOADADDR (.rwdata))

.bss            0x0000000000021990       0x18
                0x0000000000021990                __bss_start = ABSOLUTE (.)
                [!provide]                        PROVIDE (__sbss_start = ABSOLUTE (.))
                [!provide]                        PROVIDE (___sbss_start = ABSOLUTE (.))
 *(.dynsbss)
 *(.sbss .sbss.* .gnu.linkonce.sb.*)
 .sbss.__malloc_sbrk_start
                0x0000000000021990        0x4 c:/intelfpga_lite/22.1std/nios2eds/bin/gnu/h-x86_64-mingw32/bin/../lib/gcc/nios2-elf/12.1.1/../../../../../H-x86_64-mingw32/nios2-elf/lib\libsmallc.a(lib_a-nano-mallocr.o)
                0x0000000000021990                __malloc_sbrk_start
 .sbss.__malloc_free_list
                0x0000000000021994        0x4 c:/intelfpga_lite/22.1std/nios2eds/bin/gnu/h-x86_64-mingw32/bin/../lib/gcc/nios2-elf/12.1.1/../../../../../H-x86_64-mingw32/nios2-elf/lib\libsmallc.a(lib_a-nano-mallocr.o)
                0x0000000000021994                __malloc_free_list
 .sbss.errno    0x0000000000021998        0x4 c:/intelfpga_lite/22.1std/nios2eds/bin/gnu/h-x86_64-mingw32/bin/../lib/gcc/nios2-elf/12.1.1/../../../../../H-x86_64-mingw32/nios2-elf/lib\libsmallc.a(lib_a-int_errno.o)
                0x0000000000021998                errno
 .sbss          0x000000000002199c        0xc c:/Users/ailen/Desktop/licenta/Nios_custom_dma/software/nios_custom_dma_bsp/\libhal_bsp.a(alt_main.o)
                0x000000000002199c                alt_envp
                0x00000000000219a0                alt_argv
                0x00000000000219a4                alt_argc
 *(.sbss2 .sbss2.* .gnu.linkonce.sb2.*)
 *(.scommon)
                [!provide]                        PROVIDE (__sbss_end = ABSOLUTE (.))
                [!provide]                        PROVIDE (___sbss_end = ABSOLUTE (.))
 *(.dynbss)
 *(.bss .bss.* .gnu.linkonce.b.*)
 .bss           0x00000000000219a8        0x0 c:/Users/ailen/Desktop/licenta/Nios_custom_dma/software/nios_custom_dma_bsp//obj/HAL/src/crt0.o
 .bss           0x00000000000219a8        0x0 obj/default/hello_world_small.o
 .bss           0x00000000000219a8        0x0 c:/intelfpga_lite/22.1std/nios2eds/bin/gnu/h-x86_64-mingw32/bin/../lib/gcc/nios2-elf/12.1.1/../../../../../H-x86_64-mingw32/nios2-elf/lib\libsmallc.a(lib_a-malloc.o)
 .bss           0x00000000000219a8        0x0 c:/intelfpga_lite/22.1std/nios2eds/bin/gnu/h-x86_64-mingw32/bin/../lib/gcc/nios2-elf/12.1.1/../../../../../H-x86_64-mingw32/nios2-elf/lib\libsmallc.a(lib_a-memset.o)
 .bss           0x00000000000219a8        0x0 c:/intelfpga_lite/22.1std/nios2eds/bin/gnu/h-x86_64-mingw32/bin/../lib/gcc/nios2-elf/12.1.1/../../../../../H-x86_64-mingw32/nios2-elf/lib\libsmallc.a(lib_a-nano-freer.o)
 .bss           0x00000000000219a8        0x0 c:/intelfpga_lite/22.1std/nios2eds/bin/gnu/h-x86_64-mingw32/bin/../lib/gcc/nios2-elf/12.1.1/../../../../../H-x86_64-mingw32/nios2-elf/lib\libsmallc.a(lib_a-nano-mallocr.o)
 .bss           0x00000000000219a8        0x0 c:/intelfpga_lite/22.1std/nios2eds/bin/gnu/h-x86_64-mingw32/bin/../lib/gcc/nios2-elf/12.1.1/../../../../../H-x86_64-mingw32/nios2-elf/lib\libsmallc.a(lib_a-printf.o)
 .bss           0x00000000000219a8        0x0 c:/intelfpga_lite/22.1std/nios2eds/bin/gnu/h-x86_64-mingw32/bin/../lib/gcc/nios2-elf/12.1.1/../../../../../H-x86_64-mingw32/nios2-elf/lib\libsmallc.a(lib_a-puts.o)
 .bss           0x00000000000219a8        0x0 c:/intelfpga_lite/22.1std/nios2eds/bin/gnu/h-x86_64-mingw32/bin/../lib/gcc/nios2-elf/12.1.1/../../../../../H-x86_64-mingw32/nios2-elf/lib\libsmallc.a(lib_a-sbrkr.o)
 .bss           0x00000000000219a8        0x0 c:/intelfpga_lite/22.1std/nios2eds/bin/gnu/h-x86_64-mingw32/bin/../lib/gcc/nios2-elf/12.1.1/../../../../../H-x86_64-mingw32/nios2-elf/lib\libsmallc.a(lib_a-strlen.o)
 .bss           0x00000000000219a8        0x0 c:/intelfpga_lite/22.1std/nios2eds/bin/gnu/h-x86_64-mingw32/bin/../lib/gcc/nios2-elf/12.1.1/../../../../../H-x86_64-mingw32/nios2-elf/lib\libsmallc.a(lib_a-vfprintf.o)
 .bss           0x00000000000219a8        0x0 c:/intelfpga_lite/22.1std/nios2eds/bin/gnu/h-x86_64-mingw32/bin/../lib/gcc/nios2-elf/12.1.1/../../../../../H-x86_64-mingw32/nios2-elf/lib\libsmallc.a(lib_a-fvwrite_small_dev.o)
 .bss           0x00000000000219a8        0x0 c:/intelfpga_lite/22.1std/nios2eds/bin/gnu/h-x86_64-mingw32/bin/../lib/gcc/nios2-elf/12.1.1/../../../../../H-x86_64-mingw32/nios2-elf/lib\libsmallc.a(lib_a-impure.o)
 .bss           0x00000000000219a8        0x0 c:/intelfpga_lite/22.1std/nios2eds/bin/gnu/h-x86_64-mingw32/bin/../lib/gcc/nios2-elf/12.1.1/../../../../../H-x86_64-mingw32/nios2-elf/lib\libsmallc.a(lib_a-int_errno.o)
 .bss           0x00000000000219a8        0x0 c:/intelfpga_lite/22.1std/nios2eds/bin/gnu/h-x86_64-mingw32/bin/../lib/gcc/nios2-elf/12.1.1/../../../../../H-x86_64-mingw32/nios2-elf/lib\libsmallc.a(lib_a-writer.o)
 .bss           0x00000000000219a8        0x0 c:/intelfpga_lite/22.1std/nios2eds/bin/gnu/h-x86_64-mingw32/bin/../lib/gcc/nios2-elf/12.1.1\libgcc.a(lib2-divmod.o)
 .bss           0x00000000000219a8        0x0 c:/Users/ailen/Desktop/licenta/Nios_custom_dma/software/nios_custom_dma_bsp/\libhal_bsp.a(alt_load.o)
 .bss           0x00000000000219a8        0x0 c:/Users/ailen/Desktop/licenta/Nios_custom_dma/software/nios_custom_dma_bsp/\libhal_bsp.a(alt_main.o)
 .bss           0x00000000000219a8        0x0 c:/Users/ailen/Desktop/licenta/Nios_custom_dma/software/nios_custom_dma_bsp/\libhal_bsp.a(alt_malloc_lock.o)
 .bss           0x00000000000219a8        0x0 c:/Users/ailen/Desktop/licenta/Nios_custom_dma/software/nios_custom_dma_bsp/\libhal_bsp.a(alt_sbrk.o)
 .bss           0x00000000000219a8        0x0 c:/Users/ailen/Desktop/licenta/Nios_custom_dma/software/nios_custom_dma_bsp/\libhal_bsp.a(alt_write.o)
 .bss           0x00000000000219a8        0x0 c:/Users/ailen/Desktop/licenta/Nios_custom_dma/software/nios_custom_dma_bsp/\libhal_bsp.a(alt_sys_init.o)
 .bss           0x00000000000219a8        0x0 c:/Users/ailen/Desktop/licenta/Nios_custom_dma/software/nios_custom_dma_bsp/\libhal_bsp.a(altera_avalon_jtag_uart_write.o)
 .bss           0x00000000000219a8        0x0 c:/Users/ailen/Desktop/licenta/Nios_custom_dma/software/nios_custom_dma_bsp/\libhal_bsp.a(alt_dcache_flush_all.o)
 .bss           0x00000000000219a8        0x0 c:/Users/ailen/Desktop/licenta/Nios_custom_dma/software/nios_custom_dma_bsp/\libhal_bsp.a(alt_errno.o)
 .bss           0x00000000000219a8        0x0 c:/Users/ailen/Desktop/licenta/Nios_custom_dma/software/nios_custom_dma_bsp/\libhal_bsp.a(alt_icache_flush_all.o)
 .bss           0x00000000000219a8        0x0 c:/Users/ailen/Desktop/licenta/Nios_custom_dma/software/nios_custom_dma_bsp/\libhal_bsp.a(altera_nios2_gen2_irq.o)
 .bss           0x00000000000219a8        0x0 c:/Users/ailen/Desktop/licenta/Nios_custom_dma/software/nios_custom_dma_bsp/\libhal_bsp.a(alt_icache_flush.o)
 .bss           0x00000000000219a8        0x0 c:/intelfpga_lite/22.1std/nios2eds/bin/gnu/h-x86_64-mingw32/bin/../lib/gcc/nios2-elf/12.1.1/../../../../../H-x86_64-mingw32/nios2-elf/lib\libsmallc.a(lib_a-memcpy.o)
 *(COMMON)
                0x00000000000219a8                . = ALIGN (0x4)
                0x00000000000219a8                __bss_end = ABSOLUTE (.)

.program        0x00000000000219a8        0x0
                [!provide]                        PROVIDE (_alt_partition_program_start = ABSOLUTE (.))
 *(.program .program. program.*)
                0x00000000000219a8                . = ALIGN (0x4)
                [!provide]                        PROVIDE (_alt_partition_program_end = ABSOLUTE (.))
                0x00000000000219a8                _end = ABSOLUTE (.)
                0x00000000000219a8                end = ABSOLUTE (.)
                0x00000000000219a8                __alt_stack_base = ABSOLUTE (.)
                [!provide]                        PROVIDE (_alt_partition_program_load_addr = LOADADDR (.program))

.src_ram        0x0000000000040000        0x0 load address 0x00000000000219a8
                [!provide]                        PROVIDE (_alt_partition_src_ram_start = ABSOLUTE (.))
 *(.src_ram .src_ram. src_ram.*)
                0x0000000000040000                . = ALIGN (0x4)
                [!provide]                        PROVIDE (_alt_partition_src_ram_end = ABSOLUTE (.))
                [!provide]                        PROVIDE (_alt_partition_src_ram_load_addr = LOADADDR (.src_ram))

.dst_ram        0x0000000000041000        0x0 load address 0x00000000000219a8
                [!provide]                        PROVIDE (_alt_partition_dst_ram_start = ABSOLUTE (.))
 *(.dst_ram .dst_ram. dst_ram.*)
                0x0000000000041000                . = ALIGN (0x4)
                [!provide]                        PROVIDE (_alt_partition_dst_ram_end = ABSOLUTE (.))
                [!provide]                        PROVIDE (_alt_partition_dst_ram_load_addr = LOADADDR (.dst_ram))

.stab
 *(.stab)

.stabstr
 *(.stabstr)

.stab.excl
 *(.stab.excl)

.stab.exclstr
 *(.stab.exclstr)

.stab.index
 *(.stab.index)

.stab.indexstr
 *(.stab.indexstr)

.comment        0x0000000000000000       0x2d
 *(.comment)
 .comment       0x0000000000000000       0x2d obj/default/hello_world_small.o
                                         0x2e (size before relaxing)
 .comment       0x000000000000002d       0x2e c:/intelfpga_lite/22.1std/nios2eds/bin/gnu/h-x86_64-mingw32/bin/../lib/gcc/nios2-elf/12.1.1/../../../../../H-x86_64-mingw32/nios2-elf/lib\libsmallc.a(lib_a-malloc.o)
 .comment       0x000000000000002d       0x2e c:/intelfpga_lite/22.1std/nios2eds/bin/gnu/h-x86_64-mingw32/bin/../lib/gcc/nios2-elf/12.1.1/../../../../../H-x86_64-mingw32/nios2-elf/lib\libsmallc.a(lib_a-memset.o)
 .comment       0x000000000000002d       0x2e c:/intelfpga_lite/22.1std/nios2eds/bin/gnu/h-x86_64-mingw32/bin/../lib/gcc/nios2-elf/12.1.1/../../../../../H-x86_64-mingw32/nios2-elf/lib\libsmallc.a(lib_a-nano-freer.o)
 .comment       0x000000000000002d       0x2e c:/intelfpga_lite/22.1std/nios2eds/bin/gnu/h-x86_64-mingw32/bin/../lib/gcc/nios2-elf/12.1.1/../../../../../H-x86_64-mingw32/nios2-elf/lib\libsmallc.a(lib_a-nano-mallocr.o)
 .comment       0x000000000000002d       0x2e c:/intelfpga_lite/22.1std/nios2eds/bin/gnu/h-x86_64-mingw32/bin/../lib/gcc/nios2-elf/12.1.1/../../../../../H-x86_64-mingw32/nios2-elf/lib\libsmallc.a(lib_a-printf.o)
 .comment       0x000000000000002d       0x2e c:/intelfpga_lite/22.1std/nios2eds/bin/gnu/h-x86_64-mingw32/bin/../lib/gcc/nios2-elf/12.1.1/../../../../../H-x86_64-mingw32/nios2-elf/lib\libsmallc.a(lib_a-puts.o)
 .comment       0x000000000000002d       0x2e c:/intelfpga_lite/22.1std/nios2eds/bin/gnu/h-x86_64-mingw32/bin/../lib/gcc/nios2-elf/12.1.1/../../../../../H-x86_64-mingw32/nios2-elf/lib\libsmallc.a(lib_a-sbrkr.o)
 .comment       0x000000000000002d       0x2e c:/intelfpga_lite/22.1std/nios2eds/bin/gnu/h-x86_64-mingw32/bin/../lib/gcc/nios2-elf/12.1.1/../../../../../H-x86_64-mingw32/nios2-elf/lib\libsmallc.a(lib_a-strlen.o)
 .comment       0x000000000000002d       0x2e c:/intelfpga_lite/22.1std/nios2eds/bin/gnu/h-x86_64-mingw32/bin/../lib/gcc/nios2-elf/12.1.1/../../../../../H-x86_64-mingw32/nios2-elf/lib\libsmallc.a(lib_a-vfprintf.o)
 .comment       0x000000000000002d       0x2e c:/intelfpga_lite/22.1std/nios2eds/bin/gnu/h-x86_64-mingw32/bin/../lib/gcc/nios2-elf/12.1.1/../../../../../H-x86_64-mingw32/nios2-elf/lib\libsmallc.a(lib_a-fvwrite_small_dev.o)
 .comment       0x000000000000002d       0x2e c:/intelfpga_lite/22.1std/nios2eds/bin/gnu/h-x86_64-mingw32/bin/../lib/gcc/nios2-elf/12.1.1/../../../../../H-x86_64-mingw32/nios2-elf/lib\libsmallc.a(lib_a-impure.o)
 .comment       0x000000000000002d       0x2e c:/intelfpga_lite/22.1std/nios2eds/bin/gnu/h-x86_64-mingw32/bin/../lib/gcc/nios2-elf/12.1.1/../../../../../H-x86_64-mingw32/nios2-elf/lib\libsmallc.a(lib_a-int_errno.o)
 .comment       0x000000000000002d       0x2e c:/intelfpga_lite/22.1std/nios2eds/bin/gnu/h-x86_64-mingw32/bin/../lib/gcc/nios2-elf/12.1.1/../../../../../H-x86_64-mingw32/nios2-elf/lib\libsmallc.a(lib_a-writer.o)
 .comment       0x000000000000002d       0x2e c:/intelfpga_lite/22.1std/nios2eds/bin/gnu/h-x86_64-mingw32/bin/../lib/gcc/nios2-elf/12.1.1\libgcc.a(lib2-divmod.o)
 .comment       0x000000000000002d       0x2e c:/Users/ailen/Desktop/licenta/Nios_custom_dma/software/nios_custom_dma_bsp/\libhal_bsp.a(alt_load.o)
 .comment       0x000000000000002d       0x2e c:/Users/ailen/Desktop/licenta/Nios_custom_dma/software/nios_custom_dma_bsp/\libhal_bsp.a(alt_main.o)
 .comment       0x000000000000002d       0x2e c:/Users/ailen/Desktop/licenta/Nios_custom_dma/software/nios_custom_dma_bsp/\libhal_bsp.a(alt_malloc_lock.o)
 .comment       0x000000000000002d       0x2e c:/Users/ailen/Desktop/licenta/Nios_custom_dma/software/nios_custom_dma_bsp/\libhal_bsp.a(alt_sbrk.o)
 .comment       0x000000000000002d       0x2e c:/Users/ailen/Desktop/licenta/Nios_custom_dma/software/nios_custom_dma_bsp/\libhal_bsp.a(alt_write.o)
 .comment       0x000000000000002d       0x2e c:/Users/ailen/Desktop/licenta/Nios_custom_dma/software/nios_custom_dma_bsp/\libhal_bsp.a(alt_sys_init.o)
 .comment       0x000000000000002d       0x2e c:/Users/ailen/Desktop/licenta/Nios_custom_dma/software/nios_custom_dma_bsp/\libhal_bsp.a(altera_avalon_jtag_uart_write.o)
 .comment       0x000000000000002d       0x2e c:/Users/ailen/Desktop/licenta/Nios_custom_dma/software/nios_custom_dma_bsp/\libhal_bsp.a(alt_dcache_flush_all.o)
 .comment       0x000000000000002d       0x2e c:/Users/ailen/Desktop/licenta/Nios_custom_dma/software/nios_custom_dma_bsp/\libhal_bsp.a(alt_errno.o)
 .comment       0x000000000000002d       0x2e c:/Users/ailen/Desktop/licenta/Nios_custom_dma/software/nios_custom_dma_bsp/\libhal_bsp.a(alt_icache_flush_all.o)
 .comment       0x000000000000002d       0x2e c:/Users/ailen/Desktop/licenta/Nios_custom_dma/software/nios_custom_dma_bsp/\libhal_bsp.a(altera_nios2_gen2_irq.o)
 .comment       0x000000000000002d       0x2e c:/Users/ailen/Desktop/licenta/Nios_custom_dma/software/nios_custom_dma_bsp/\libhal_bsp.a(alt_icache_flush.o)
 .comment       0x000000000000002d       0x2e c:/intelfpga_lite/22.1std/nios2eds/bin/gnu/h-x86_64-mingw32/bin/../lib/gcc/nios2-elf/12.1.1/../../../../../H-x86_64-mingw32/nios2-elf/lib\libsmallc.a(lib_a-memcpy.o)

.debug
 *(.debug)

.line
 *(.line)

.debug_srcinfo
 *(.debug_srcinfo)

.debug_sfnames
 *(.debug_sfnames)

.debug_aranges  0x0000000000000000      0x3c8
 *(.debug_aranges)
 .debug_aranges
                0x0000000000000000       0x28 c:/Users/ailen/Desktop/licenta/Nios_custom_dma/software/nios_custom_dma_bsp//obj/HAL/src/crt0.o
 .debug_aranges
                0x0000000000000028       0x28 obj/default/hello_world_small.o
 .debug_aranges
                0x0000000000000050       0x28 c:/intelfpga_lite/22.1std/nios2eds/bin/gnu/h-x86_64-mingw32/bin/../lib/gcc/nios2-elf/12.1.1/../../../../../H-x86_64-mingw32/nios2-elf/lib\libsmallc.a(lib_a-malloc.o)
 .debug_aranges
                0x0000000000000078       0x20 c:/intelfpga_lite/22.1std/nios2eds/bin/gnu/h-x86_64-mingw32/bin/../lib/gcc/nios2-elf/12.1.1/../../../../../H-x86_64-mingw32/nios2-elf/lib\libsmallc.a(lib_a-memset.o)
 .debug_aranges
                0x0000000000000098       0x20 c:/intelfpga_lite/22.1std/nios2eds/bin/gnu/h-x86_64-mingw32/bin/../lib/gcc/nios2-elf/12.1.1/../../../../../H-x86_64-mingw32/nios2-elf/lib\libsmallc.a(lib_a-nano-freer.o)
 .debug_aranges
                0x00000000000000b8       0x28 c:/intelfpga_lite/22.1std/nios2eds/bin/gnu/h-x86_64-mingw32/bin/../lib/gcc/nios2-elf/12.1.1/../../../../../H-x86_64-mingw32/nios2-elf/lib\libsmallc.a(lib_a-nano-mallocr.o)
 .debug_aranges
                0x00000000000000e0       0x28 c:/intelfpga_lite/22.1std/nios2eds/bin/gnu/h-x86_64-mingw32/bin/../lib/gcc/nios2-elf/12.1.1/../../../../../H-x86_64-mingw32/nios2-elf/lib\libsmallc.a(lib_a-printf.o)
 .debug_aranges
                0x0000000000000108       0x28 c:/intelfpga_lite/22.1std/nios2eds/bin/gnu/h-x86_64-mingw32/bin/../lib/gcc/nios2-elf/12.1.1/../../../../../H-x86_64-mingw32/nios2-elf/lib\libsmallc.a(lib_a-puts.o)
 .debug_aranges
                0x0000000000000130       0x20 c:/intelfpga_lite/22.1std/nios2eds/bin/gnu/h-x86_64-mingw32/bin/../lib/gcc/nios2-elf/12.1.1/../../../../../H-x86_64-mingw32/nios2-elf/lib\libsmallc.a(lib_a-sbrkr.o)
 .debug_aranges
                0x0000000000000150       0x20 c:/intelfpga_lite/22.1std/nios2eds/bin/gnu/h-x86_64-mingw32/bin/../lib/gcc/nios2-elf/12.1.1/../../../../../H-x86_64-mingw32/nios2-elf/lib\libsmallc.a(lib_a-strlen.o)
 .debug_aranges
                0x0000000000000170       0x30 c:/intelfpga_lite/22.1std/nios2eds/bin/gnu/h-x86_64-mingw32/bin/../lib/gcc/nios2-elf/12.1.1/../../../../../H-x86_64-mingw32/nios2-elf/lib\libsmallc.a(lib_a-vfprintf.o)
 .debug_aranges
                0x00000000000001a0       0x20 c:/intelfpga_lite/22.1std/nios2eds/bin/gnu/h-x86_64-mingw32/bin/../lib/gcc/nios2-elf/12.1.1/../../../../../H-x86_64-mingw32/nios2-elf/lib\libsmallc.a(lib_a-fvwrite_small_dev.o)
 .debug_aranges
                0x00000000000001c0       0x18 c:/intelfpga_lite/22.1std/nios2eds/bin/gnu/h-x86_64-mingw32/bin/../lib/gcc/nios2-elf/12.1.1/../../../../../H-x86_64-mingw32/nios2-elf/lib\libsmallc.a(lib_a-impure.o)
 .debug_aranges
                0x00000000000001d8       0x18 c:/intelfpga_lite/22.1std/nios2eds/bin/gnu/h-x86_64-mingw32/bin/../lib/gcc/nios2-elf/12.1.1/../../../../../H-x86_64-mingw32/nios2-elf/lib\libsmallc.a(lib_a-int_errno.o)
 .debug_aranges
                0x00000000000001f0       0x20 c:/intelfpga_lite/22.1std/nios2eds/bin/gnu/h-x86_64-mingw32/bin/../lib/gcc/nios2-elf/12.1.1/../../../../../H-x86_64-mingw32/nios2-elf/lib\libsmallc.a(lib_a-writer.o)
 .debug_aranges
                0x0000000000000210       0x20 c:/intelfpga_lite/22.1std/nios2eds/bin/gnu/h-x86_64-mingw32/bin/../lib/gcc/nios2-elf/12.1.1\libgcc.a(lib2-divmod.o)
 .debug_aranges
                0x0000000000000230       0x20 c:/Users/ailen/Desktop/licenta/Nios_custom_dma/software/nios_custom_dma_bsp/\libhal_bsp.a(alt_load.o)
 .debug_aranges
                0x0000000000000250       0x20 c:/Users/ailen/Desktop/licenta/Nios_custom_dma/software/nios_custom_dma_bsp/\libhal_bsp.a(alt_main.o)
 .debug_aranges
                0x0000000000000270       0x20 c:/Users/ailen/Desktop/licenta/Nios_custom_dma/software/nios_custom_dma_bsp/\libhal_bsp.a(alt_malloc_lock.o)
 .debug_aranges
                0x0000000000000290       0x20 c:/Users/ailen/Desktop/licenta/Nios_custom_dma/software/nios_custom_dma_bsp/\libhal_bsp.a(alt_sbrk.o)
 .debug_aranges
                0x00000000000002b0       0x20 c:/Users/ailen/Desktop/licenta/Nios_custom_dma/software/nios_custom_dma_bsp/\libhal_bsp.a(alt_write.o)
 .debug_aranges
                0x00000000000002d0       0x20 c:/Users/ailen/Desktop/licenta/Nios_custom_dma/software/nios_custom_dma_bsp/\libhal_bsp.a(alt_sys_init.o)
 .debug_aranges
                0x00000000000002f0       0x20 c:/Users/ailen/Desktop/licenta/Nios_custom_dma/software/nios_custom_dma_bsp/\libhal_bsp.a(altera_avalon_jtag_uart_write.o)
 .debug_aranges
                0x0000000000000310       0x20 c:/Users/ailen/Desktop/licenta/Nios_custom_dma/software/nios_custom_dma_bsp/\libhal_bsp.a(alt_dcache_flush_all.o)
 .debug_aranges
                0x0000000000000330       0x18 c:/Users/ailen/Desktop/licenta/Nios_custom_dma/software/nios_custom_dma_bsp/\libhal_bsp.a(alt_errno.o)
 .debug_aranges
                0x0000000000000348       0x20 c:/Users/ailen/Desktop/licenta/Nios_custom_dma/software/nios_custom_dma_bsp/\libhal_bsp.a(alt_icache_flush_all.o)
 .debug_aranges
                0x0000000000000368       0x20 c:/Users/ailen/Desktop/licenta/Nios_custom_dma/software/nios_custom_dma_bsp/\libhal_bsp.a(altera_nios2_gen2_irq.o)
 .debug_aranges
                0x0000000000000388       0x20 c:/Users/ailen/Desktop/licenta/Nios_custom_dma/software/nios_custom_dma_bsp/\libhal_bsp.a(alt_icache_flush.o)
 .debug_aranges
                0x00000000000003a8       0x20 c:/intelfpga_lite/22.1std/nios2eds/bin/gnu/h-x86_64-mingw32/bin/../lib/gcc/nios2-elf/12.1.1/../../../../../H-x86_64-mingw32/nios2-elf/lib\libsmallc.a(lib_a-memcpy.o)

.debug_pubnames
 *(.debug_pubnames)

.debug_info     0x0000000000000000     0x7134
 *(.debug_info .gnu.linkonce.wi.*)
 .debug_info    0x0000000000000000       0x22 c:/Users/ailen/Desktop/licenta/Nios_custom_dma/software/nios_custom_dma_bsp//obj/HAL/src/crt0.o
 .debug_info    0x0000000000000022      0x9ae obj/default/hello_world_small.o
 .debug_info    0x00000000000009d0      0x653 c:/intelfpga_lite/22.1std/nios2eds/bin/gnu/h-x86_64-mingw32/bin/../lib/gcc/nios2-elf/12.1.1/../../../../../H-x86_64-mingw32/nios2-elf/lib\libsmallc.a(lib_a-malloc.o)
 .debug_info    0x0000000000001023       0xe6 c:/intelfpga_lite/22.1std/nios2eds/bin/gnu/h-x86_64-mingw32/bin/../lib/gcc/nios2-elf/12.1.1/../../../../../H-x86_64-mingw32/nios2-elf/lib\libsmallc.a(lib_a-memset.o)
 .debug_info    0x0000000000001109      0x705 c:/intelfpga_lite/22.1std/nios2eds/bin/gnu/h-x86_64-mingw32/bin/../lib/gcc/nios2-elf/12.1.1/../../../../../H-x86_64-mingw32/nios2-elf/lib\libsmallc.a(lib_a-nano-freer.o)
 .debug_info    0x000000000000180e      0x88a c:/intelfpga_lite/22.1std/nios2eds/bin/gnu/h-x86_64-mingw32/bin/../lib/gcc/nios2-elf/12.1.1/../../../../../H-x86_64-mingw32/nios2-elf/lib\libsmallc.a(lib_a-nano-mallocr.o)
 .debug_info    0x0000000000002098      0x733 c:/intelfpga_lite/22.1std/nios2eds/bin/gnu/h-x86_64-mingw32/bin/../lib/gcc/nios2-elf/12.1.1/../../../../../H-x86_64-mingw32/nios2-elf/lib\libsmallc.a(lib_a-printf.o)
 .debug_info    0x00000000000027cb      0x6b9 c:/intelfpga_lite/22.1std/nios2eds/bin/gnu/h-x86_64-mingw32/bin/../lib/gcc/nios2-elf/12.1.1/../../../../../H-x86_64-mingw32/nios2-elf/lib\libsmallc.a(lib_a-puts.o)
 .debug_info    0x0000000000002e84      0x634 c:/intelfpga_lite/22.1std/nios2eds/bin/gnu/h-x86_64-mingw32/bin/../lib/gcc/nios2-elf/12.1.1/../../../../../H-x86_64-mingw32/nios2-elf/lib\libsmallc.a(lib_a-sbrkr.o)
 .debug_info    0x00000000000034b8       0xd1 c:/intelfpga_lite/22.1std/nios2eds/bin/gnu/h-x86_64-mingw32/bin/../lib/gcc/nios2-elf/12.1.1/../../../../../H-x86_64-mingw32/nios2-elf/lib\libsmallc.a(lib_a-strlen.o)
 .debug_info    0x0000000000003589      0xe43 c:/intelfpga_lite/22.1std/nios2eds/bin/gnu/h-x86_64-mingw32/bin/../lib/gcc/nios2-elf/12.1.1/../../../../../H-x86_64-mingw32/nios2-elf/lib\libsmallc.a(lib_a-vfprintf.o)
 .debug_info    0x00000000000043cc      0x691 c:/intelfpga_lite/22.1std/nios2eds/bin/gnu/h-x86_64-mingw32/bin/../lib/gcc/nios2-elf/12.1.1/../../../../../H-x86_64-mingw32/nios2-elf/lib\libsmallc.a(lib_a-fvwrite_small_dev.o)
 .debug_info    0x0000000000004a5d      0x5cf c:/intelfpga_lite/22.1std/nios2eds/bin/gnu/h-x86_64-mingw32/bin/../lib/gcc/nios2-elf/12.1.1/../../../../../H-x86_64-mingw32/nios2-elf/lib\libsmallc.a(lib_a-impure.o)
 .debug_info    0x000000000000502c       0x85 c:/intelfpga_lite/22.1std/nios2eds/bin/gnu/h-x86_64-mingw32/bin/../lib/gcc/nios2-elf/12.1.1/../../../../../H-x86_64-mingw32/nios2-elf/lib\libsmallc.a(lib_a-int_errno.o)
 .debug_info    0x00000000000050b1      0x671 c:/intelfpga_lite/22.1std/nios2eds/bin/gnu/h-x86_64-mingw32/bin/../lib/gcc/nios2-elf/12.1.1/../../../../../H-x86_64-mingw32/nios2-elf/lib\libsmallc.a(lib_a-writer.o)
 .debug_info    0x0000000000005722      0x347 c:/intelfpga_lite/22.1std/nios2eds/bin/gnu/h-x86_64-mingw32/bin/../lib/gcc/nios2-elf/12.1.1\libgcc.a(lib2-divmod.o)
 .debug_info    0x0000000000005a69      0x239 c:/Users/ailen/Desktop/licenta/Nios_custom_dma/software/nios_custom_dma_bsp/\libhal_bsp.a(alt_load.o)
 .debug_info    0x0000000000005ca2      0x13e c:/Users/ailen/Desktop/licenta/Nios_custom_dma/software/nios_custom_dma_bsp/\libhal_bsp.a(alt_main.o)
 .debug_info    0x0000000000005de0      0x8c9 c:/Users/ailen/Desktop/licenta/Nios_custom_dma/software/nios_custom_dma_bsp/\libhal_bsp.a(alt_malloc_lock.o)
 .debug_info    0x00000000000066a9      0x1c2 c:/Users/ailen/Desktop/licenta/Nios_custom_dma/software/nios_custom_dma_bsp/\libhal_bsp.a(alt_sbrk.o)
 .debug_info    0x000000000000686b      0x1a8 c:/Users/ailen/Desktop/licenta/Nios_custom_dma/software/nios_custom_dma_bsp/\libhal_bsp.a(alt_write.o)
 .debug_info    0x0000000000006a13      0x127 c:/Users/ailen/Desktop/licenta/Nios_custom_dma/software/nios_custom_dma_bsp/\libhal_bsp.a(alt_sys_init.o)
 .debug_info    0x0000000000006b3a      0x149 c:/Users/ailen/Desktop/licenta/Nios_custom_dma/software/nios_custom_dma_bsp/\libhal_bsp.a(altera_avalon_jtag_uart_write.o)
 .debug_info    0x0000000000006c83       0xa6 c:/Users/ailen/Desktop/licenta/Nios_custom_dma/software/nios_custom_dma_bsp/\libhal_bsp.a(alt_dcache_flush_all.o)
 .debug_info    0x0000000000006d29       0xa8 c:/Users/ailen/Desktop/licenta/Nios_custom_dma/software/nios_custom_dma_bsp/\libhal_bsp.a(alt_errno.o)
 .debug_info    0x0000000000006dd1       0xc9 c:/Users/ailen/Desktop/licenta/Nios_custom_dma/software/nios_custom_dma_bsp/\libhal_bsp.a(alt_icache_flush_all.o)
 .debug_info    0x0000000000006e9a       0x8d c:/Users/ailen/Desktop/licenta/Nios_custom_dma/software/nios_custom_dma_bsp/\libhal_bsp.a(altera_nios2_gen2_irq.o)
 .debug_info    0x0000000000006f27       0xec c:/Users/ailen/Desktop/licenta/Nios_custom_dma/software/nios_custom_dma_bsp/\libhal_bsp.a(alt_icache_flush.o)
 .debug_info    0x0000000000007013      0x121 c:/intelfpga_lite/22.1std/nios2eds/bin/gnu/h-x86_64-mingw32/bin/../lib/gcc/nios2-elf/12.1.1/../../../../../H-x86_64-mingw32/nios2-elf/lib\libsmallc.a(lib_a-memcpy.o)

.debug_abbrev   0x0000000000000000     0x2476
 *(.debug_abbrev)
 .debug_abbrev  0x0000000000000000       0x12 c:/Users/ailen/Desktop/licenta/Nios_custom_dma/software/nios_custom_dma_bsp//obj/HAL/src/crt0.o
 .debug_abbrev  0x0000000000000012      0x170 obj/default/hello_world_small.o
 .debug_abbrev  0x0000000000000182      0x1fa c:/intelfpga_lite/22.1std/nios2eds/bin/gnu/h-x86_64-mingw32/bin/../lib/gcc/nios2-elf/12.1.1/../../../../../H-x86_64-mingw32/nios2-elf/lib\libsmallc.a(lib_a-malloc.o)
 .debug_abbrev  0x000000000000037c       0x9e c:/intelfpga_lite/22.1std/nios2eds/bin/gnu/h-x86_64-mingw32/bin/../lib/gcc/nios2-elf/12.1.1/../../../../../H-x86_64-mingw32/nios2-elf/lib\libsmallc.a(lib_a-memset.o)
 .debug_abbrev  0x000000000000041a      0x266 c:/intelfpga_lite/22.1std/nios2eds/bin/gnu/h-x86_64-mingw32/bin/../lib/gcc/nios2-elf/12.1.1/../../../../../H-x86_64-mingw32/nios2-elf/lib\libsmallc.a(lib_a-nano-freer.o)
 .debug_abbrev  0x0000000000000680      0x26c c:/intelfpga_lite/22.1std/nios2eds/bin/gnu/h-x86_64-mingw32/bin/../lib/gcc/nios2-elf/12.1.1/../../../../../H-x86_64-mingw32/nios2-elf/lib\libsmallc.a(lib_a-nano-mallocr.o)
 .debug_abbrev  0x00000000000008ec      0x21e c:/intelfpga_lite/22.1std/nios2eds/bin/gnu/h-x86_64-mingw32/bin/../lib/gcc/nios2-elf/12.1.1/../../../../../H-x86_64-mingw32/nios2-elf/lib\libsmallc.a(lib_a-printf.o)
 .debug_abbrev  0x0000000000000b0a      0x20d c:/intelfpga_lite/22.1std/nios2eds/bin/gnu/h-x86_64-mingw32/bin/../lib/gcc/nios2-elf/12.1.1/../../../../../H-x86_64-mingw32/nios2-elf/lib\libsmallc.a(lib_a-puts.o)
 .debug_abbrev  0x0000000000000d17      0x1f1 c:/intelfpga_lite/22.1std/nios2eds/bin/gnu/h-x86_64-mingw32/bin/../lib/gcc/nios2-elf/12.1.1/../../../../../H-x86_64-mingw32/nios2-elf/lib\libsmallc.a(lib_a-sbrkr.o)
 .debug_abbrev  0x0000000000000f08       0x8c c:/intelfpga_lite/22.1std/nios2eds/bin/gnu/h-x86_64-mingw32/bin/../lib/gcc/nios2-elf/12.1.1/../../../../../H-x86_64-mingw32/nios2-elf/lib\libsmallc.a(lib_a-strlen.o)
 .debug_abbrev  0x0000000000000f94      0x2e6 c:/intelfpga_lite/22.1std/nios2eds/bin/gnu/h-x86_64-mingw32/bin/../lib/gcc/nios2-elf/12.1.1/../../../../../H-x86_64-mingw32/nios2-elf/lib\libsmallc.a(lib_a-vfprintf.o)
 .debug_abbrev  0x000000000000127a      0x1fb c:/intelfpga_lite/22.1std/nios2eds/bin/gnu/h-x86_64-mingw32/bin/../lib/gcc/nios2-elf/12.1.1/../../../../../H-x86_64-mingw32/nios2-elf/lib\libsmallc.a(lib_a-fvwrite_small_dev.o)
 .debug_abbrev  0x0000000000001475      0x185 c:/intelfpga_lite/22.1std/nios2eds/bin/gnu/h-x86_64-mingw32/bin/../lib/gcc/nios2-elf/12.1.1/../../../../../H-x86_64-mingw32/nios2-elf/lib\libsmallc.a(lib_a-impure.o)
 .debug_abbrev  0x00000000000015fa       0x39 c:/intelfpga_lite/22.1std/nios2eds/bin/gnu/h-x86_64-mingw32/bin/../lib/gcc/nios2-elf/12.1.1/../../../../../H-x86_64-mingw32/nios2-elf/lib\libsmallc.a(lib_a-int_errno.o)
 .debug_abbrev  0x0000000000001633      0x1e0 c:/intelfpga_lite/22.1std/nios2eds/bin/gnu/h-x86_64-mingw32/bin/../lib/gcc/nios2-elf/12.1.1/../../../../../H-x86_64-mingw32/nios2-elf/lib\libsmallc.a(lib_a-writer.o)
 .debug_abbrev  0x0000000000001813      0x10c c:/intelfpga_lite/22.1std/nios2eds/bin/gnu/h-x86_64-mingw32/bin/../lib/gcc/nios2-elf/12.1.1\libgcc.a(lib2-divmod.o)
 .debug_abbrev  0x000000000000191f      0x12c c:/Users/ailen/Desktop/licenta/Nios_custom_dma/software/nios_custom_dma_bsp/\libhal_bsp.a(alt_load.o)
 .debug_abbrev  0x0000000000001a4b       0xeb c:/Users/ailen/Desktop/licenta/Nios_custom_dma/software/nios_custom_dma_bsp/\libhal_bsp.a(alt_main.o)
 .debug_abbrev  0x0000000000001b36      0x201 c:/Users/ailen/Desktop/licenta/Nios_custom_dma/software/nios_custom_dma_bsp/\libhal_bsp.a(alt_malloc_lock.o)
 .debug_abbrev  0x0000000000001d37      0x147 c:/Users/ailen/Desktop/licenta/Nios_custom_dma/software/nios_custom_dma_bsp/\libhal_bsp.a(alt_sbrk.o)
 .debug_abbrev  0x0000000000001e7e      0x117 c:/Users/ailen/Desktop/licenta/Nios_custom_dma/software/nios_custom_dma_bsp/\libhal_bsp.a(alt_write.o)
 .debug_abbrev  0x0000000000001f95      0x107 c:/Users/ailen/Desktop/licenta/Nios_custom_dma/software/nios_custom_dma_bsp/\libhal_bsp.a(alt_sys_init.o)
 .debug_abbrev  0x000000000000209c       0xdc c:/Users/ailen/Desktop/licenta/Nios_custom_dma/software/nios_custom_dma_bsp/\libhal_bsp.a(altera_avalon_jtag_uart_write.o)
 .debug_abbrev  0x0000000000002178       0x60 c:/Users/ailen/Desktop/licenta/Nios_custom_dma/software/nios_custom_dma_bsp/\libhal_bsp.a(alt_dcache_flush_all.o)
 .debug_abbrev  0x00000000000021d8       0x70 c:/Users/ailen/Desktop/licenta/Nios_custom_dma/software/nios_custom_dma_bsp/\libhal_bsp.a(alt_errno.o)
 .debug_abbrev  0x0000000000002248       0x8a c:/Users/ailen/Desktop/licenta/Nios_custom_dma/software/nios_custom_dma_bsp/\libhal_bsp.a(alt_icache_flush_all.o)
 .debug_abbrev  0x00000000000022d2       0x43 c:/Users/ailen/Desktop/licenta/Nios_custom_dma/software/nios_custom_dma_bsp/\libhal_bsp.a(altera_nios2_gen2_irq.o)
 .debug_abbrev  0x0000000000002315       0xa0 c:/Users/ailen/Desktop/licenta/Nios_custom_dma/software/nios_custom_dma_bsp/\libhal_bsp.a(alt_icache_flush.o)
 .debug_abbrev  0x00000000000023b5       0xc1 c:/intelfpga_lite/22.1std/nios2eds/bin/gnu/h-x86_64-mingw32/bin/../lib/gcc/nios2-elf/12.1.1/../../../../../H-x86_64-mingw32/nios2-elf/lib\libsmallc.a(lib_a-memcpy.o)

.debug_line     0x0000000000000000     0x1dde
 *(.debug_line)
 .debug_line    0x0000000000000000       0x72 c:/Users/ailen/Desktop/licenta/Nios_custom_dma/software/nios_custom_dma_bsp//obj/HAL/src/crt0.o
 .debug_line    0x0000000000000072      0x33d obj/default/hello_world_small.o
 .debug_line    0x00000000000003af       0x93 c:/intelfpga_lite/22.1std/nios2eds/bin/gnu/h-x86_64-mingw32/bin/../lib/gcc/nios2-elf/12.1.1/../../../../../H-x86_64-mingw32/nios2-elf/lib\libsmallc.a(lib_a-malloc.o)
 .debug_line    0x0000000000000442       0x87 c:/intelfpga_lite/22.1std/nios2eds/bin/gnu/h-x86_64-mingw32/bin/../lib/gcc/nios2-elf/12.1.1/../../../../../H-x86_64-mingw32/nios2-elf/lib\libsmallc.a(lib_a-memset.o)
 .debug_line    0x00000000000004c9      0x1ac c:/intelfpga_lite/22.1std/nios2eds/bin/gnu/h-x86_64-mingw32/bin/../lib/gcc/nios2-elf/12.1.1/../../../../../H-x86_64-mingw32/nios2-elf/lib\libsmallc.a(lib_a-nano-freer.o)
 .debug_line    0x0000000000000675      0x2d7 c:/intelfpga_lite/22.1std/nios2eds/bin/gnu/h-x86_64-mingw32/bin/../lib/gcc/nios2-elf/12.1.1/../../../../../H-x86_64-mingw32/nios2-elf/lib\libsmallc.a(lib_a-nano-mallocr.o)
 .debug_line    0x000000000000094c       0xd4 c:/intelfpga_lite/22.1std/nios2eds/bin/gnu/h-x86_64-mingw32/bin/../lib/gcc/nios2-elf/12.1.1/../../../../../H-x86_64-mingw32/nios2-elf/lib\libsmallc.a(lib_a-printf.o)
 .debug_line    0x0000000000000a20       0xc2 c:/intelfpga_lite/22.1std/nios2eds/bin/gnu/h-x86_64-mingw32/bin/../lib/gcc/nios2-elf/12.1.1/../../../../../H-x86_64-mingw32/nios2-elf/lib\libsmallc.a(lib_a-puts.o)
 .debug_line    0x0000000000000ae2       0xa8 c:/intelfpga_lite/22.1std/nios2eds/bin/gnu/h-x86_64-mingw32/bin/../lib/gcc/nios2-elf/12.1.1/../../../../../H-x86_64-mingw32/nios2-elf/lib\libsmallc.a(lib_a-sbrkr.o)
 .debug_line    0x0000000000000b8a       0x7c c:/intelfpga_lite/22.1std/nios2eds/bin/gnu/h-x86_64-mingw32/bin/../lib/gcc/nios2-elf/12.1.1/../../../../../H-x86_64-mingw32/nios2-elf/lib\libsmallc.a(lib_a-strlen.o)
 .debug_line    0x0000000000000c06      0x589 c:/intelfpga_lite/22.1std/nios2eds/bin/gnu/h-x86_64-mingw32/bin/../lib/gcc/nios2-elf/12.1.1/../../../../../H-x86_64-mingw32/nios2-elf/lib\libsmallc.a(lib_a-vfprintf.o)
 .debug_line    0x000000000000118f       0xd7 c:/intelfpga_lite/22.1std/nios2eds/bin/gnu/h-x86_64-mingw32/bin/../lib/gcc/nios2-elf/12.1.1/../../../../../H-x86_64-mingw32/nios2-elf/lib\libsmallc.a(lib_a-fvwrite_small_dev.o)
 .debug_line    0x0000000000001266       0x51 c:/intelfpga_lite/22.1std/nios2eds/bin/gnu/h-x86_64-mingw32/bin/../lib/gcc/nios2-elf/12.1.1/../../../../../H-x86_64-mingw32/nios2-elf/lib\libsmallc.a(lib_a-impure.o)
 .debug_line    0x00000000000012b7       0x3a c:/intelfpga_lite/22.1std/nios2eds/bin/gnu/h-x86_64-mingw32/bin/../lib/gcc/nios2-elf/12.1.1/../../../../../H-x86_64-mingw32/nios2-elf/lib\libsmallc.a(lib_a-int_errno.o)
 .debug_line    0x00000000000012f1       0xae c:/intelfpga_lite/22.1std/nios2eds/bin/gnu/h-x86_64-mingw32/bin/../lib/gcc/nios2-elf/12.1.1/../../../../../H-x86_64-mingw32/nios2-elf/lib\libsmallc.a(lib_a-writer.o)
 .debug_line    0x000000000000139f      0x2e3 c:/intelfpga_lite/22.1std/nios2eds/bin/gnu/h-x86_64-mingw32/bin/../lib/gcc/nios2-elf/12.1.1\libgcc.a(lib2-divmod.o)
 .debug_line    0x0000000000001682       0xd2 c:/Users/ailen/Desktop/licenta/Nios_custom_dma/software/nios_custom_dma_bsp/\libhal_bsp.a(alt_load.o)
 .debug_line    0x0000000000001754       0xa2 c:/Users/ailen/Desktop/licenta/Nios_custom_dma/software/nios_custom_dma_bsp/\libhal_bsp.a(alt_main.o)
 .debug_line    0x00000000000017f6       0x6b c:/Users/ailen/Desktop/licenta/Nios_custom_dma/software/nios_custom_dma_bsp/\libhal_bsp.a(alt_malloc_lock.o)
 .debug_line    0x0000000000001861       0xea c:/Users/ailen/Desktop/licenta/Nios_custom_dma/software/nios_custom_dma_bsp/\libhal_bsp.a(alt_sbrk.o)
 .debug_line    0x000000000000194b       0xc5 c:/Users/ailen/Desktop/licenta/Nios_custom_dma/software/nios_custom_dma_bsp/\libhal_bsp.a(alt_write.o)
 .debug_line    0x0000000000001a10       0x8e c:/Users/ailen/Desktop/licenta/Nios_custom_dma/software/nios_custom_dma_bsp/\libhal_bsp.a(alt_sys_init.o)
 .debug_line    0x0000000000001a9e       0x93 c:/Users/ailen/Desktop/licenta/Nios_custom_dma/software/nios_custom_dma_bsp/\libhal_bsp.a(altera_avalon_jtag_uart_write.o)
 .debug_line    0x0000000000001b31       0x70 c:/Users/ailen/Desktop/licenta/Nios_custom_dma/software/nios_custom_dma_bsp/\libhal_bsp.a(alt_dcache_flush_all.o)
 .debug_line    0x0000000000001ba1       0x4c c:/Users/ailen/Desktop/licenta/Nios_custom_dma/software/nios_custom_dma_bsp/\libhal_bsp.a(alt_errno.o)
 .debug_line    0x0000000000001bed       0x67 c:/Users/ailen/Desktop/licenta/Nios_custom_dma/software/nios_custom_dma_bsp/\libhal_bsp.a(alt_icache_flush_all.o)
 .debug_line    0x0000000000001c54       0x54 c:/Users/ailen/Desktop/licenta/Nios_custom_dma/software/nios_custom_dma_bsp/\libhal_bsp.a(altera_nios2_gen2_irq.o)
 .debug_line    0x0000000000001ca8       0xaa c:/Users/ailen/Desktop/licenta/Nios_custom_dma/software/nios_custom_dma_bsp/\libhal_bsp.a(alt_icache_flush.o)
 .debug_line    0x0000000000001d52       0x8c c:/intelfpga_lite/22.1std/nios2eds/bin/gnu/h-x86_64-mingw32/bin/../lib/gcc/nios2-elf/12.1.1/../../../../../H-x86_64-mingw32/nios2-elf/lib\libsmallc.a(lib_a-memcpy.o)

.debug_frame    0x0000000000000000      0x5b0
 *(.debug_frame)
 .debug_frame   0x0000000000000000       0xc4 obj/default/hello_world_small.o
 .debug_frame   0x00000000000000c4       0x30 c:/intelfpga_lite/22.1std/nios2eds/bin/gnu/h-x86_64-mingw32/bin/../lib/gcc/nios2-elf/12.1.1/../../../../../H-x86_64-mingw32/nios2-elf/lib\libsmallc.a(lib_a-malloc.o)
 .debug_frame   0x00000000000000f4       0x20 c:/intelfpga_lite/22.1std/nios2eds/bin/gnu/h-x86_64-mingw32/bin/../lib/gcc/nios2-elf/12.1.1/../../../../../H-x86_64-mingw32/nios2-elf/lib\libsmallc.a(lib_a-memset.o)
 .debug_frame   0x0000000000000114       0x38 c:/intelfpga_lite/22.1std/nios2eds/bin/gnu/h-x86_64-mingw32/bin/../lib/gcc/nios2-elf/12.1.1/../../../../../H-x86_64-mingw32/nios2-elf/lib\libsmallc.a(lib_a-nano-freer.o)
 .debug_frame   0x000000000000014c       0x68 c:/intelfpga_lite/22.1std/nios2eds/bin/gnu/h-x86_64-mingw32/bin/../lib/gcc/nios2-elf/12.1.1/../../../../../H-x86_64-mingw32/nios2-elf/lib\libsmallc.a(lib_a-nano-mallocr.o)
 .debug_frame   0x00000000000001b4       0x48 c:/intelfpga_lite/22.1std/nios2eds/bin/gnu/h-x86_64-mingw32/bin/../lib/gcc/nios2-elf/12.1.1/../../../../../H-x86_64-mingw32/nios2-elf/lib\libsmallc.a(lib_a-printf.o)
 .debug_frame   0x00000000000001fc       0x48 c:/intelfpga_lite/22.1std/nios2eds/bin/gnu/h-x86_64-mingw32/bin/../lib/gcc/nios2-elf/12.1.1/../../../../../H-x86_64-mingw32/nios2-elf/lib\libsmallc.a(lib_a-puts.o)
 .debug_frame   0x0000000000000244       0x30 c:/intelfpga_lite/22.1std/nios2eds/bin/gnu/h-x86_64-mingw32/bin/../lib/gcc/nios2-elf/12.1.1/../../../../../H-x86_64-mingw32/nios2-elf/lib\libsmallc.a(lib_a-sbrkr.o)
 .debug_frame   0x0000000000000274       0x20 c:/intelfpga_lite/22.1std/nios2eds/bin/gnu/h-x86_64-mingw32/bin/../lib/gcc/nios2-elf/12.1.1/../../../../../H-x86_64-mingw32/nios2-elf/lib\libsmallc.a(lib_a-strlen.o)
 .debug_frame   0x0000000000000294       0x90 c:/intelfpga_lite/22.1std/nios2eds/bin/gnu/h-x86_64-mingw32/bin/../lib/gcc/nios2-elf/12.1.1/../../../../../H-x86_64-mingw32/nios2-elf/lib\libsmallc.a(lib_a-vfprintf.o)
 .debug_frame   0x0000000000000324       0x3c c:/intelfpga_lite/22.1std/nios2eds/bin/gnu/h-x86_64-mingw32/bin/../lib/gcc/nios2-elf/12.1.1/../../../../../H-x86_64-mingw32/nios2-elf/lib\libsmallc.a(lib_a-fvwrite_small_dev.o)
 .debug_frame   0x0000000000000360       0x30 c:/intelfpga_lite/22.1std/nios2eds/bin/gnu/h-x86_64-mingw32/bin/../lib/gcc/nios2-elf/12.1.1/../../../../../H-x86_64-mingw32/nios2-elf/lib\libsmallc.a(lib_a-writer.o)
 .debug_frame   0x0000000000000390       0x50 c:/intelfpga_lite/22.1std/nios2eds/bin/gnu/h-x86_64-mingw32/bin/../lib/gcc/nios2-elf/12.1.1\libgcc.a(lib2-divmod.o)
 .debug_frame   0x00000000000003e0       0x2c c:/Users/ailen/Desktop/licenta/Nios_custom_dma/software/nios_custom_dma_bsp/\libhal_bsp.a(alt_load.o)
 .debug_frame   0x000000000000040c       0x2c c:/Users/ailen/Desktop/licenta/Nios_custom_dma/software/nios_custom_dma_bsp/\libhal_bsp.a(alt_main.o)
 .debug_frame   0x0000000000000438       0x30 c:/Users/ailen/Desktop/licenta/Nios_custom_dma/software/nios_custom_dma_bsp/\libhal_bsp.a(alt_malloc_lock.o)
 .debug_frame   0x0000000000000468       0x20 c:/Users/ailen/Desktop/licenta/Nios_custom_dma/software/nios_custom_dma_bsp/\libhal_bsp.a(alt_sbrk.o)
 .debug_frame   0x0000000000000488       0x2c c:/Users/ailen/Desktop/licenta/Nios_custom_dma/software/nios_custom_dma_bsp/\libhal_bsp.a(alt_write.o)
 .debug_frame   0x00000000000004b4       0x3c c:/Users/ailen/Desktop/licenta/Nios_custom_dma/software/nios_custom_dma_bsp/\libhal_bsp.a(alt_sys_init.o)
 .debug_frame   0x00000000000004f0       0x20 c:/Users/ailen/Desktop/licenta/Nios_custom_dma/software/nios_custom_dma_bsp/\libhal_bsp.a(altera_avalon_jtag_uart_write.o)
 .debug_frame   0x0000000000000510       0x20 c:/Users/ailen/Desktop/licenta/Nios_custom_dma/software/nios_custom_dma_bsp/\libhal_bsp.a(alt_dcache_flush_all.o)
 .debug_frame   0x0000000000000530       0x20 c:/Users/ailen/Desktop/licenta/Nios_custom_dma/software/nios_custom_dma_bsp/\libhal_bsp.a(alt_icache_flush_all.o)
 .debug_frame   0x0000000000000550       0x20 c:/Users/ailen/Desktop/licenta/Nios_custom_dma/software/nios_custom_dma_bsp/\libhal_bsp.a(altera_nios2_gen2_irq.o)
 .debug_frame   0x0000000000000570       0x20 c:/Users/ailen/Desktop/licenta/Nios_custom_dma/software/nios_custom_dma_bsp/\libhal_bsp.a(alt_icache_flush.o)
 .debug_frame   0x0000000000000590       0x20 c:/intelfpga_lite/22.1std/nios2eds/bin/gnu/h-x86_64-mingw32/bin/../lib/gcc/nios2-elf/12.1.1/../../../../../H-x86_64-mingw32/nios2-elf/lib\libsmallc.a(lib_a-memcpy.o)

.debug_str      0x0000000000000000      0xdbf
 *(.debug_str)
 .debug_str     0x0000000000000000       0x6a c:/Users/ailen/Desktop/licenta/Nios_custom_dma/software/nios_custom_dma_bsp//obj/HAL/src/crt0.o
 .debug_str     0x000000000000006a      0x151 obj/default/hello_world_small.o
                                        0x1a9 (size before relaxing)
 .debug_str     0x00000000000001bb      0x327 c:/intelfpga_lite/22.1std/nios2eds/bin/gnu/h-x86_64-mingw32/bin/../lib/gcc/nios2-elf/12.1.1/../../../../../H-x86_64-mingw32/nios2-elf/lib\libsmallc.a(lib_a-malloc.o)
                                        0x3fb (size before relaxing)
 .debug_str     0x00000000000004e2       0xf5 c:/intelfpga_lite/22.1std/nios2eds/bin/gnu/h-x86_64-mingw32/bin/../lib/gcc/nios2-elf/12.1.1/../../../../../H-x86_64-mingw32/nios2-elf/lib\libsmallc.a(lib_a-memset.o)
 .debug_str     0x00000000000004e2       0x7a c:/intelfpga_lite/22.1std/nios2eds/bin/gnu/h-x86_64-mingw32/bin/../lib/gcc/nios2-elf/12.1.1/../../../../../H-x86_64-mingw32/nios2-elf/lib\libsmallc.a(lib_a-nano-freer.o)
                                        0x457 (size before relaxing)
 .debug_str     0x000000000000055c       0x67 c:/intelfpga_lite/22.1std/nios2eds/bin/gnu/h-x86_64-mingw32/bin/../lib/gcc/nios2-elf/12.1.1/../../../../../H-x86_64-mingw32/nios2-elf/lib\libsmallc.a(lib_a-nano-mallocr.o)
                                        0x4b6 (size before relaxing)
 .debug_str     0x00000000000005c3       0x6b c:/intelfpga_lite/22.1std/nios2eds/bin/gnu/h-x86_64-mingw32/bin/../lib/gcc/nios2-elf/12.1.1/../../../../../H-x86_64-mingw32/nios2-elf/lib\libsmallc.a(lib_a-printf.o)
                                        0x449 (size before relaxing)
 .debug_str     0x000000000000062e        0xf c:/intelfpga_lite/22.1std/nios2eds/bin/gnu/h-x86_64-mingw32/bin/../lib/gcc/nios2-elf/12.1.1/../../../../../H-x86_64-mingw32/nios2-elf/lib\libsmallc.a(lib_a-puts.o)
                                        0x3fa (size before relaxing)
 .debug_str     0x000000000000063d        0xa c:/intelfpga_lite/22.1std/nios2eds/bin/gnu/h-x86_64-mingw32/bin/../lib/gcc/nios2-elf/12.1.1/../../../../../H-x86_64-mingw32/nios2-elf/lib\libsmallc.a(lib_a-sbrkr.o)
                                        0x3e0 (size before relaxing)
 .debug_str     0x0000000000000647        0xa c:/intelfpga_lite/22.1std/nios2eds/bin/gnu/h-x86_64-mingw32/bin/../lib/gcc/nios2-elf/12.1.1/../../../../../H-x86_64-mingw32/nios2-elf/lib\libsmallc.a(lib_a-strlen.o)
                                         0xfb (size before relaxing)
 .debug_str     0x0000000000000647      0x298 c:/intelfpga_lite/22.1std/nios2eds/bin/gnu/h-x86_64-mingw32/bin/../lib/gcc/nios2-elf/12.1.1/../../../../../H-x86_64-mingw32/nios2-elf/lib\libsmallc.a(lib_a-vfprintf.o)
                                        0x787 (size before relaxing)
 .debug_str     0x00000000000008df       0x25 c:/intelfpga_lite/22.1std/nios2eds/bin/gnu/h-x86_64-mingw32/bin/../lib/gcc/nios2-elf/12.1.1/../../../../../H-x86_64-mingw32/nios2-elf/lib\libsmallc.a(lib_a-fvwrite_small_dev.o)
                                        0x404 (size before relaxing)
 .debug_str     0x0000000000000904       0x1f c:/intelfpga_lite/22.1std/nios2eds/bin/gnu/h-x86_64-mingw32/bin/../lib/gcc/nios2-elf/12.1.1/../../../../../H-x86_64-mingw32/nios2-elf/lib\libsmallc.a(lib_a-impure.o)
                                        0x3e9 (size before relaxing)
 .debug_str     0x0000000000000923       0xed c:/intelfpga_lite/22.1std/nios2eds/bin/gnu/h-x86_64-mingw32/bin/../lib/gcc/nios2-elf/12.1.1/../../../../../H-x86_64-mingw32/nios2-elf/lib\libsmallc.a(lib_a-int_errno.o)
 .debug_str     0x0000000000000923       0x1f c:/intelfpga_lite/22.1std/nios2eds/bin/gnu/h-x86_64-mingw32/bin/../lib/gcc/nios2-elf/12.1.1/../../../../../H-x86_64-mingw32/nios2-elf/lib\libsmallc.a(lib_a-writer.o)
                                        0x3e3 (size before relaxing)
 .debug_str     0x0000000000000923       0xc1 c:/intelfpga_lite/22.1std/nios2eds/bin/gnu/h-x86_64-mingw32/bin/../lib/gcc/nios2-elf/12.1.1\libgcc.a(lib2-divmod.o)
                                        0x116 (size before relaxing)
 .debug_str     0x00000000000009e4      0x119 c:/Users/ailen/Desktop/licenta/Nios_custom_dma/software/nios_custom_dma_bsp/\libhal_bsp.a(alt_load.o)
                                        0x205 (size before relaxing)
 .debug_str     0x0000000000000afd       0x4b c:/Users/ailen/Desktop/licenta/Nios_custom_dma/software/nios_custom_dma_bsp/\libhal_bsp.a(alt_main.o)
                                        0x135 (size before relaxing)
 .debug_str     0x0000000000000b48      0x122 c:/Users/ailen/Desktop/licenta/Nios_custom_dma/software/nios_custom_dma_bsp/\libhal_bsp.a(alt_malloc_lock.o)
                                        0x4c3 (size before relaxing)
 .debug_str     0x0000000000000c6a       0x6f c:/Users/ailen/Desktop/licenta/Nios_custom_dma/software/nios_custom_dma_bsp/\libhal_bsp.a(alt_sbrk.o)
                                        0x16f (size before relaxing)
 .debug_str     0x0000000000000cd9       0x62 c:/Users/ailen/Desktop/licenta/Nios_custom_dma/software/nios_custom_dma_bsp/\libhal_bsp.a(alt_write.o)
                                        0x15f (size before relaxing)
 .debug_str     0x0000000000000d3b       0x57 c:/Users/ailen/Desktop/licenta/Nios_custom_dma/software/nios_custom_dma_bsp/\libhal_bsp.a(alt_sys_init.o)
                                        0x187 (size before relaxing)
 .debug_str     0x0000000000000d92       0x57 c:/Users/ailen/Desktop/licenta/Nios_custom_dma/software/nios_custom_dma_bsp/\libhal_bsp.a(altera_avalon_jtag_uart_write.o)
                                        0x159 (size before relaxing)
 .debug_str     0x0000000000000d92       0xfa c:/Users/ailen/Desktop/licenta/Nios_custom_dma/software/nios_custom_dma_bsp/\libhal_bsp.a(alt_dcache_flush_all.o)
 .debug_str     0x0000000000000d92        0x8 c:/Users/ailen/Desktop/licenta/Nios_custom_dma/software/nios_custom_dma_bsp/\libhal_bsp.a(alt_errno.o)
                                         0xf7 (size before relaxing)
 .debug_str     0x0000000000000d9a       0x11 c:/Users/ailen/Desktop/licenta/Nios_custom_dma/software/nios_custom_dma_bsp/\libhal_bsp.a(alt_icache_flush_all.o)
                                        0x113 (size before relaxing)
 .debug_str     0x0000000000000dab      0x100 c:/Users/ailen/Desktop/licenta/Nios_custom_dma/software/nios_custom_dma_bsp/\libhal_bsp.a(altera_nios2_gen2_irq.o)
 .debug_str     0x0000000000000dab      0x104 c:/Users/ailen/Desktop/licenta/Nios_custom_dma/software/nios_custom_dma_bsp/\libhal_bsp.a(alt_icache_flush.o)
 .debug_str     0x0000000000000dab       0x14 c:/intelfpga_lite/22.1std/nios2eds/bin/gnu/h-x86_64-mingw32/bin/../lib/gcc/nios2-elf/12.1.1/../../../../../H-x86_64-mingw32/nios2-elf/lib\libsmallc.a(lib_a-memcpy.o)
                                        0x109 (size before relaxing)

.debug_loc
 *(.debug_loc)

.debug_macinfo
 *(.debug_macinfo)

.debug_weaknames
 *(.debug_weaknames)

.debug_funcnames
 *(.debug_funcnames)

.debug_typenames
 *(.debug_typenames)

.debug_varnames
 *(.debug_varnames)

.debug_alt_sim_info
                0x0000000000000000       0x30
 *(.debug_alt_sim_info)
 .debug_alt_sim_info
                0x0000000000000000       0x30 c:/Users/ailen/Desktop/licenta/Nios_custom_dma/software/nios_custom_dma_bsp//obj/HAL/src/crt0.o
                0x0000000000034000                __alt_data_end = 0x34000
                0x0000000000034000                PROVIDE (__alt_stack_pointer = __alt_data_end)
                [!provide]                        PROVIDE (__alt_stack_limit = __alt_stack_base)
                0x00000000000219a8                PROVIDE (__alt_heap_start = end)
                0x0000000000034000                PROVIDE (__alt_heap_limit = 0x34000)
OUTPUT(nios_custom_dma.elf elf32-littlenios2)
LOAD linker stubs

.debug_ranges   0x0000000000000000       0x20
 .debug_ranges  0x0000000000000000       0x20 c:/Users/ailen/Desktop/licenta/Nios_custom_dma/software/nios_custom_dma_bsp//obj/HAL/src/crt0.o

.debug_loclists
                0x0000000000000000     0x16be
 .debug_loclists
                0x0000000000000000      0x192 obj/default/hello_world_small.o
 .debug_loclists
                0x0000000000000192       0x48 c:/intelfpga_lite/22.1std/nios2eds/bin/gnu/h-x86_64-mingw32/bin/../lib/gcc/nios2-elf/12.1.1/../../../../../H-x86_64-mingw32/nios2-elf/lib\libsmallc.a(lib_a-malloc.o)
 .debug_loclists
                0x00000000000001da       0x7c c:/intelfpga_lite/22.1std/nios2eds/bin/gnu/h-x86_64-mingw32/bin/../lib/gcc/nios2-elf/12.1.1/../../../../../H-x86_64-mingw32/nios2-elf/lib\libsmallc.a(lib_a-memset.o)
 .debug_loclists
                0x0000000000000256       0xcf c:/intelfpga_lite/22.1std/nios2eds/bin/gnu/h-x86_64-mingw32/bin/../lib/gcc/nios2-elf/12.1.1/../../../../../H-x86_64-mingw32/nios2-elf/lib\libsmallc.a(lib_a-nano-freer.o)
 .debug_loclists
                0x0000000000000325      0x26c c:/intelfpga_lite/22.1std/nios2eds/bin/gnu/h-x86_64-mingw32/bin/../lib/gcc/nios2-elf/12.1.1/../../../../../H-x86_64-mingw32/nios2-elf/lib\libsmallc.a(lib_a-nano-mallocr.o)
 .debug_loclists
                0x0000000000000591       0xaa c:/intelfpga_lite/22.1std/nios2eds/bin/gnu/h-x86_64-mingw32/bin/../lib/gcc/nios2-elf/12.1.1/../../../../../H-x86_64-mingw32/nios2-elf/lib\libsmallc.a(lib_a-printf.o)
 .debug_loclists
                0x000000000000063b       0x73 c:/intelfpga_lite/22.1std/nios2eds/bin/gnu/h-x86_64-mingw32/bin/../lib/gcc/nios2-elf/12.1.1/../../../../../H-x86_64-mingw32/nios2-elf/lib\libsmallc.a(lib_a-puts.o)
 .debug_loclists
                0x00000000000006ae       0x4c c:/intelfpga_lite/22.1std/nios2eds/bin/gnu/h-x86_64-mingw32/bin/../lib/gcc/nios2-elf/12.1.1/../../../../../H-x86_64-mingw32/nios2-elf/lib\libsmallc.a(lib_a-sbrkr.o)
 .debug_loclists
                0x00000000000006fa       0x32 c:/intelfpga_lite/22.1std/nios2eds/bin/gnu/h-x86_64-mingw32/bin/../lib/gcc/nios2-elf/12.1.1/../../../../../H-x86_64-mingw32/nios2-elf/lib\libsmallc.a(lib_a-strlen.o)
 .debug_loclists
                0x000000000000072c      0x7fc c:/intelfpga_lite/22.1std/nios2eds/bin/gnu/h-x86_64-mingw32/bin/../lib/gcc/nios2-elf/12.1.1/../../../../../H-x86_64-mingw32/nios2-elf/lib\libsmallc.a(lib_a-vfprintf.o)
 .debug_loclists
                0x0000000000000f28       0xc5 c:/intelfpga_lite/22.1std/nios2eds/bin/gnu/h-x86_64-mingw32/bin/../lib/gcc/nios2-elf/12.1.1/../../../../../H-x86_64-mingw32/nios2-elf/lib\libsmallc.a(lib_a-fvwrite_small_dev.o)
 .debug_loclists
                0x0000000000000fed       0x88 c:/intelfpga_lite/22.1std/nios2eds/bin/gnu/h-x86_64-mingw32/bin/../lib/gcc/nios2-elf/12.1.1/../../../../../H-x86_64-mingw32/nios2-elf/lib\libsmallc.a(lib_a-writer.o)
 .debug_loclists
                0x0000000000001075      0x37a c:/intelfpga_lite/22.1std/nios2eds/bin/gnu/h-x86_64-mingw32/bin/../lib/gcc/nios2-elf/12.1.1\libgcc.a(lib2-divmod.o)
 .debug_loclists
                0x00000000000013ef       0x46 c:/Users/ailen/Desktop/licenta/Nios_custom_dma/software/nios_custom_dma_bsp/\libhal_bsp.a(alt_sbrk.o)
 .debug_loclists
                0x0000000000001435       0x7b c:/Users/ailen/Desktop/licenta/Nios_custom_dma/software/nios_custom_dma_bsp/\libhal_bsp.a(alt_write.o)
 .debug_loclists
                0x00000000000014b0       0x1e c:/Users/ailen/Desktop/licenta/Nios_custom_dma/software/nios_custom_dma_bsp/\libhal_bsp.a(alt_sys_init.o)
 .debug_loclists
                0x00000000000014ce       0x5e c:/Users/ailen/Desktop/licenta/Nios_custom_dma/software/nios_custom_dma_bsp/\libhal_bsp.a(altera_avalon_jtag_uart_write.o)
 .debug_loclists
                0x000000000000152c       0x1c c:/Users/ailen/Desktop/licenta/Nios_custom_dma/software/nios_custom_dma_bsp/\libhal_bsp.a(alt_dcache_flush_all.o)
 .debug_loclists
                0x0000000000001548       0xaa c:/Users/ailen/Desktop/licenta/Nios_custom_dma/software/nios_custom_dma_bsp/\libhal_bsp.a(alt_icache_flush.o)
 .debug_loclists
                0x00000000000015f2       0xcc c:/intelfpga_lite/22.1std/nios2eds/bin/gnu/h-x86_64-mingw32/bin/../lib/gcc/nios2-elf/12.1.1/../../../../../H-x86_64-mingw32/nios2-elf/lib\libsmallc.a(lib_a-memcpy.o)

.debug_rnglists
                0x0000000000000000      0x23a
 .debug_rnglists
                0x0000000000000000       0x1b obj/default/hello_world_small.o
 .debug_rnglists
                0x000000000000001b       0x19 c:/intelfpga_lite/22.1std/nios2eds/bin/gnu/h-x86_64-mingw32/bin/../lib/gcc/nios2-elf/12.1.1/../../../../../H-x86_64-mingw32/nios2-elf/lib\libsmallc.a(lib_a-malloc.o)
 .debug_rnglists
                0x0000000000000034       0x13 c:/intelfpga_lite/22.1std/nios2eds/bin/gnu/h-x86_64-mingw32/bin/../lib/gcc/nios2-elf/12.1.1/../../../../../H-x86_64-mingw32/nios2-elf/lib\libsmallc.a(lib_a-memset.o)
 .debug_rnglists
                0x0000000000000047       0x20 c:/intelfpga_lite/22.1std/nios2eds/bin/gnu/h-x86_64-mingw32/bin/../lib/gcc/nios2-elf/12.1.1/../../../../../H-x86_64-mingw32/nios2-elf/lib\libsmallc.a(lib_a-nano-freer.o)
 .debug_rnglists
                0x0000000000000067       0x31 c:/intelfpga_lite/22.1std/nios2eds/bin/gnu/h-x86_64-mingw32/bin/../lib/gcc/nios2-elf/12.1.1/../../../../../H-x86_64-mingw32/nios2-elf/lib\libsmallc.a(lib_a-nano-mallocr.o)
 .debug_rnglists
                0x0000000000000098       0x19 c:/intelfpga_lite/22.1std/nios2eds/bin/gnu/h-x86_64-mingw32/bin/../lib/gcc/nios2-elf/12.1.1/../../../../../H-x86_64-mingw32/nios2-elf/lib\libsmallc.a(lib_a-printf.o)
 .debug_rnglists
                0x00000000000000b1       0x1a c:/intelfpga_lite/22.1std/nios2eds/bin/gnu/h-x86_64-mingw32/bin/../lib/gcc/nios2-elf/12.1.1/../../../../../H-x86_64-mingw32/nios2-elf/lib\libsmallc.a(lib_a-puts.o)
 .debug_rnglists
                0x00000000000000cb       0x13 c:/intelfpga_lite/22.1std/nios2eds/bin/gnu/h-x86_64-mingw32/bin/../lib/gcc/nios2-elf/12.1.1/../../../../../H-x86_64-mingw32/nios2-elf/lib\libsmallc.a(lib_a-sbrkr.o)
 .debug_rnglists
                0x00000000000000de       0x13 c:/intelfpga_lite/22.1std/nios2eds/bin/gnu/h-x86_64-mingw32/bin/../lib/gcc/nios2-elf/12.1.1/../../../../../H-x86_64-mingw32/nios2-elf/lib\libsmallc.a(lib_a-strlen.o)
 .debug_rnglists
                0x00000000000000f1       0x84 c:/intelfpga_lite/22.1std/nios2eds/bin/gnu/h-x86_64-mingw32/bin/../lib/gcc/nios2-elf/12.1.1/../../../../../H-x86_64-mingw32/nios2-elf/lib\libsmallc.a(lib_a-vfprintf.o)
 .debug_rnglists
                0x0000000000000175       0x14 c:/intelfpga_lite/22.1std/nios2eds/bin/gnu/h-x86_64-mingw32/bin/../lib/gcc/nios2-elf/12.1.1/../../../../../H-x86_64-mingw32/nios2-elf/lib\libsmallc.a(lib_a-fvwrite_small_dev.o)
 .debug_rnglists
                0x0000000000000189       0x13 c:/intelfpga_lite/22.1std/nios2eds/bin/gnu/h-x86_64-mingw32/bin/../lib/gcc/nios2-elf/12.1.1/../../../../../H-x86_64-mingw32/nios2-elf/lib\libsmallc.a(lib_a-writer.o)
 .debug_rnglists
                0x000000000000019c       0x3f c:/intelfpga_lite/22.1std/nios2eds/bin/gnu/h-x86_64-mingw32/bin/../lib/gcc/nios2-elf/12.1.1\libgcc.a(lib2-divmod.o)
 .debug_rnglists
                0x00000000000001db       0x23 c:/Users/ailen/Desktop/licenta/Nios_custom_dma/software/nios_custom_dma_bsp/\libhal_bsp.a(alt_load.o)
 .debug_rnglists
                0x00000000000001fe       0x16 c:/Users/ailen/Desktop/licenta/Nios_custom_dma/software/nios_custom_dma_bsp/\libhal_bsp.a(alt_write.o)
 .debug_rnglists
                0x0000000000000214       0x13 c:/Users/ailen/Desktop/licenta/Nios_custom_dma/software/nios_custom_dma_bsp/\libhal_bsp.a(alt_icache_flush.o)
 .debug_rnglists
                0x0000000000000227       0x13 c:/intelfpga_lite/22.1std/nios2eds/bin/gnu/h-x86_64-mingw32/bin/../lib/gcc/nios2-elf/12.1.1/../../../../../H-x86_64-mingw32/nios2-elf/lib\libsmallc.a(lib_a-memcpy.o)

.debug_line_str
                0x0000000000000000      0xd2f
 .debug_line_str
                0x0000000000000000      0x18c obj/default/hello_world_small.o
                                        0x1fc (size before relaxing)
 .debug_line_str
                0x000000000000018c      0x22a c:/intelfpga_lite/22.1std/nios2eds/bin/gnu/h-x86_64-mingw32/bin/../lib/gcc/nios2-elf/12.1.1/../../../../../H-x86_64-mingw32/nios2-elf/lib\libsmallc.a(lib_a-malloc.o)
                                        0x304 (size before relaxing)
 .debug_line_str
                0x00000000000003b6       0xfb c:/intelfpga_lite/22.1std/nios2eds/bin/gnu/h-x86_64-mingw32/bin/../lib/gcc/nios2-elf/12.1.1/../../../../../H-x86_64-mingw32/nios2-elf/lib\libsmallc.a(lib_a-memset.o)
                                        0x294 (size before relaxing)
 .debug_line_str
                0x00000000000004b1       0x42 c:/intelfpga_lite/22.1std/nios2eds/bin/gnu/h-x86_64-mingw32/bin/../lib/gcc/nios2-elf/12.1.1/../../../../../H-x86_64-mingw32/nios2-elf/lib\libsmallc.a(lib_a-nano-freer.o)
                                        0x316 (size before relaxing)
 .debug_line_str
                0x00000000000004f3       0x7e c:/intelfpga_lite/22.1std/nios2eds/bin/gnu/h-x86_64-mingw32/bin/../lib/gcc/nios2-elf/12.1.1/../../../../../H-x86_64-mingw32/nios2-elf/lib\libsmallc.a(lib_a-nano-mallocr.o)
                                        0x39c (size before relaxing)
 .debug_line_str
                0x0000000000000571      0x10a c:/intelfpga_lite/22.1std/nios2eds/bin/gnu/h-x86_64-mingw32/bin/../lib/gcc/nios2-elf/12.1.1/../../../../../H-x86_64-mingw32/nios2-elf/lib\libsmallc.a(lib_a-printf.o)
                                        0x319 (size before relaxing)
 .debug_line_str
                0x000000000000067b       0x39 c:/intelfpga_lite/22.1std/nios2eds/bin/gnu/h-x86_64-mingw32/bin/../lib/gcc/nios2-elf/12.1.1/../../../../../H-x86_64-mingw32/nios2-elf/lib\libsmallc.a(lib_a-puts.o)
                                        0x30b (size before relaxing)
 .debug_line_str
                0x00000000000006b4       0xee c:/intelfpga_lite/22.1std/nios2eds/bin/gnu/h-x86_64-mingw32/bin/../lib/gcc/nios2-elf/12.1.1/../../../../../H-x86_64-mingw32/nios2-elf/lib\libsmallc.a(lib_a-sbrkr.o)
                                        0x2fb (size before relaxing)
 .debug_line_str
                0x00000000000007a2       0x3c c:/intelfpga_lite/22.1std/nios2eds/bin/gnu/h-x86_64-mingw32/bin/../lib/gcc/nios2-elf/12.1.1/../../../../../H-x86_64-mingw32/nios2-elf/lib\libsmallc.a(lib_a-strlen.o)
                                        0x294 (size before relaxing)
 .debug_line_str
                0x00000000000007de       0x97 c:/intelfpga_lite/22.1std/nios2eds/bin/gnu/h-x86_64-mingw32/bin/../lib/gcc/nios2-elf/12.1.1/../../../../../H-x86_64-mingw32/nios2-elf/lib\libsmallc.a(lib_a-vfprintf.o)
                                        0x379 (size before relaxing)
 .debug_line_str
                0x0000000000000875       0x46 c:/intelfpga_lite/22.1std/nios2eds/bin/gnu/h-x86_64-mingw32/bin/../lib/gcc/nios2-elf/12.1.1/../../../../../H-x86_64-mingw32/nios2-elf/lib\libsmallc.a(lib_a-fvwrite_small_dev.o)
                                        0x31f (size before relaxing)
 .debug_line_str
                0x00000000000008bb       0x3b c:/intelfpga_lite/22.1std/nios2eds/bin/gnu/h-x86_64-mingw32/bin/../lib/gcc/nios2-elf/12.1.1/../../../../../H-x86_64-mingw32/nios2-elf/lib\libsmallc.a(lib_a-impure.o)
                                        0x29b (size before relaxing)
 .debug_line_str
                0x00000000000008f6       0x3e c:/intelfpga_lite/22.1std/nios2eds/bin/gnu/h-x86_64-mingw32/bin/../lib/gcc/nios2-elf/12.1.1/../../../../../H-x86_64-mingw32/nios2-elf/lib\libsmallc.a(lib_a-int_errno.o)
                                        0x1be (size before relaxing)
 .debug_line_str
                0x0000000000000934       0x44 c:/intelfpga_lite/22.1std/nios2eds/bin/gnu/h-x86_64-mingw32/bin/../lib/gcc/nios2-elf/12.1.1/../../../../../H-x86_64-mingw32/nios2-elf/lib\libsmallc.a(lib_a-writer.o)
                                        0x307 (size before relaxing)
 .debug_line_str
                0x0000000000000978       0xe1 c:/intelfpga_lite/22.1std/nios2eds/bin/gnu/h-x86_64-mingw32/bin/../lib/gcc/nios2-elf/12.1.1\libgcc.a(lib2-divmod.o)
                                        0x197 (size before relaxing)
 .debug_line_str
                0x0000000000000a59       0x96 c:/Users/ailen/Desktop/licenta/Nios_custom_dma/software/nios_custom_dma_bsp/\libhal_bsp.a(alt_load.o)
                                        0x117 (size before relaxing)
 .debug_line_str
                0x0000000000000aef       0x4a c:/Users/ailen/Desktop/licenta/Nios_custom_dma/software/nios_custom_dma_bsp/\libhal_bsp.a(alt_main.o)
                                        0x116 (size before relaxing)
 .debug_line_str
                0x0000000000000b39       0x73 c:/Users/ailen/Desktop/licenta/Nios_custom_dma/software/nios_custom_dma_bsp/\libhal_bsp.a(alt_malloc_lock.o)
                                        0x1b6 (size before relaxing)
 .debug_line_str
                0x0000000000000bac       0x13 c:/Users/ailen/Desktop/licenta/Nios_custom_dma/software/nios_custom_dma_bsp/\libhal_bsp.a(alt_sbrk.o)
                                        0x143 (size before relaxing)
 .debug_line_str
                0x0000000000000bbf       0x20 c:/Users/ailen/Desktop/licenta/Nios_custom_dma/software/nios_custom_dma_bsp/\libhal_bsp.a(alt_write.o)
                                        0x1af (size before relaxing)
 .debug_line_str
                0x0000000000000bdf       0x4f c:/Users/ailen/Desktop/licenta/Nios_custom_dma/software/nios_custom_dma_bsp/\libhal_bsp.a(alt_sys_init.o)
                                        0x127 (size before relaxing)
 .debug_line_str
                0x0000000000000c2e       0x38 c:/Users/ailen/Desktop/licenta/Nios_custom_dma/software/nios_custom_dma_bsp/\libhal_bsp.a(altera_avalon_jtag_uart_write.o)
                                        0x15a (size before relaxing)
 .debug_line_str
                0x0000000000000c66       0x1f c:/Users/ailen/Desktop/licenta/Nios_custom_dma/software/nios_custom_dma_bsp/\libhal_bsp.a(alt_dcache_flush_all.o)
                                         0xf5 (size before relaxing)
 .debug_line_str
                0x0000000000000c85       0x14 c:/Users/ailen/Desktop/licenta/Nios_custom_dma/software/nios_custom_dma_bsp/\libhal_bsp.a(alt_errno.o)
                                        0x148 (size before relaxing)
 .debug_line_str
                0x0000000000000c99       0x1f c:/Users/ailen/Desktop/licenta/Nios_custom_dma/software/nios_custom_dma_bsp/\libhal_bsp.a(alt_icache_flush_all.o)
                                        0x125 (size before relaxing)
 .debug_line_str
                0x0000000000000cb8       0x20 c:/Users/ailen/Desktop/licenta/Nios_custom_dma/software/nios_custom_dma_bsp/\libhal_bsp.a(altera_nios2_gen2_irq.o)
                                         0xf8 (size before relaxing)
 .debug_line_str
                0x0000000000000cd8       0x1b c:/Users/ailen/Desktop/licenta/Nios_custom_dma/software/nios_custom_dma_bsp/\libhal_bsp.a(alt_icache_flush.o)
                                         0xff (size before relaxing)
 .debug_line_str
                0x0000000000000cf3       0x3c c:/intelfpga_lite/22.1std/nios2eds/bin/gnu/h-x86_64-mingw32/bin/../lib/gcc/nios2-elf/12.1.1/../../../../../H-x86_64-mingw32/nios2-elf/lib\libsmallc.a(lib_a-memcpy.o)
                                        0x294 (size before relaxing)
